Archive member included to satisfy reference by file (symbol)

build/cooja/contiki-ng-cooja.a(simEnvChange.o)
                              build/cooja/mtype742665649.o (simDontFallAsleep)
build/cooja/contiki-ng-cooja.a(cooja_mt.o)
                              build/cooja/mtype742665649.o (cooja_mt_start)
build/cooja/contiki-ng-cooja.a(cooja_mtarch.o)
                              build/cooja/contiki-ng-cooja.a(cooja_mt.o) (cooja_mtarch_start)
build/cooja/contiki-ng-cooja.a(rtimer-arch.o)
                              build/cooja/mtype742665649.o (rtimer_arch_check)
build/cooja/contiki-ng-cooja.a(beep.o)
                              build/cooja/mtype742665649.o (beep_interface)
build/cooja/contiki-ng-cooja.a(leds-arch.o)
                              build/cooja/mtype742665649.o (leds_interface)
build/cooja/contiki-ng-cooja.a(moteid.o)
                              build/cooja/mtype742665649.o (moteid_interface)
build/cooja/contiki-ng-cooja.a(pir-sensor.o)
                              build/cooja/mtype742665649.o (pir_interface)
build/cooja/contiki-ng-cooja.a(rs232.o)
                              build/cooja/mtype742665649.o (rs232_interface)
build/cooja/contiki-ng-cooja.a(vib-sensor.o)
                              build/cooja/mtype742665649.o (vib_interface)
build/cooja/contiki-ng-cooja.a(clock.o)
                              build/cooja/mtype742665649.o (clock_interface)
build/cooja/contiki-ng-cooja.a(cooja-log.o)
                              build/cooja/mtype742665649.o (simlog_interface)
build/cooja/contiki-ng-cooja.a(cfs-cooja.o)
                              build/cooja/mtype742665649.o (cfs_interface)
build/cooja/contiki-ng-cooja.a(cooja-radio.o)
                              build/cooja/mtype742665649.o (radio_interface)
build/cooja/contiki-ng-cooja.a(eeprom.o)
                              build/cooja/mtype742665649.o (eeprom_interface)
build/cooja/contiki-ng-cooja.a(random.o)
                              build/cooja/contiki-ng-cooja.a(moteid.o) (random_init)
build/cooja/contiki-ng-cooja.a(sensors.o)
                              build/cooja/contiki-ng-cooja.a(pir-sensor.o) (sensors_changed)
build/cooja/contiki-ng-cooja.a(leds.o)
                              build/cooja/contiki-ng-cooja.a(leds-arch.o) (leds_get)
build/cooja/contiki-ng-cooja.a(gpio-hal-arch.o)
                              build/cooja/contiki-ng-cooja.a(leds-arch.o) (gpio_hal_arch_register_pin_callback)
build/cooja/contiki-ng-cooja.a(buttons.o)
                              build/cooja/mtype742665649.o (button_interface)
build/cooja/contiki-ng-cooja.a(mqtt.o)
                              mqttSensorHumi.o (mqtt_register)
build/cooja/contiki-ng-cooja.a(contiki-main.o)
                              build/cooja/mtype742665649.o (main)
build/cooja/contiki-ng-cooja.a(autostart.o)
                              build/cooja/contiki-ng-cooja.a(contiki-main.o) (autostart_start)
build/cooja/contiki-ng-cooja.a(ctimer.o)
                              build/cooja/contiki-ng-cooja.a(contiki-main.o) (ctimer_init)
build/cooja/contiki-ng-cooja.a(energest.o)
                              build/cooja/contiki-ng-cooja.a(contiki-main.o) (energest_init)
build/cooja/contiki-ng-cooja.a(etimer.o)
                              build/cooja/contiki-ng-cooja.a(contiki-main.o) (etimer_process)
build/cooja/contiki-ng-cooja.a(log.o)
                              build/cooja/contiki-ng-cooja.a(contiki-main.o) (curr_log_level_main)
build/cooja/contiki-ng-cooja.a(node-id.o)
                              build/cooja/contiki-ng-cooja.a(contiki-main.o) (node_id)
build/cooja/contiki-ng-cooja.a(process.o)
                              build/cooja/contiki-ng-cooja.a(mqtt.o) (process_current)
build/cooja/contiki-ng-cooja.a(rtimer.o)
                              build/cooja/contiki-ng-cooja.a(contiki-main.o) (rtimer_init)
build/cooja/contiki-ng-cooja.a(timer.o)
                              build/cooja/contiki-ng-cooja.a(mqtt.o) (timer_set)
build/cooja/contiki-ng-cooja.a(list.o)
                              build/cooja/contiki-ng-cooja.a(mqtt.o) (list_init)
build/cooja/contiki-ng-cooja.a(button-hal.o)
                              build/cooja/mtype742665649.o (button_hal_init)
build/cooja/contiki-ng-cooja.a(gpio-hal.o)
                              build/cooja/contiki-ng-cooja.a(button-hal.o) (gpio_hal_register_handler)
build/cooja/contiki-ng-cooja.a(serial-line.o)
                              build/cooja/contiki-ng-cooja.a(rs232.o) (serial_line_input_byte)
build/cooja/contiki-ng-cooja.a(linkaddr.o)
                              mqttSensorHumi.o (linkaddr_node_addr)
build/cooja/contiki-ng-cooja.a(netstack.o)
                              build/cooja/contiki-ng-cooja.a(contiki-main.o) (netstack_init)
build/cooja/contiki-ng-cooja.a(packetbuf.o)
                              build/cooja/contiki-ng-cooja.a(cooja-radio.o) (packetbuf_clear)
build/cooja/contiki-ng-cooja.a(queuebuf.o)
[...]
Memory Configuration

Name             Origin             Length             Attributes
*default*        0x0000000000000000 0xffffffffffffffff

Linker script and memory map

LOAD /usr/lib/gcc/x86_64-linux-gnu/11/../../../x86_64-linux-gnu/crti.o
LOAD /usr/lib/gcc/x86_64-linux-gnu/11/crtbeginS.o
LOAD mqttSensorHumi.o
LOAD build/cooja/mtype742665649.o
LOAD build/cooja/contiki-ng-cooja.a
LOAD /usr/lib/gcc/x86_64-linux-gnu/11/libgcc.a
LOAD /usr/lib/gcc/x86_64-linux-gnu/11/libgcc_s.so
START GROUP
LOAD /usr/lib/gcc/x86_64-linux-gnu/11/../../../x86_64-linux-gnu/libgcc_s.so.1
LOAD /usr/lib/gcc/x86_64-linux-gnu/11/libgcc.a
END GROUP
LOAD /usr/lib/gcc/x86_64-linux-gnu/11/../../../x86_64-linux-gnu/libc.so
START GROUP
LOAD /lib/x86_64-linux-gnu/libc.so.6
LOAD /usr/lib/x86_64-linux-gnu/libc_nonshared.a
LOAD /lib64/ld-linux-x86-64.so.2
END GROUP
LOAD /usr/lib/gcc/x86_64-linux-gnu/11/libgcc.a
LOAD /usr/lib/gcc/x86_64-linux-gnu/11/libgcc_s.so
START GROUP
LOAD /usr/lib/gcc/x86_64-linux-gnu/11/../../../x86_64-linux-gnu/libgcc_s.so.1
LOAD /usr/lib/gcc/x86_64-linux-gnu/11/libgcc.a
END GROUP
LOAD /usr/lib/gcc/x86_64-linux-gnu/11/crtendS.o
LOAD /usr/lib/gcc/x86_64-linux-gnu/11/../../../x86_64-linux-gnu/crtn.o
                0x00000000000002a8                . = (SEGMENT_START ("text-segment", 0x0) + SIZEOF_HEADERS)

.note.gnu.property
                0x00000000000002a8       0x20
 .note.gnu.property
                0x00000000000002a8       0x20 /usr/lib/gcc/x86_64-linux-gnu/11/../../../x86_64-linux-gnu/crti.o

.note.gnu.build-id
                0x00000000000002c8       0x24
 *(.note.gnu.build-id)
 .note.gnu.build-id
                0x00000000000002c8       0x24 /usr/lib/gcc/x86_64-linux-gnu/11/../../../x86_64-linux-gnu/crti.o

.hash
 *(.hash)

.gnu.hash       0x00000000000002f0     0x14bc
 *(.gnu.hash)
 .gnu.hash      0x00000000000002f0     0x14bc /usr/lib/gcc/x86_64-linux-gnu/11/../../../x86_64-linux-gnu/crti.o

.dynsym         0x00000000000017b0     0x4098
 *(.dynsym)
 .dynsym        0x00000000000017b0     0x4098 /usr/lib/gcc/x86_64-linux-gnu/11/../../../x86_64-linux-gnu/crti.o

.dynstr         0x0000000000005848     0x30ce
 *(.dynstr)
 .dynstr        0x0000000000005848     0x30ce /usr/lib/gcc/x86_64-linux-gnu/11/../../../x86_64-linux-gnu/crti.o

.gnu.version    0x0000000000008916      0x562
 *(.gnu.version)
 .gnu.version   0x0000000000008916      0x562 /usr/lib/gcc/x86_64-linux-gnu/11/../../../x86_64-linux-gnu/crti.o

.gnu.version_d  0x0000000000008e78        0x0
 *(.gnu.version_d)
 .gnu.version_d
                0x0000000000008e78        0x0 /usr/lib/gcc/x86_64-linux-gnu/11/../../../x86_64-linux-gnu/crti.o

.gnu.version_r  0x0000000000008e78       0x40
 *(.gnu.version_r)
 .gnu.version_r
                0x0000000000008e78       0x40 /usr/lib/gcc/x86_64-linux-gnu/11/../../../x86_64-linux-gnu/crti.o

.rela.dyn       0x0000000000008eb8     0x1ef0
 *(.rela.init)
 *(.rela.text .rela.text.* .rela.gnu.linkonce.t.*)
 .rela.text     0x0000000000008eb8        0x0 /usr/lib/gcc/x86_64-linux-gnu/11/../../../x86_64-linux-gnu/crti.o
 *(.rela.fini)
 *(.rela.rodata .rela.rodata.* .rela.gnu.linkonce.r.*)
 *(.rela.data .rela.data.* .rela.gnu.linkonce.d.*)
 .rela.data.rel.local
                0x0000000000008eb8      0x720 /usr/lib/gcc/x86_64-linux-gnu/11/../../../x86_64-linux-gnu/crti.o
 .rela.data.rel.ro
                0x00000000000095d8      0x288 /usr/lib/gcc/x86_64-linux-gnu/11/../../../x86_64-linux-gnu/crti.o
 .rela.data.rel
                0x0000000000009860      0x3a8 /usr/lib/gcc/x86_64-linux-gnu/11/../../../x86_64-linux-gnu/crti.o
 .rela.data.rel.ro.local
                0x0000000000009c08      0x5a0 /usr/lib/gcc/x86_64-linux-gnu/11/../../../x86_64-linux-gnu/crti.o
 *(.rela.tdata .rela.tdata.* .rela.gnu.linkonce.td.*)
 *(.rela.tbss .rela.tbss.* .rela.gnu.linkonce.tb.*)
 *(.rela.ctors)
 *(.rela.dtors)
 *(.rela.got)
 .rela.got      0x000000000000a1a8      0xbd0 /usr/lib/gcc/x86_64-linux-gnu/11/../../../x86_64-linux-gnu/crti.o
 *(.rela.bss .rela.bss.* .rela.gnu.linkonce.b.*)
 *(.rela.ldata .rela.ldata.* .rela.gnu.linkonce.l.*)
 *(.rela.lbss .rela.lbss.* .rela.gnu.linkonce.lb.*)
 *(.rela.lrodata .rela.lrodata.* .rela.gnu.linkonce.lr.*)
 *(.rela.ifunc)
 .rela.ifunc    0x000000000000ad78        0x0 /usr/lib/gcc/x86_64-linux-gnu/11/../../../x86_64-linux-gnu/crti.o
 .rela.fini_array
                0x000000000000ad78       0x18 /usr/lib/gcc/x86_64-linux-gnu/11/../../../x86_64-linux-gnu/crti.o
 .rela.init_array
                0x000000000000ad90       0x18 /usr/lib/gcc/x86_64-linux-gnu/11/../../../x86_64-linux-gnu/crti.o

.rela.plt       0x000000000000ada8     0x22e0
 *(.rela.plt)
 .rela.plt      0x000000000000ada8     0x22e0 /usr/lib/gcc/x86_64-linux-gnu/11/../../../x86_64-linux-gnu/crti.o
 *(.rela.iplt)

.relr.dyn
 *(.relr.dyn)
                0x000000000000e000                . = ALIGN (CONSTANT (MAXPAGESIZE))

.init           0x000000000000e000       0x1b
 *(SORT_NONE(.init))
 .init          0x000000000000e000       0x16 /usr/lib/gcc/x86_64-linux-gnu/11/../../../x86_64-linux-gnu/crti.o
                0x000000000000e000                _init
 .init          0x000000000000e016        0x5 /usr/lib/gcc/x86_64-linux-gnu/11/../../../x86_64-linux-gnu/crtn.o

.plt            0x000000000000e020     0x1750
 *(.plt)
 .plt           0x000000000000e020     0x1750 /usr/lib/gcc/x86_64-linux-gnu/11/../../../x86_64-linux-gnu/crti.o
 *(.iplt)

.plt.got        0x000000000000f770       0x30
 *(.plt.got)
 .plt.got       0x000000000000f770       0x30 /usr/lib/gcc/x86_64-linux-gnu/11/../../../x86_64-linux-gnu/crti.o

.plt.sec        0x000000000000f7a0     0x1740
 *(.plt.sec)
 .plt.sec       0x000000000000f7a0     0x1740 /usr/lib/gcc/x86_64-linux-gnu/11/../../../x86_64-linux-gnu/crti.o

.text           0x0000000000010ee0    0x2171c
 *(.text.unlikely .text.*_unlikely .text.unlikely.*)
 *(.text.exit .text.exit.*)
 *(.text.startup .text.startup.*)
 *(.text.hot .text.hot.*)
 *(SORT_BY_NAME(.text.sorted.*))
 *(.text .stub .text.* .gnu.linkonce.t.*)
 .text          0x0000000000010ee0        0x0 /usr/lib/gcc/x86_64-linux-gnu/11/../../../x86_64-linux-gnu/crti.o
 .text          0x0000000000010ee0       0xb9 /usr/lib/gcc/x86_64-linux-gnu/11/crtbeginS.o
 .text          0x0000000000010f99      0x899 mqttSensorHumi.o
 .text          0x0000000000011832      0x374 build/cooja/mtype742665649.o
                0x00000000000118e8                platform_init_stage_one
                0x00000000000118fd                platform_init_stage_two
                0x0000000000011912                platform_init_stage_three
                0x0000000000011927                platform_main_loop
                0x00000000000119c1                JNI_OnLoad
                0x00000000000119d8                Java_org_contikios_cooja_corecomm_Lib26_init
                0x0000000000011a2b                Java_org_contikios_cooja_corecomm_Lib26_getMemory
                0x0000000000011a8a                Java_org_contikios_cooja_corecomm_Lib26_setMemory
                0x0000000000011ae9                Java_org_contikios_cooja_corecomm_Lib26_tick
                0x0000000000011b77                Java_org_contikios_cooja_corecomm_Lib26_setReferenceAddress
 .text          0x0000000000011ba6       0x93 build/cooja/contiki-ng-cooja.a(simEnvChange.o)
                0x0000000000011ba6                doActionsBeforeTick
                0x0000000000011bef                doActionsAfterTick
 .text          0x0000000000011c39       0xab build/cooja/contiki-ng-cooja.a(cooja_mt.o)
                0x0000000000011c39                cooja_mt_start
                0x0000000000011c79                cooja_mt_exec
                0x0000000000011cbc                cooja_mt_yield
 .text          0x0000000000011ce4      0x10e build/cooja/contiki-ng-cooja.a(cooja_mtarch.o)
                0x0000000000011ce4                cooja_mtarch_start
                0x0000000000011d87                cooja_sw
                0x0000000000011db4                cooja_mtarch_exec
                0x0000000000011de2                cooja_mtarch_yield
 .text          0x0000000000011df2       0xcc build/cooja/contiki-ng-cooja.a(rtimer-arch.o)
                0x0000000000011df2                rtimer_arch_init
                0x0000000000011e18                rtimer_arch_schedule
                0x0000000000011e42                rtimer_arch_next
                0x0000000000011e56                rtimer_arch_pending
                0x0000000000011e69                rtimer_arch_check
                0x0000000000011eaa                rtimer_arch_now
 .text          0x0000000000011ebe       0xe6 build/cooja/contiki-ng-cooja.a(beep.o)
                0x0000000000011ebe                beep_alarm
                0x0000000000011ed9                beep_beep
                0x0000000000011ef1                beep
                0x0000000000011f06                beep_down
                0x0000000000011f1e                beep_on
                0x0000000000011f33                beep_off
                0x0000000000011f48                beep_spinup
                0x0000000000011f5d                beep_quick
                0x0000000000011f75                beep_long
 .text          0x0000000000011fa4       0x80 build/cooja/contiki-ng-cooja.a(leds-arch.o)
                0x0000000000011fbd                leds_arch_init
 .text          0x0000000000012024       0x41 build/cooja/contiki-ng-cooja.a(moteid.o)
 .text          0x0000000000012065       0xfa build/cooja/contiki-ng-cooja.a(pir-sensor.o)
 .text          0x000000000001215f      0x18b build/cooja/contiki-ng-cooja.a(rs232.o)
                0x000000000001215f                rs232_init
                0x000000000001216a                rs232_set_speed
                0x000000000001217a                rs232_set_input
                0x0000000000012194                rs232_send
                0x00000000000121b3                rs232_print
                0x00000000000121e1                slip_arch_writeb
 .text          0x00000000000122ea       0xfa build/cooja/contiki-ng-cooja.a(vib-sensor.o)
 .text          0x00000000000123e4       0x6f build/cooja/contiki-ng-cooja.a(clock.o)
                0x00000000000123e4                clock_init
                0x00000000000123ef                clock_time
                0x0000000000012403                clock_seconds
                0x000000000001242f                clock_delay
 .text          0x0000000000012453      0x214 build/cooja/contiki-ng-cooja.a(cooja-log.o)
                0x0000000000012453                simlog_char
                0x00000000000124ad                simlog
                0x0000000000012532                log_message
                0x0000000000012577                log_set_putchar_with_slip
                0x000000000001258e                dbg_putchar
                0x000000000001260f                dbg_send_bytes
 .text          0x0000000000012667      0x39b build/cooja/contiki-ng-cooja.a(cfs-cooja.o)
                0x0000000000012667                cfs_open
                0x00000000000126e4                cfs_close
                0x00000000000126f9                cfs_read
                0x00000000000127c0                cfs_write
                0x00000000000128d0                cfs_seek
                0x000000000001297f                cfs_remove
                0x00000000000129af                cfs_opendir
                0x00000000000129c6                cfs_readdir
                0x00000000000129dd                cfs_closedir
 .text          0x0000000000012a02      0x79f build/cooja/contiki-ng-cooja.a(cooja-radio.o)
                0x0000000000012a61                radio_set_channel
                0x0000000000012a7b                radio_set_txpower
                0x0000000000012a98                radio_signal_strength_last
                0x0000000000012aab                radio_signal_strength_current
                0x0000000000012abe                radio_LQI
 .text          0x00000000000131a1      0x163 build/cooja/contiki-ng-cooja.a(eeprom.o)
                0x00000000000131a1                eeprom_init
                0x00000000000131b0                eeprom_read
                0x000000000001324f                eeprom_write
 .text          0x0000000000013304       0x2f build/cooja/contiki-ng-cooja.a(random.o)
                0x0000000000013304                random_init
                0x0000000000013324                random_rand
 .text          0x0000000000013333      0x35f build/cooja/contiki-ng-cooja.a(sensors.o)
                0x000000000001337c                sensors_first
                0x0000000000013390                sensors_next
                0x00000000000133bf                sensors_changed
                0x000000000001340c                sensors_find
 .text          0x0000000000013692      0x3ad build/cooja/contiki-ng-cooja.a(leds.o)
                0x0000000000013692                leds_init
                0x00000000000136dd                leds_single_on
                0x000000000001374a                leds_single_off
                0x00000000000137b7                leds_single_toggle
                0x00000000000137ef                leds_on
                0x0000000000013880                leds_off
                0x0000000000013911                leds_toggle
                0x000000000001396d                leds_set
                0x0000000000013996                leds_get
 .text          0x0000000000013a3f      0x41b build/cooja/contiki-ng-cooja.a(gpio-hal-arch.o)
                0x0000000000013a3f                gpio_hal_arch_register_pin_callback
                0x0000000000013ae6                gpio_hal_arch_init
                0x0000000000013b3c                gpio_hal_arch_no_port_interrupt_enable
                0x0000000000013b89                gpio_hal_arch_no_port_interrupt_disable
                0x0000000000013bd6                gpio_hal_arch_no_port_pin_cfg_set
                0x0000000000013c0c                gpio_hal_arch_no_port_pin_cfg_get
                0x0000000000013c40                gpio_hal_arch_no_port_pin_set_input
                0x0000000000013c53                gpio_hal_arch_no_port_pin_set_output
                0x0000000000013c66                gpio_hal_arch_no_port_set_pin
                0x0000000000013c8a                gpio_hal_arch_no_port_clear_pin
                0x0000000000013cae                gpio_hal_arch_no_port_read_pin
                0x0000000000013cdb                gpio_hal_arch_no_port_write_pin
                0x0000000000013d05                gpio_hal_arch_no_port_set_pins
                0x0000000000013d54                gpio_hal_arch_no_port_clear_pins
                0x0000000000013da3                gpio_hal_arch_no_port_read_pins
                0x0000000000013df1                gpio_hal_arch_no_port_write_pins
 .text          0x0000000000013e5a       0xa8 build/cooja/contiki-ng-cooja.a(buttons.o)
 .text          0x0000000000013f02     0x3e29 build/cooja/contiki-ng-cooja.a(mqtt.o)
                0x00000000000143a3                mqtt_decode_var_byte_int
                0x00000000000144a8                mqtt_encode_var_byte_int
                0x0000000000017593                mqtt_init
                0x000000000001766d                mqtt_register
                0x0000000000017735                mqtt_connect
                0x0000000000017875                mqtt_disconnect
                0x00000000000178c6                mqtt_subscribe
                0x00000000000179cf                mqtt_unsubscribe
                0x0000000000017ac8                mqtt_publish
                0x0000000000017c03                mqtt_set_username_password
                0x0000000000017cb4                mqtt_set_last_will
 .text          0x0000000000017d2b      0x400 build/cooja/contiki-ng-cooja.a(contiki-main.o)
                0x0000000000017d2b                main
 .text          0x000000000001812b       0xbd build/cooja/contiki-ng-cooja.a(autostart.o)
                0x000000000001812b                autostart_start
                0x000000000001818c                autostart_exit
 .text          0x00000000000181e8      0x441 build/cooja/contiki-ng-cooja.a(ctimer.o)
                0x000000000001834a                ctimer_init
                0x000000000001837f                ctimer_set
                0x00000000000183c3                ctimer_set_with_process
                0x000000000001847d                ctimer_reset
                0x00000000000184ee                ctimer_restart
                0x000000000001855f                ctimer_stop
                0x00000000000185bd                ctimer_expired
 .text          0x0000000000018629       0x25 build/cooja/contiki-ng-cooja.a(energest.o)
                0x0000000000018629                energest_init
                0x0000000000018634                energest_flush
                0x000000000001863f                energest_get_total_time
 .text          0x000000000001864e      0x57c build/cooja/contiki-ng-cooja.a(etimer.o)
                0x00000000000188f6                etimer_request_poll
                0x00000000000189a8                etimer_set
                0x00000000000189de                etimer_reset_with_new_interval
                0x0000000000018a19                etimer_reset
                0x0000000000018a44                etimer_restart
                0x0000000000018a6f                etimer_adjust
                0x0000000000018aa0                etimer_expired
                0x0000000000018abf                etimer_expiration_time
                0x0000000000018adf                etimer_start_time
                0x0000000000018af4                etimer_pending
                0x0000000000018b0e                etimer_next_expiration_time
                0x0000000000018b2f                etimer_stop
 .text          0x0000000000018bca      0x539 build/cooja/contiki-ng-cooja.a(log.o)
                0x0000000000018bca                log_6addr
                0x0000000000018c30                log_6addr_compact_snprint
                0x0000000000018d0b                log_6addr_compact
                0x0000000000018d71                log_lladdr
                0x0000000000018df1                log_lladdr_compact
                0x0000000000018e73                log_bytes
                0x0000000000018ed3                log_set_level
                0x0000000000018fe1                log_get_level
                0x0000000000019098                log_level_to_str
 .text          0x0000000000019103       0x36 build/cooja/contiki-ng-cooja.a(node-id.o)
                0x0000000000019103                node_id_init
 .text          0x0000000000019139      0x673 build/cooja/contiki-ng-cooja.a(process.o)
                0x0000000000019139                process_alloc_event
                0x0000000000019153                process_start
                0x00000000000193c3                process_exit
                0x00000000000193ef                process_init
                0x00000000000195e6                process_run
                0x000000000001961b                process_nevents
                0x000000000001963b                process_post
                0x0000000000019703                process_post_synch
                0x0000000000019751                process_poll
                0x000000000001978e                process_is_running
 .text          0x00000000000197ac      0x101 build/cooja/contiki-ng-cooja.a(rtimer.o)
                0x00000000000197ac                rtimer_init
                0x00000000000197bc                rtimer_set
                0x000000000001983d                rtimer_run_next
 .text          0x00000000000198ad       0xfd build/cooja/contiki-ng-cooja.a(timer.o)
                0x00000000000198ad                timer_set
                0x00000000000198dc                timer_reset
                0x0000000000019918                timer_restart
                0x0000000000019937                timer_expired
                0x0000000000019972                timer_remaining
 .text          0x00000000000199aa      0x39b build/cooja/contiki-ng-cooja.a(list.o)
                0x00000000000199aa                list_init
                0x00000000000199c4                list_head
                0x00000000000199d9                list_copy
                0x00000000000199fa                list_tail
                0x0000000000019a43                list_add
                0x0000000000019aa7                list_push
                0x0000000000019aea                list_chop
                0x0000000000019b77                list_pop
                0x0000000000019bb1                list_remove
                0x0000000000019c3d                list_length
                0x0000000000019c78                list_insert
                0x0000000000019cdb                list_item_next
                0x0000000000019cfe                list_contains
 .text          0x0000000000019d45      0x574 build/cooja/contiki-ng-cooja.a(button-hal.o)
                0x0000000000019f10                button_hal_get_by_id
                0x0000000000019f5e                button_hal_get_by_index
                0x0000000000019f95                button_hal_get_state
                0x0000000000019ff8                button_hal_init
 .text          0x000000000001a2b9      0x181 build/cooja/contiki-ng-cooja.a(gpio-hal.o)
                0x000000000001a2b9                gpio_hal_register_handler
                0x000000000001a2e2                gpio_hal_event_handler
                0x000000000001a34d                gpio_hal_init
                0x000000000001a36c                gpio_hal_arch_port_toggle_pin
                0x000000000001a3a3                gpio_hal_arch_port_toggle_pins
                0x000000000001a3d4                gpio_hal_arch_no_port_toggle_pin
                0x000000000001a40e                gpio_hal_arch_no_port_toggle_pins
 .text          0x000000000001a43a      0x238 build/cooja/contiki-ng-cooja.a(serial-line.o)
                0x000000000001a43a                serial_line_input_byte
                0x000000000001a635                serial_line_init
 .text          0x000000000001a672       0x80 build/cooja/contiki-ng-cooja.a(linkaddr.o)
                0x000000000001a672                linkaddr_copy
                0x000000000001a693                linkaddr_cmp
                0x000000000001a6c9                linkaddr_set_node_addr
 .text          0x000000000001a6f2      0x12b build/cooja/contiki-ng-cooja.a(netstack.o)
                0x000000000001a6f2                netstack_process_ip_callback
                0x000000000001a793                netstack_ip_packet_processor_add
                0x000000000001a7c3                uip_ds6_ip_packet_processor_rm
                0x000000000001a7ec                netstack_init
 .text          0x000000000001a81d      0x4a8 build/cooja/contiki-ng-cooja.a(packetbuf.o)
                0x000000000001a81d                packetbuf_clear
                0x000000000001a84b                packetbuf_copyfrom
                0x000000000001a8a4                packetbuf_copyto
                0x000000000001a94a                packetbuf_hdralloc
                0x000000000001a9d9                packetbuf_hdrreduce
                0x000000000001aa29                packetbuf_set_datalen
                0x000000000001aa45                packetbuf_dataptr
                0x000000000001aa6a                packetbuf_hdrptr
                0x000000000001aa7b                packetbuf_datalen
                0x000000000001aa8c                packetbuf_hdrlen
                0x000000000001aaa8                packetbuf_totlen
                0x000000000001aaca                packetbuf_remaininglen
                0x000000000001aae2                packetbuf_attr_clear
                0x000000000001ab47                packetbuf_attr_copyto
                0x000000000001ab92                packetbuf_attr_copyfrom
                0x000000000001abdd                packetbuf_set_attr
                0x000000000001ac0d                packetbuf_attr
                0x000000000001ac2e                packetbuf_set_addr
                0x000000000001ac74                packetbuf_addr
                0x000000000001ac9e                packetbuf_holds_broadcast
 .text          0x000000000001acc5      0x382 build/cooja/contiki-ng-cooja.a(queuebuf.o)
                0x000000000001acda                queuebuf_init
                0x000000000001ad03                queuebuf_numfree
                0x000000000001ad1c                queuebuf_new_from_packetbuf
                0x000000000001adcf                queuebuf_update_attr_from_packetbuf
                0x000000000001ae12                queuebuf_update_from_packetbuf
                0x000000000001ae6e                queuebuf_free
                0x000000000001aeca                queuebuf_to_packetbuf
                0x000000000001af43                queuebuf_dataptr
                0x000000000001af8a                queuebuf_datalen
                0x000000000001afba                queuebuf_addr
                0x000000000001b001                queuebuf_attr
                0x000000000001b03c                queuebuf_debug_print
 .text          0x000000000001b047      0x116 build/cooja/contiki-ng-cooja.a(printf.o)
                0x000000000001b07c                log_printf
 .text          0x000000000001b15d       0x1e build/cooja/contiki-ng-cooja.a(putchar.o)
                0x000000000001b15d                log_putchar
 .text          0x000000000001b17b       0x3d build/cooja/contiki-ng-cooja.a(puts.o)
                0x000000000001b17b                log_puts
 .text          0x000000000001b1b8      0x1f8 build/cooja/contiki-ng-cooja.a(snprintf.o)
                0x000000000001b243                log_snprintf
                0x000000000001b328                log_vsnprintf
 .text          0x000000000001b3b0      0x152 build/cooja/contiki-ng-cooja.a(sprintf.o)
                0x000000000001b3fb                log_sprintf
 .text          0x000000000001b502     0x170b build/cooja/contiki-ng-cooja.a(strformat.o)
                0x000000000001b875                format_str
                0x000000000001b956                format_str_v
 .text          0x000000000001cc0d      0x292 build/cooja/contiki-ng-cooja.a(csma.o)
 .text          0x000000000001ce9f     0x3747 build/cooja/contiki-ng-cooja.a(sicslowpan.o)
                0x000000000001d675                netstack_sniffer_add
                0x000000000001d68f                netstack_sniffer_remove
                0x00000000000205af                sicslowpan_init
                0x00000000000205d6                sicslowpan_get_last_rssi
 .text          0x00000000000205e6      0xbaa build/cooja/contiki-ng-cooja.a(tcp-socket.o)
                0x0000000000020d1f                tcp_socket_register
                0x0000000000020de7                tcp_socket_connect
                0x0000000000020ea4                tcp_socket_listen
                0x0000000000020f31                tcp_socket_unlisten
                0x0000000000020fbd                tcp_socket_send
                0x000000000002107a                tcp_socket_send_str
                0x00000000000210b1                tcp_socket_close
                0x00000000000210e6                tcp_socket_unregister
                0x000000000002114f                tcp_socket_max_sendlen
                0x0000000000021177                tcp_socket_queuelen
 .text          0x0000000000021190      0xc96 build/cooja/contiki-ng-cooja.a(tcpip.o)
                0x00000000000211c0                tcpip_output
                0x00000000000212c2                tcp_connect
                0x0000000000021329                tcp_unlisten
                0x0000000000021399                tcp_listen
                0x0000000000021405                tcp_attach
                0x0000000000021433                udp_attach
                0x0000000000021461                udp_new
                0x00000000000214bc                udp_broadcast_new
                0x00000000000217cf                tcpip_input
                0x00000000000219a7                tcpip_ipv6_output
                0x0000000000021c00                tcpip_poll_udp
                0x0000000000021c2e                tcpip_poll_tcp
                0x0000000000021c5c                tcpip_uipcall
 .text          0x0000000000021e26      0x416 build/cooja/contiki-ng-cooja.a(uip-ds6-nbr.o)
                0x0000000000021e26                uip_ds6_neighbors_init
                0x0000000000021e4f                uip_ds6_nbr_add
                0x0000000000021eed                uip_ds6_nbr_rm
                0x0000000000021f4a                uip_ds6_nbr_update_ll
                0x000000000002204f                uip_ds6_nbr_get_ipaddr
                0x000000000002206f                uip_ds6_nbr_get_ll
                0x0000000000022097                uip_ds6_nbr_num
                0x00000000000220e9                uip_ds6_nbr_head
                0x0000000000022102                uip_ds6_nbr_next
                0x000000000002212a                uip_ds6_nbr_lookup
                0x0000000000022193                uip_ds6_nbr_ll_lookup
                0x00000000000221bb                uip_ds6_nbr_ipaddr_from_lladdr
                0x00000000000221ef                uip_ds6_nbr_lladdr_from_ipaddr
                0x000000000002222b                uip_ds6_link_callback
 .text          0x000000000002223c      0x3f9 build/cooja/contiki-ng-cooja.a(uip-ds6-route.o)
                0x0000000000022293                uip_ds6_route_init
                0x00000000000222bc                uip_ds6_route_count_nexthop_neighbors
                0x00000000000222cb                uip_ds6_route_nexthop
                0x00000000000222de                uip_ds6_route_head
                0x00000000000222ed                uip_ds6_route_next
                0x0000000000022300                uip_ds6_route_is_nexthop
                0x0000000000022313                uip_ds6_route_num_routes
                0x0000000000022322                uip_ds6_route_lookup
                0x0000000000022335                uip_ds6_route_add
                0x0000000000022351                uip_ds6_route_rm
                0x0000000000022360                uip_ds6_route_rm_by_nexthop
                0x000000000002236f                uip_ds6_defrt_head
                0x0000000000022388                uip_ds6_defrt_add
                0x0000000000022448                uip_ds6_defrt_rm
                0x00000000000224be                uip_ds6_defrt_lookup
                0x0000000000022535                uip_ds6_defrt_choose
                0x00000000000225b8                uip_ds6_defrt_periodic
 .text          0x0000000000022635      0xebc build/cooja/contiki-ng-cooja.a(uip-ds6.o)
                0x0000000000022635                uip_ds6_default_prefix
                0x0000000000022646                uip_ds6_set_default_prefix
                0x000000000002266e                uip_ds6_init
                0x000000000002290d                uip_ds6_periodic
                0x00000000000229af                uip_ds6_list_loop
                0x0000000000022a98                uip_ds6_prefix_add
                0x0000000000022b69                uip_ds6_prefix_rm
                0x0000000000022b87                uip_ds6_prefix_lookup
                0x0000000000022bde                uip_ds6_is_addr_onlink
                0x0000000000022c72                uip_ds6_addr_add
                0x0000000000022dbd                uip_ds6_addr_rm
                0x0000000000022e78                uip_ds6_addr_lookup
                0x0000000000022ecd                uip_ds6_get_link_local
                0x0000000000022f72                uip_ds6_get_global
                0x0000000000023017                uip_ds6_maddr_add
                0x0000000000023093                uip_ds6_maddr_rm
                0x00000000000230b1                uip_ds6_maddr_lookup
                0x0000000000023109                uip_ds6_aaddr_add
                0x0000000000023185                uip_ds6_aaddr_rm
                0x00000000000231a3                uip_ds6_aaddr_lookup
                0x00000000000231fb                uip_ds6_select_src
                0x0000000000023385                uip_ds6_set_addr_iid
                0x00000000000233be                uip_ds6_set_lladdr_from_iid
                0x00000000000233f5                get_match_length
                0x00000000000234a3                uip_ds6_compute_reachable_time
 .text          0x00000000000234f1      0x1b9 build/cooja/contiki-ng-cooja.a(uip-packetqueue.o)
                0x0000000000023530                uip_packetqueue_new
                0x000000000002354a                uip_packetqueue_alloc
                0x00000000000235c4                uip_packetqueue_free
                0x000000000002361c                uip_packetqueue_buf
                0x0000000000023648                uip_packetqueue_buflen
                0x0000000000023677                uip_packetqueue_set_buflen
 .text          0x00000000000236aa     0x3915 build/cooja/contiki-ng-cooja.a(uip6.o)
                0x00000000000236aa                uip_add32
                0x00000000000238b4                uip_chksum
                0x000000000002399a                uip_icmp6chksum
                0x00000000000239ae                uip_tcpchksum
                0x00000000000239c2                uip_udpchksum
                0x00000000000239d6                uip_init
                0x0000000000023a9b                uip_connect
                0x0000000000023c45                uip_remove_ext_hdr
                0x0000000000023d46                uip_udp_new
                0x0000000000023eb2                uip_unlisten
                0x0000000000023f01                uip_listen
                0x0000000000024223                uip_process
                0x0000000000026e45                uip_htons
                0x0000000000026e68                uip_htonl
                0x0000000000026eb0                uip_send
 .text          0x0000000000026fbf      0x5b1 build/cooja/contiki-ng-cooja.a(uipbuf.o)
                0x0000000000026fbf                uipbuf_clear
                0x0000000000026ff1                uipbuf_add_ext_hdr
                0x0000000000027089                uipbuf_set_len
                0x00000000000270bb                uipbuf_set_len_field
                0x00000000000270ee                uipbuf_get_len_field
                0x0000000000027119                uipbuf_get_next_header
                0x000000000002728b                uipbuf_get_last_header
                0x000000000002731e                uipbuf_search_header
                0x00000000000273e5                uipbuf_get_attr
                0x0000000000027416                uipbuf_set_attr
                0x0000000000027456                uipbuf_set_default_attr
                0x0000000000027496                uipbuf_clear_attr
                0x00000000000274bd                uipbuf_set_attr_flag
                0x00000000000274e0                uipbuf_clr_attr_flag
                0x0000000000027509                uipbuf_is_attr_flag
                0x000000000002752e                uipbuf_init
 .text          0x0000000000027570      0x57d build/cooja/contiki-ng-cooja.a(uiplib.o)
                0x0000000000027570                uiplib_ip6addrconv
                0x000000000002774c                uiplib_ip4addrconv
                0x000000000002781e                uiplib_ipaddr_print
                0x0000000000027884                uiplib_ipaddr_snprint
 .text          0x0000000000027aed      0x66e build/cooja/contiki-ng-cooja.a(rpl.o)
                0x0000000000027aed                rpl_lollipop_greater_than
                0x0000000000027b51                rpl_get_global_address
                0x0000000000027cf1                rpl_link_callback
                0x0000000000027d5b                rpl_has_joined
                0x0000000000027d8e                rpl_is_reachable
                0x0000000000027e34                rpl_reset_prefix
                0x0000000000027eab                rpl_set_prefix_from_addr
                0x0000000000027fc6                rpl_set_prefix
                0x0000000000028130                rpl_set_leaf_only
                0x000000000002814a                rpl_get_leaf_only
 .text          0x000000000002815b       0x49 build/cooja/contiki-ng-cooja.a(watchdog.o)
                0x000000000002815b                watchdog_init
                0x0000000000028166                watchdog_start
                0x0000000000028171                watchdog_periodic
                0x000000000002818e                watchdog_stop
                0x0000000000028199                watchdog_reboot
 .text          0x00000000000281a4       0x61 build/cooja/contiki-ng-cooja.a(int-master.o)
                0x00000000000281a4                int_master_enable
                0x00000000000281b9                int_master_read_and_disable
                0x00000000000281d9                int_master_status_set
                0x00000000000281f0                int_master_is_enabled
 .text          0x0000000000028205      0x125 build/cooja/contiki-ng-cooja.a(stimer.o)
                0x0000000000028205                stimer_set
                0x0000000000028234                stimer_reset
                0x0000000000028270                stimer_restart
                0x000000000002828f                stimer_expired
                0x00000000000282d1                stimer_remaining
                0x0000000000028309                stimer_elapsed
 .text          0x000000000002832a      0x21a build/cooja/contiki-ng-cooja.a(memb.o)
                0x000000000002832a                memb_init
                0x000000000002838d                memb_alloc
                0x0000000000028407                memb_free
                0x000000000002849a                memb_inmemb
                0x00000000000284f1                memb_numfree
 .text          0x0000000000028544      0x19d build/cooja/contiki-ng-cooja.a(ringbuf.o)
                0x0000000000028544                ringbuf_init
                0x0000000000028585                ringbuf_put
                0x0000000000028614                ringbuf_get
                0x0000000000028692                ringbuf_size
                0x00000000000286ae                ringbuf_elements
 .text          0x00000000000286e1      0x481 build/cooja/contiki-ng-cooja.a(link-stats.o)
                0x00000000000286e1                link_stats_from_lladdr
                0x0000000000028709                link_stats_get_lladdr
                0x0000000000028731                link_stats_is_fresh
                0x0000000000028779                guess_etx_from_rssi
                0x00000000000287fe                link_stats_packet_sent
                0x0000000000028962                link_stats_input_callback
                0x0000000000028ac4                link_stats_reset
                0x0000000000028b20                link_stats_init
 .text          0x0000000000028b62      0xcb3 build/cooja/contiki-ng-cooja.a(nbr-table.o)
                0x0000000000028fc0                nbr_table_count_entries
                0x0000000000029062                nbr_table_gc_get_worst
                0x00000000000290a5                nbr_table_can_accept_new
                0x000000000002925a                nbr_table_entry_is_allowed
                0x0000000000029307                nbr_table_register
                0x0000000000029399                nbr_table_is_registered
                0x00000000000293f0                nbr_table_head
                0x000000000002945e                nbr_table_next
                0x00000000000294db                nbr_table_add_lladdr
                0x000000000002963b                nbr_table_get_from_lladdr
                0x000000000002969a                nbr_table_remove
                0x00000000000296f4                nbr_table_lock
                0x0000000000029729                nbr_table_unlock
                0x000000000002975e                nbr_table_get_lladdr
                0x00000000000297a1                nbr_table_clear
                0x00000000000297de                nbr_table_key_head
                0x00000000000297f7                nbr_table_key_next
 .text          0x0000000000029815      0x1e0 build/cooja/contiki-ng-cooja.a(mac-sequence.o)
                0x0000000000029815                mac_sequence_is_duplicate
                0x00000000000298f6                mac_sequence_register_seqno
 .text          0x00000000000299f5      0x451 build/cooja/contiki-ng-cooja.a(framer-802154.o)
                0x0000000000029b90                framer_802154_setup_params
 .text          0x0000000000029e46      0xae3 build/cooja/contiki-ng-cooja.a(csma-output.o)
                0x000000000002a628                csma_output_packet
                0x000000000002a8f1                csma_output_init
 .text          0x000000000002a929       0x3d build/cooja/contiki-ng-cooja.a(csma-security.o)
                0x000000000002a929                csma_security_create_frame
                0x000000000002a94f                csma_security_parse_frame
 .text          0x000000000002a966      0x8b7 build/cooja/contiki-ng-cooja.a(uip-icmp6.o)
                0x000000000002a9e3                uip_icmp6_input
                0x000000000002aa41                uip_icmp6_register_input_handler
                0x000000000002abd3                uip_icmp6_error_output
                0x000000000002af38                uip_icmp6_send
                0x000000000002b184                uip_icmp6_echo_reply_callback_add
                0x000000000002b1cb                uip_icmp6_echo_reply_callback_rm
                0x000000000002b1f4                uip_icmp6_init
 .text          0x000000000002b21d      0x87f build/cooja/contiki-ng-cooja.a(uip-nd6.o)
                0x000000000002ba82                uip_nd6_init
 .text          0x000000000002ba9c      0x7e7 build/cooja/contiki-ng-cooja.a(uip-sr.o)
                0x000000000002ba9c                uip_sr_num_nodes
                0x000000000002bb47                uip_sr_get_node
                0x000000000002bbaf                uip_sr_is_addr_reachable
                0x000000000002bc77                uip_sr_expire_parent
                0x000000000002bce6                uip_sr_update_node
                0x000000000002be5a                uip_sr_init
                0x000000000002be8d                uip_sr_node_head
                0x000000000002bea6                uip_sr_node_next
                0x000000000002bec4                uip_sr_periodic
                0x000000000002c000                uip_sr_free_all
                0x000000000002c07f                uip_sr_link_snprint
 .text          0x000000000002c283      0x35a build/cooja/contiki-ng-cooja.a(rpl-dag-root.o)
                0x000000000002c283                rpl_dag_root_print_links
                0x000000000002c3f8                rpl_dag_root_set_prefix
                0x000000000002c434                rpl_dag_root_start
                0x000000000002c59d                rpl_dag_root_is_root
 .text          0x000000000002c5dd     0x1219 build/cooja/contiki-ng-cooja.a(rpl-dag.o)
                0x000000000002c5dd                rpl_dag_state_to_str
                0x000000000002c63b                rpl_dag_get_root_ipaddr
                0x000000000002c685                rpl_dag_leave
                0x000000000002c730                rpl_dag_poison_and_leave
                0x000000000002c74e                rpl_dag_periodic
                0x000000000002c812                rpl_is_addr_in_our_dag
                0x000000000002c86e                rpl_get_default_instance
                0x000000000002c895                rpl_get_any_dag
                0x000000000002c902                rpl_refresh_routes
                0x000000000002c964                rpl_global_repair
                0x000000000002ca26                rpl_local_repair
                0x000000000002ca88                rpl_dag_ready_to_advertise
                0x000000000002cae0                rpl_dag_update_state
                0x000000000002d3a3                rpl_process_dio
                0x000000000002d445                rpl_process_dis
                0x000000000002d499                rpl_process_dao
                0x000000000002d542                rpl_process_dao_ack
                0x000000000002d5f2                rpl_process_hbh
                0x000000000002d651                rpl_dag_init_root
                0x000000000002d7d2                rpl_dag_init
 .text          0x000000000002d7f6      0xdef build/cooja/contiki-ng-cooja.a(rpl-ext-header.o)
                0x000000000002d7f6                rpl_ext_header_srh_get_next_hop
                0x000000000002d907                rpl_ext_header_srh_update
                0x000000000002df96                rpl_ext_header_hbh_update
                0x000000000002e336                rpl_ext_header_update
                0x000000000002e3e0                rpl_ext_header_remove
 .text          0x000000000002e5e5     0x16eb build/cooja/contiki-ng-cooja.a(rpl-icmp6.o)
                0x000000000002e779                rpl_icmp6_update_nbr_table
                0x000000000002e82e                rpl_icmp6_dis_output
                0x000000000002ef52                rpl_icmp6_dio_output
                0x000000000002f882                rpl_icmp6_dao_output
                0x000000000002fbf3                rpl_icmp6_dao_ack_output
                0x000000000002fc89                rpl_icmp6_init
 .text          0x000000000002fcd0      0x36f build/cooja/contiki-ng-cooja.a(rpl-mrhof.o)
 .text          0x000000000003003f       0x8c build/cooja/contiki-ng-cooja.a(rpl-nbr-policy.o)
                0x0000000000030087                rpl_nbr_gc_get_worst
 .text          0x00000000000300cb      0xadd build/cooja/contiki-ng-cooja.a(rpl-neighbor.o)
                0x000000000003015e                rpl_neighbor_snprint
                0x000000000003048c                rpl_neighbor_print_list
                0x0000000000030563                rpl_neighbor_count
                0x000000000003064e                rpl_neighbor_get_from_lladdr
                0x0000000000030679                rpl_neighbor_is_acceptable_parent
                0x00000000000306c5                rpl_neighbor_get_link_metric
                0x0000000000030711                rpl_neighbor_rank_via_nbr
                0x000000000003075d                rpl_neighbor_get_lladdr
                0x0000000000030788                rpl_neighbor_get_ipaddr
                0x00000000000307b6                rpl_neighbor_get_link_stats
                0x00000000000307e4                rpl_neighbor_is_fresh
                0x0000000000030812                rpl_neighbor_is_parent
                0x000000000003084b                rpl_neighbor_set_preferred_parent
                0x0000000000030902                rpl_neighbor_remove_all
                0x0000000000030968                rpl_neighbor_get_from_ipaddr
                0x0000000000030aa1                rpl_neighbor_select_best
                0x0000000000030b81                rpl_neighbor_init
 .text          0x0000000000030ba8      0xd3d build/cooja/contiki-ng-cooja.a(rpl-timers.o)
                0x0000000000030ba8                rpl_timers_schedule_periodic_dis
                0x0000000000030d5e                rpl_timers_dio_reset
                0x0000000000030ee2                rpl_timers_schedule_unicast_dio
                0x00000000000310c9                rpl_timers_schedule_dao
                0x00000000000311cf                rpl_timers_schedule_dao_ack
                0x0000000000031294                rpl_timers_notify_dao_ack
                0x0000000000031309                get_probing_delay
                0x0000000000031350                get_probing_target
                0x000000000003158e                rpl_schedule_probing
                0x00000000000315d5                rpl_schedule_probing_now
                0x0000000000031663                rpl_timers_unschedule_leaving
                0x00000000000316ad                rpl_timers_schedule_leaving
                0x000000000003170b                rpl_timers_init
                0x00000000000317bd                rpl_timers_stop_dag_timers
                0x000000000003185f                rpl_timers_unschedule_state_update
                0x000000000003188c                rpl_timers_schedule_state_update
 .text          0x00000000000318e5       0x34 build/cooja/contiki-ng-cooja.a(assert.o)
                0x00000000000318e5                _xassert
 .text          0x0000000000031919       0x3a build/cooja/contiki-ng-cooja.a(mac.o)
                0x0000000000031919                mac_call_sent_callback
 .text          0x0000000000031953      0xca9 build/cooja/contiki-ng-cooja.a(frame802154.o)
                0x0000000000031981                frame802154_get_pan_id
                0x0000000000031992                frame802154_set_pan_id
                0x00000000000319ae                frame802154_has_panid
                0x0000000000031b8d                frame802154_check_dest_panid
                0x0000000000031c2b                frame802154_is_broadcast_addr
                0x0000000000031c82                frame802154_extract_linkaddr
                0x0000000000031f1c                frame802154_hdrlen
                0x0000000000031f9b                frame802154_create_fcf
                0x000000000003206d                frame802154_create
                0x0000000000032217                frame802154_parse_fcf
                0x000000000003230e                frame802154_parse
 .text          0x00000000000325fc        0x0 /usr/lib/gcc/x86_64-linux-gnu/11/crtendS.o
 .text          0x00000000000325fc        0x0 /usr/lib/gcc/x86_64-linux-gnu/11/../../../x86_64-linux-gnu/crtn.o
 *(.gnu.warning)

.fini           0x00000000000325fc        0xd
 *(SORT_NONE(.fini))
 .fini          0x00000000000325fc        0x8 /usr/lib/gcc/x86_64-linux-gnu/11/../../../x86_64-linux-gnu/crti.o
                0x00000000000325fc                _fini
 .fini          0x0000000000032604        0x5 /usr/lib/gcc/x86_64-linux-gnu/11/../../../x86_64-linux-gnu/crtn.o
                [!provide]                        PROVIDE (__etext = .)
                [!provide]                        PROVIDE (_etext = .)
                [!provide]                        PROVIDE (etext = .)
                0x0000000000033000                . = ALIGN (CONSTANT (MAXPAGESIZE))
                0x0000000000033000                . = SEGMENT_START ("rodata-segment", (ALIGN (CONSTANT (MAXPAGESIZE)) + (. & (CONSTANT (MAXPAGESIZE) - 0x1))))

.rodata         0x0000000000033000      0xde5
 *(.rodata .rodata.* .gnu.linkonce.r.*)
 .rodata        0x0000000000033000      0x312 mqttSensorHumi.o
 .rodata        0x0000000000033312        0x6 build/cooja/contiki-ng-cooja.a(leds-arch.o)
                0x0000000000033312                leds_arch_leds
 .rodata        0x0000000000033318        0x4 build/cooja/contiki-ng-cooja.a(pir-sensor.o)
 .rodata        0x000000000003331c        0x3 build/cooja/contiki-ng-cooja.a(rs232.o)
 .rodata        0x000000000003331f        0xa build/cooja/contiki-ng-cooja.a(vib-sensor.o)
 *fill*         0x0000000000033329        0x7 
 .rodata        0x0000000000033330       0x26 build/cooja/contiki-ng-cooja.a(cfs-cooja.o)
 *fill*         0x0000000000033356        0x2 
 .rodata        0x0000000000033358       0x68 build/cooja/contiki-ng-cooja.a(cooja-radio.o)
 .rodata        0x00000000000333c0        0x8 build/cooja/contiki-ng-cooja.a(sensors.o)
 .rodata        0x00000000000333c8       0x14 build/cooja/contiki-ng-cooja.a(buttons.o)
                0x00000000000333d4                button_hal_button_count
 .rodata        0x00000000000333dc      0x29c build/cooja/contiki-ng-cooja.a(mqtt.o)
 .rodata        0x0000000000033678       0xf4 build/cooja/contiki-ng-cooja.a(contiki-main.o)
 .rodata        0x000000000003376c        0xf build/cooja/contiki-ng-cooja.a(ctimer.o)
 .rodata        0x000000000003377b        0xc build/cooja/contiki-ng-cooja.a(etimer.o)
 *fill*         0x0000000000033787        0x1 
 .rodata        0x0000000000033788       0xc0 build/cooja/contiki-ng-cooja.a(log.o)
 .rodata        0x0000000000033848       0x13 build/cooja/contiki-ng-cooja.a(button-hal.o)
 .rodata        0x000000000003385b        0xe build/cooja/contiki-ng-cooja.a(serial-line.o)
 *fill*         0x0000000000033869        0x7 
 .rodata        0x0000000000033870        0x8 build/cooja/contiki-ng-cooja.a(linkaddr.o)
                0x0000000000033870                linkaddr_null
 *fill*         0x0000000000033878        0x8 
 .rodata        0x0000000000033880      0x280 build/cooja/contiki-ng-cooja.a(strformat.o)
 .rodata        0x0000000000033b00        0x5 build/cooja/contiki-ng-cooja.a(csma.o)
 .rodata        0x0000000000033b05       0x1d build/cooja/contiki-ng-cooja.a(sicslowpan.o)
                0x0000000000033b05                unc_llconf
                0x0000000000033b09                unc_ctxconf
                0x0000000000033b0d                unc_mxconf
                0x0000000000033b11                llprefix
 .rodata        0x0000000000033b22       0x13 build/cooja/contiki-ng-cooja.a(tcp-socket.o)
 .rodata        0x0000000000033b35        0xd build/cooja/contiki-ng-cooja.a(tcpip.o)
 *fill*         0x0000000000033b42        0x6 
 .rodata        0x0000000000033b48       0x4c build/cooja/contiki-ng-cooja.a(uip-ds6-route.o)
 .rodata        0x0000000000033b94       0x48 build/cooja/contiki-ng-cooja.a(uip6.o)
 .rodata        0x0000000000033bdc       0x2d build/cooja/contiki-ng-cooja.a(uiplib.o)
 .rodata        0x0000000000033c09        0x9 build/cooja/contiki-ng-cooja.a(rpl.o)
 *fill*         0x0000000000033c12        0x6 
 .rodata        0x0000000000033c18       0x24 build/cooja/contiki-ng-cooja.a(csma-output.o)
 .rodata        0x0000000000033c3c       0x44 build/cooja/contiki-ng-cooja.a(uip-sr.o)
 .rodata        0x0000000000033c80       0xd7 build/cooja/contiki-ng-cooja.a(rpl-dag.o)
 *fill*         0x0000000000033d57        0x1 
 .rodata        0x0000000000033d58       0x58 build/cooja/contiki-ng-cooja.a(rpl-neighbor.o)
 .rodata        0x0000000000033db0        0xc build/cooja/contiki-ng-cooja.a(rpl-timers.o)
 *fill*         0x0000000000033dbc        0x4 
 .rodata        0x0000000000033dc0       0x25 build/cooja/contiki-ng-cooja.a(assert.o)

.rodata1
 *(.rodata1)

.eh_frame_hdr   0x0000000000033de8     0x18ec
 *(.eh_frame_hdr)
 .eh_frame_hdr  0x0000000000033de8     0x18ec mqttSensorHumi.o
                0x0000000000033de8                __GNU_EH_FRAME_HDR
 *(.eh_frame_entry .eh_frame_entry.*)

.eh_frame       0x00000000000356d8     0x6418
 *(.eh_frame)
 .eh_frame      0x00000000000356d8       0x40 /usr/lib/gcc/x86_64-linux-gnu/11/../../../x86_64-linux-gnu/crti.o
 .eh_frame      0x0000000000035718       0x18 /usr/lib/gcc/x86_64-linux-gnu/11/../../../x86_64-linux-gnu/crti.o
                                         0x30 (size before relaxing)
 .eh_frame      0x0000000000035730       0x18 /usr/lib/gcc/x86_64-linux-gnu/11/../../../x86_64-linux-gnu/crti.o
                                         0x30 (size before relaxing)
 .eh_frame      0x0000000000035748       0x88 mqttSensorHumi.o
                                         0xa0 (size before relaxing)
 .eh_frame      0x00000000000357d0      0x198 build/cooja/mtype742665649.o
                                        0x1b0 (size before relaxing)
 .eh_frame      0x0000000000035968       0x40 build/cooja/contiki-ng-cooja.a(simEnvChange.o)
                                         0x58 (size before relaxing)
 .eh_frame      0x00000000000359a8       0x60 build/cooja/contiki-ng-cooja.a(cooja_mt.o)
                                         0x78 (size before relaxing)
 .eh_frame      0x0000000000035a08       0x80 build/cooja/contiki-ng-cooja.a(cooja_mtarch.o)
                                         0x98 (size before relaxing)
 .eh_frame      0x0000000000035a88       0xc0 build/cooja/contiki-ng-cooja.a(rtimer-arch.o)
                                         0xd8 (size before relaxing)
 .eh_frame      0x0000000000035b48      0x160 build/cooja/contiki-ng-cooja.a(beep.o)
                                        0x178 (size before relaxing)
 .eh_frame      0x0000000000035ca8       0x80 build/cooja/contiki-ng-cooja.a(leds-arch.o)
                                         0x98 (size before relaxing)
 .eh_frame      0x0000000000035d28       0x40 build/cooja/contiki-ng-cooja.a(moteid.o)
                                         0x58 (size before relaxing)
 .eh_frame      0x0000000000035d68       0xa0 build/cooja/contiki-ng-cooja.a(pir-sensor.o)
                                         0xb8 (size before relaxing)
 .eh_frame      0x0000000000035e08      0x100 build/cooja/contiki-ng-cooja.a(rs232.o)
                                        0x118 (size before relaxing)
 .eh_frame      0x0000000000035f08       0xa0 build/cooja/contiki-ng-cooja.a(vib-sensor.o)
                                         0xb8 (size before relaxing)
 .eh_frame      0x0000000000035fa8       0xc0 build/cooja/contiki-ng-cooja.a(clock.o)
                                         0xd8 (size before relaxing)
 .eh_frame      0x0000000000036068      0x100 build/cooja/contiki-ng-cooja.a(cooja-log.o)
                                        0x118 (size before relaxing)
 .eh_frame      0x0000000000036168      0x160 build/cooja/contiki-ng-cooja.a(cfs-cooja.o)
                                        0x178 (size before relaxing)
 .eh_frame      0x00000000000362c8      0x360 build/cooja/contiki-ng-cooja.a(cooja-radio.o)
                                        0x378 (size before relaxing)
 .eh_frame      0x0000000000036628       0xa0 build/cooja/contiki-ng-cooja.a(eeprom.o)
                                         0xb8 (size before relaxing)
 .eh_frame      0x00000000000366c8       0x40 build/cooja/contiki-ng-cooja.a(random.o)
                                         0x58 (size before relaxing)
 .eh_frame      0x0000000000036708       0xc0 build/cooja/contiki-ng-cooja.a(sensors.o)
                                         0xd8 (size before relaxing)
 .eh_frame      0x00000000000367c8      0x120 build/cooja/contiki-ng-cooja.a(leds.o)
                                        0x138 (size before relaxing)
 .eh_frame      0x00000000000368e8      0x220 build/cooja/contiki-ng-cooja.a(gpio-hal-arch.o)
                                        0x238 (size before relaxing)
 .eh_frame      0x0000000000036b08       0xa0 build/cooja/contiki-ng-cooja.a(buttons.o)
                                         0xb8 (size before relaxing)
 .eh_frame      0x0000000000036ba8      0x4e0 build/cooja/contiki-ng-cooja.a(mqtt.o)
                                        0x4f8 (size before relaxing)
 .eh_frame      0x0000000000037088       0x20 build/cooja/contiki-ng-cooja.a(contiki-main.o)
                                         0x38 (size before relaxing)
 .eh_frame      0x00000000000370a8       0x40 build/cooja/contiki-ng-cooja.a(autostart.o)
                                         0x58 (size before relaxing)
 .eh_frame      0x00000000000370e8      0x100 build/cooja/contiki-ng-cooja.a(ctimer.o)
                                        0x118 (size before relaxing)
 .eh_frame      0x00000000000371e8       0x60 build/cooja/contiki-ng-cooja.a(energest.o)
                                         0x78 (size before relaxing)
 .eh_frame      0x0000000000037248      0x1e0 build/cooja/contiki-ng-cooja.a(etimer.o)
                                        0x1f8 (size before relaxing)
 .eh_frame      0x0000000000037428      0x120 build/cooja/contiki-ng-cooja.a(log.o)
                                        0x138 (size before relaxing)
 .eh_frame      0x0000000000037548       0x20 build/cooja/contiki-ng-cooja.a(node-id.o)
                                         0x38 (size before relaxing)
 .eh_frame      0x0000000000037568      0x1c8 build/cooja/contiki-ng-cooja.a(process.o)
                                        0x1e0 (size before relaxing)
 .eh_frame      0x0000000000037730       0x60 build/cooja/contiki-ng-cooja.a(rtimer.o)
                                         0x78 (size before relaxing)
 .eh_frame      0x0000000000037790       0xa0 build/cooja/contiki-ng-cooja.a(timer.o)
                                         0xb8 (size before relaxing)
 .eh_frame      0x0000000000037830      0x1a0 build/cooja/contiki-ng-cooja.a(list.o)
                                        0x1b8 (size before relaxing)
 .eh_frame      0x00000000000379d0      0x160 build/cooja/contiki-ng-cooja.a(button-hal.o)
                                        0x178 (size before relaxing)
 .eh_frame      0x0000000000037b30       0xe0 build/cooja/contiki-ng-cooja.a(gpio-hal.o)
                                         0xf8 (size before relaxing)
 .eh_frame      0x0000000000037c10       0x60 build/cooja/contiki-ng-cooja.a(serial-line.o)
                                         0x78 (size before relaxing)
 .eh_frame      0x0000000000037c70       0x60 build/cooja/contiki-ng-cooja.a(linkaddr.o)
                                         0x78 (size before relaxing)
 .eh_frame      0x0000000000037cd0       0x80 build/cooja/contiki-ng-cooja.a(netstack.o)
                                         0x98 (size before relaxing)
 .eh_frame      0x0000000000037d50      0x288 build/cooja/contiki-ng-cooja.a(packetbuf.o)
                                        0x2a0 (size before relaxing)
 .eh_frame      0x0000000000037fd8      0x1a0 build/cooja/contiki-ng-cooja.a(queuebuf.o)
                                        0x1b8 (size before relaxing)
 .eh_frame      0x0000000000038178       0x40 build/cooja/contiki-ng-cooja.a(printf.o)
                                         0x58 (size before relaxing)
 .eh_frame      0x00000000000381b8       0x20 build/cooja/contiki-ng-cooja.a(putchar.o)
                                         0x38 (size before relaxing)
 .eh_frame      0x00000000000381d8       0x20 build/cooja/contiki-ng-cooja.a(puts.o)
                                         0x38 (size before relaxing)
 .eh_frame      0x00000000000381f8       0x60 build/cooja/contiki-ng-cooja.a(snprintf.o)
                                         0x78 (size before relaxing)
 .eh_frame      0x0000000000038258       0x40 build/cooja/contiki-ng-cooja.a(sprintf.o)
                                         0x58 (size before relaxing)
 .eh_frame      0x0000000000038298      0x120 build/cooja/contiki-ng-cooja.a(strformat.o)
                                        0x138 (size before relaxing)
 .eh_frame      0x00000000000383b8       0xe0 build/cooja/contiki-ng-cooja.a(csma.o)
                                         0xf8 (size before relaxing)
 .eh_frame      0x0000000000038498      0x2e0 build/cooja/contiki-ng-cooja.a(sicslowpan.o)
                                        0x2f8 (size before relaxing)
 .eh_frame      0x0000000000038778      0x248 build/cooja/contiki-ng-cooja.a(tcp-socket.o)
                                        0x260 (size before relaxing)
 .eh_frame      0x00000000000389c0      0x308 build/cooja/contiki-ng-cooja.a(tcpip.o)
                                        0x320 (size before relaxing)
 .eh_frame      0x0000000000038cc8      0x1c0 build/cooja/contiki-ng-cooja.a(uip-ds6-nbr.o)
                                        0x1d8 (size before relaxing)
 .eh_frame      0x0000000000038e88      0x240 build/cooja/contiki-ng-cooja.a(uip-ds6-route.o)
                                        0x258 (size before relaxing)
 .eh_frame      0x00000000000390c8      0x328 build/cooja/contiki-ng-cooja.a(uip-ds6.o)
                                        0x340 (size before relaxing)
 .eh_frame      0x00000000000393f0       0xe0 build/cooja/contiki-ng-cooja.a(uip-packetqueue.o)
                                         0xf8 (size before relaxing)
 .eh_frame      0x00000000000394d0      0x2b0 build/cooja/contiki-ng-cooja.a(uip6.o)
                                        0x2c8 (size before relaxing)
 .eh_frame      0x0000000000039780      0x200 build/cooja/contiki-ng-cooja.a(uipbuf.o)
                                        0x218 (size before relaxing)
 .eh_frame      0x0000000000039980       0x80 build/cooja/contiki-ng-cooja.a(uiplib.o)
                                         0x98 (size before relaxing)
 .eh_frame      0x0000000000039a00      0x1e0 build/cooja/contiki-ng-cooja.a(rpl.o)
                                        0x1f8 (size before relaxing)
 .eh_frame      0x0000000000039be0       0xa0 build/cooja/contiki-ng-cooja.a(watchdog.o)
                                         0xb8 (size before relaxing)
 .eh_frame      0x0000000000039c80       0x80 build/cooja/contiki-ng-cooja.a(int-master.o)
                                         0x98 (size before relaxing)
 .eh_frame      0x0000000000039d00       0xc0 build/cooja/contiki-ng-cooja.a(stimer.o)
                                         0xd8 (size before relaxing)
 .eh_frame      0x0000000000039dc0       0xa0 build/cooja/contiki-ng-cooja.a(memb.o)
                                         0xb8 (size before relaxing)
 .eh_frame      0x0000000000039e60       0xa0 build/cooja/contiki-ng-cooja.a(ringbuf.o)
                                         0xb8 (size before relaxing)
 .eh_frame      0x0000000000039f00      0x120 build/cooja/contiki-ng-cooja.a(link-stats.o)
                                        0x138 (size before relaxing)
 .eh_frame      0x000000000003a020      0x3e0 build/cooja/contiki-ng-cooja.a(nbr-table.o)
                                        0x3f8 (size before relaxing)
 .eh_frame      0x000000000003a400       0x48 build/cooja/contiki-ng-cooja.a(mac-sequence.o)
                                         0x60 (size before relaxing)
 .eh_frame      0x000000000003a448       0xa8 build/cooja/contiki-ng-cooja.a(framer-802154.o)
                                         0xc0 (size before relaxing)
 .eh_frame      0x000000000003a4f0      0x1c8 build/cooja/contiki-ng-cooja.a(csma-output.o)
                                        0x1e0 (size before relaxing)
 .eh_frame      0x000000000003a6b8       0x40 build/cooja/contiki-ng-cooja.a(csma-security.o)
                                         0x58 (size before relaxing)
 .eh_frame      0x000000000003a6f8      0x148 build/cooja/contiki-ng-cooja.a(uip-icmp6.o)
                                        0x160 (size before relaxing)
 .eh_frame      0x000000000003a840       0x80 build/cooja/contiki-ng-cooja.a(uip-nd6.o)
                                         0x98 (size before relaxing)
 .eh_frame      0x000000000003a8c0      0x180 build/cooja/contiki-ng-cooja.a(uip-sr.o)
                                        0x198 (size before relaxing)
 .eh_frame      0x000000000003aa40       0xa0 build/cooja/contiki-ng-cooja.a(rpl-dag-root.o)
                                         0xb8 (size before relaxing)
 .eh_frame      0x000000000003aae0      0x360 build/cooja/contiki-ng-cooja.a(rpl-dag.o)
                                        0x378 (size before relaxing)
 .eh_frame      0x000000000003ae40      0x128 build/cooja/contiki-ng-cooja.a(rpl-ext-header.o)
                                        0x140 (size before relaxing)
 .eh_frame      0x000000000003af68      0x1c0 build/cooja/contiki-ng-cooja.a(rpl-icmp6.o)
                                        0x1d8 (size before relaxing)
 .eh_frame      0x000000000003b128      0x148 build/cooja/contiki-ng-cooja.a(rpl-mrhof.o)
                                        0x160 (size before relaxing)
 .eh_frame      0x000000000003b270       0x40 build/cooja/contiki-ng-cooja.a(rpl-nbr-policy.o)
                                         0x58 (size before relaxing)
 .eh_frame      0x000000000003b2b0      0x2b0 build/cooja/contiki-ng-cooja.a(rpl-neighbor.o)
                                        0x2c8 (size before relaxing)
 .eh_frame      0x000000000003b560      0x3a8 build/cooja/contiki-ng-cooja.a(rpl-timers.o)
                                        0x3c0 (size before relaxing)
 .eh_frame      0x000000000003b908       0x20 build/cooja/contiki-ng-cooja.a(assert.o)
                                         0x38 (size before relaxing)
 .eh_frame      0x000000000003b928       0x20 build/cooja/contiki-ng-cooja.a(mac.o)
                                         0x38 (size before relaxing)
 .eh_frame      0x000000000003b948      0x1a4 build/cooja/contiki-ng-cooja.a(frame802154.o)
                                        0x1c0 (size before relaxing)
 .eh_frame      0x000000000003baec        0x4 /usr/lib/gcc/x86_64-linux-gnu/11/crtendS.o
 *(.eh_frame.*)

.gcc_except_table
 *(.gcc_except_table .gcc_except_table.*)

.gnu_extab
 *(.gnu_extab*)

.exception_ranges
 *(.exception_ranges*)
                0x000000000003d6f0                . = DATA_SEGMENT_ALIGN (CONSTANT (MAXPAGESIZE), CONSTANT (COMMONPAGESIZE))

.eh_frame
 *(.eh_frame)
 *(.eh_frame.*)

.gnu_extab
 *(.gnu_extab)

.gcc_except_table
 *(.gcc_except_table .gcc_except_table.*)

.exception_ranges
 *(.exception_ranges*)

.tdata
 *(.tdata .tdata.* .gnu.linkonce.td.*)

.tbss
 *(.tbss .tbss.* .gnu.linkonce.tb.*)
 *(.tcommon)

.preinit_array
 *(.preinit_array)

.init_array     0x000000000003d6f0        0x8
 *(SORT_BY_INIT_PRIORITY(.init_array.*) SORT_BY_INIT_PRIORITY(.ctors.*))
 *(.init_array EXCLUDE_FILE(*crtend?.o *crtend.o *crtbegin?.o *crtbegin.o) .ctors)
 .init_array    0x000000000003d6f0        0x8 /usr/lib/gcc/x86_64-linux-gnu/11/crtbeginS.o

.fini_array     0x000000000003d6f8        0x8
 *(SORT_BY_INIT_PRIORITY(.fini_array.*) SORT_BY_INIT_PRIORITY(.dtors.*))
 *(.fini_array EXCLUDE_FILE(*crtend?.o *crtend.o *crtbegin?.o *crtbegin.o) .dtors)
 .fini_array    0x000000000003d6f8        0x8 /usr/lib/gcc/x86_64-linux-gnu/11/crtbeginS.o

.ctors
 *crtbegin.o(.ctors)
 *crtbegin?.o(.ctors)
 *(EXCLUDE_FILE(*crtend?.o *crtend.o) .ctors)
 *(SORT_BY_NAME(.ctors.*))
 *(.ctors)

.dtors
 *crtbegin.o(.dtors)
 *crtbegin?.o(.dtors)
 *(EXCLUDE_FILE(*crtend?.o *crtend.o) .dtors)
 *(SORT_BY_NAME(.dtors.*))
 *(.dtors)

.jcr
 *(.jcr)

.data.rel.ro    0x000000000003d700      0x350
 *(.data.rel.ro.local* .gnu.linkonce.d.rel.ro.local.*)
 .data.rel.ro.local
                0x000000000003d700       0x10 build/cooja/contiki-ng-cooja.a(beep.o)
                0x000000000003d700                beep_interface
 .data.rel.ro.local
                0x000000000003d710       0x10 build/cooja/contiki-ng-cooja.a(leds-arch.o)
                0x000000000003d710                leds_interface
 .data.rel.ro.local
                0x000000000003d720       0x10 build/cooja/contiki-ng-cooja.a(moteid.o)
                0x000000000003d720                moteid_interface
 *fill*         0x000000000003d730       0x10 
 .data.rel.ro.local
                0x000000000003d740       0x40 build/cooja/contiki-ng-cooja.a(pir-sensor.o)
                0x000000000003d740                pir_interface
                0x000000000003d760                pir_sensor
 .data.rel.ro.local
                0x000000000003d780       0x10 build/cooja/contiki-ng-cooja.a(rs232.o)
                0x000000000003d780                rs232_interface
 *fill*         0x000000000003d790       0x10 
 .data.rel.ro.local
                0x000000000003d7a0       0x40 build/cooja/contiki-ng-cooja.a(vib-sensor.o)
                0x000000000003d7a0                vib_interface
                0x000000000003d7c0                vib_sensor
 .data.rel.ro.local
                0x000000000003d7e0       0x10 build/cooja/contiki-ng-cooja.a(clock.o)
                0x000000000003d7e0                clock_interface
 .data.rel.ro.local
                0x000000000003d7f0       0x10 build/cooja/contiki-ng-cooja.a(cooja-log.o)
                0x000000000003d7f0                simlog_interface
 .data.rel.ro.local
                0x000000000003d800       0x10 build/cooja/contiki-ng-cooja.a(cfs-cooja.o)
                0x000000000003d800                cfs_interface
 *fill*         0x000000000003d810       0x10 
 .data.rel.ro.local
                0x000000000003d820       0x90 build/cooja/contiki-ng-cooja.a(cooja-radio.o)
                0x000000000003d820                radio_interface
                0x000000000003d840                cooja_radio_driver
 .data.rel.ro.local
                0x000000000003d8b0       0x10 build/cooja/contiki-ng-cooja.a(eeprom.o)
                0x000000000003d8b0                eeprom_interface
 .data.rel.ro.local
                0x000000000003d8c0       0x40 build/cooja/contiki-ng-cooja.a(buttons.o)
                0x000000000003d8c0                button_interface
                0x000000000003d8e0                button_sensor
 .data.rel.ro.local
                0x000000000003d900       0x38 build/cooja/contiki-ng-cooja.a(csma.o)
                0x000000000003d900                csma_driver
 *fill*         0x000000000003d938        0x8 
 .data.rel.ro.local
                0x000000000003d940       0x18 build/cooja/contiki-ng-cooja.a(framer-802154.o)
                0x000000000003d940                framer_802154
 *(.data.rel.ro .data.rel.ro.* .gnu.linkonce.d.rel.ro.*)
 .data.rel.ro   0x000000000003d958        0x0 /usr/lib/gcc/x86_64-linux-gnu/11/../../../x86_64-linux-gnu/crti.o
 *fill*         0x000000000003d958        0x8 
 .data.rel.ro   0x000000000003d960       0x10 mqttSensorHumi.o
                0x000000000003d960                autostart_processes
 *fill*         0x000000000003d970       0x10 
 .data.rel.ro   0x000000000003d980       0x20 build/cooja/contiki-ng-cooja.a(sicslowpan.o)
                0x000000000003d980                sicslowpan_driver
 .data.rel.ro   0x000000000003d9a0       0xa8 build/cooja/contiki-ng-cooja.a(rpl.o)
                0x000000000003d9a0                rpl_lite_driver
 .data.rel.ro   0x000000000003da48        0x8 build/cooja/contiki-ng-cooja.a(rpl-dag.o)

.dynamic        0x000000000003da50      0x1c0
 *(.dynamic)
 .dynamic       0x000000000003da50      0x1c0 /usr/lib/gcc/x86_64-linux-gnu/11/../../../x86_64-linux-gnu/crti.o
                0x000000000003da50                _DYNAMIC

.got            0x000000000003dc10      0x3f0
 *(.got)
 .got           0x000000000003dc10      0x3f0 /usr/lib/gcc/x86_64-linux-gnu/11/../../../x86_64-linux-gnu/crti.o
 *(.igot)
                0x000000000003efe8                . = DATA_SEGMENT_RELRO_END (., (SIZEOF (.got.plt) >= 0x18)?0x18:0x0)

.got.plt        0x000000000003e000      0xbb8
 *(.got.plt)
 .got.plt       0x000000000003e000      0xbb8 /usr/lib/gcc/x86_64-linux-gnu/11/../../../x86_64-linux-gnu/crti.o
                0x000000000003e000                _GLOBAL_OFFSET_TABLE_
 *(.igot.plt)

.data           0x000000000003ebc0      0x812
 *(.data .data.* .gnu.linkonce.d.*)
 .data          0x000000000003ebc0        0x0 /usr/lib/gcc/x86_64-linux-gnu/11/../../../x86_64-linux-gnu/crti.o
 .data          0x000000000003ebc0        0x0 /usr/lib/gcc/x86_64-linux-gnu/11/crtbeginS.o
 .data.rel.local
                0x000000000003ebc0        0x8 /usr/lib/gcc/x86_64-linux-gnu/11/crtbeginS.o
                0x000000000003ebc0                __dso_handle
 .data          0x000000000003ebc8        0x4 mqttSensorHumi.o
 *fill*         0x000000000003ebcc       0x14 
 .data.rel.local
                0x000000000003ebe0       0x40 mqttSensorHumi.o
                0x000000000003ec00                mqtt_sensor_humidity
 .data          0x000000000003ec20        0x0 build/cooja/mtype742665649.o
 .data.rel      0x000000000003ec20       0xa0 build/cooja/mtype742665649.o
                0x000000000003ec20                simInterfaces
                0x000000000003eca0                sensors
 .data          0x000000000003ecc0        0x0 build/cooja/contiki-ng-cooja.a(simEnvChange.o)
 .data          0x000000000003ecc0        0x0 build/cooja/contiki-ng-cooja.a(cooja_mt.o)
 .data          0x000000000003ecc0        0x0 build/cooja/contiki-ng-cooja.a(cooja_mtarch.o)
 .data          0x000000000003ecc0        0x0 build/cooja/contiki-ng-cooja.a(rtimer-arch.o)
 .data          0x000000000003ecc0        0x0 build/cooja/contiki-ng-cooja.a(beep.o)
 .data          0x000000000003ecc0        0x0 build/cooja/contiki-ng-cooja.a(leds-arch.o)
 .data          0x000000000003ecc0        0x0 build/cooja/contiki-ng-cooja.a(moteid.o)
 .data          0x000000000003ecc0        0x0 build/cooja/contiki-ng-cooja.a(pir-sensor.o)
 .data          0x000000000003ecc0        0x0 build/cooja/contiki-ng-cooja.a(rs232.o)
 .data          0x000000000003ecc0        0x0 build/cooja/contiki-ng-cooja.a(vib-sensor.o)
 .data          0x000000000003ecc0        0x0 build/cooja/contiki-ng-cooja.a(clock.o)
 .data          0x000000000003ecc0        0x0 build/cooja/contiki-ng-cooja.a(cooja-log.o)
 .data          0x000000000003ecc0        0x0 build/cooja/contiki-ng-cooja.a(cfs-cooja.o)
 .data          0x000000000003ecc0       0x20 build/cooja/contiki-ng-cooja.a(cooja-radio.o)
                0x000000000003ecc0                simRadioHWOn
                0x000000000003ecc4                simSignalStrength
                0x000000000003ecc8                simLastSignalStrength
                0x000000000003eccc                simPower
                0x000000000003ecd0                simRadioChannel
                0x000000000003ecd4                simLQI
                0x000000000003ecd8                simLastLQI
 .data.rel.local
                0x000000000003ece0       0x20 build/cooja/contiki-ng-cooja.a(cooja-radio.o)
                0x000000000003ece0                cooja_radio_process
 .data          0x000000000003ed00        0x0 build/cooja/contiki-ng-cooja.a(eeprom.o)
 .data          0x000000000003ed00        0x0 build/cooja/contiki-ng-cooja.a(random.o)
 .data          0x000000000003ed00        0x0 build/cooja/contiki-ng-cooja.a(sensors.o)
 .data.rel.local
                0x000000000003ed00       0x20 build/cooja/contiki-ng-cooja.a(sensors.o)
                0x000000000003ed00                sensors_process
 .data          0x000000000003ed20        0x0 build/cooja/contiki-ng-cooja.a(leds.o)
 .data          0x000000000003ed20        0x0 build/cooja/contiki-ng-cooja.a(gpio-hal-arch.o)
 .data          0x000000000003ed20        0x1 build/cooja/contiki-ng-cooja.a(buttons.o)
                0x000000000003ed20                simButtonIsActive
 *fill*         0x000000000003ed21       0x1f 
 .data.rel.local
                0x000000000003ed40       0xb0 build/cooja/contiki-ng-cooja.a(buttons.o)
                0x000000000003ede0                button_hal_buttons
 .data          0x000000000003edf0        0x0 build/cooja/contiki-ng-cooja.a(mqtt.o)
 *fill*         0x000000000003edf0       0x10 
 .data.rel.local
                0x000000000003ee00       0x40 build/cooja/contiki-ng-cooja.a(mqtt.o)
                0x000000000003ee20                mqtt_process
 .data          0x000000000003ee40        0x0 build/cooja/contiki-ng-cooja.a(contiki-main.o)
 .data          0x000000000003ee40        0x0 build/cooja/contiki-ng-cooja.a(autostart.o)
 .data          0x000000000003ee40        0x0 build/cooja/contiki-ng-cooja.a(ctimer.o)
 .data.rel.local
                0x000000000003ee40       0x40 build/cooja/contiki-ng-cooja.a(ctimer.o)
                0x000000000003ee60                ctimer_process
 .data          0x000000000003ee80        0x0 build/cooja/contiki-ng-cooja.a(energest.o)
 .data          0x000000000003ee80        0x0 build/cooja/contiki-ng-cooja.a(etimer.o)
 .data.rel.local
                0x000000000003ee80       0x20 build/cooja/contiki-ng-cooja.a(etimer.o)
                0x000000000003ee80                etimer_process
 .data          0x000000000003eea0        0x4 build/cooja/contiki-ng-cooja.a(log.o)
                0x000000000003eea0                curr_log_level_main
 *fill*         0x000000000003eea4       0x1c 
 .data.rel      0x000000000003eec0      0x138 build/cooja/contiki-ng-cooja.a(log.o)
                0x000000000003eec0                all_modules
 .data          0x000000000003eff8        0x0 build/cooja/contiki-ng-cooja.a(node-id.o)
 .data          0x000000000003eff8        0x0 build/cooja/contiki-ng-cooja.a(process.o)
 .data          0x000000000003eff8        0x0 build/cooja/contiki-ng-cooja.a(rtimer.o)
 .data          0x000000000003eff8        0x0 build/cooja/contiki-ng-cooja.a(timer.o)
 .data          0x000000000003eff8        0x0 build/cooja/contiki-ng-cooja.a(list.o)
 .data          0x000000000003eff8        0x0 build/cooja/contiki-ng-cooja.a(button-hal.o)
 *fill*         0x000000000003eff8        0x8 
 .data.rel.local
                0x000000000003f000       0x20 build/cooja/contiki-ng-cooja.a(button-hal.o)
                0x000000000003f000                button_hal_process
 .data          0x000000000003f020        0x0 build/cooja/contiki-ng-cooja.a(gpio-hal.o)
 .data.rel.local
                0x000000000003f020        0x8 build/cooja/contiki-ng-cooja.a(gpio-hal.o)
 .data          0x000000000003f028        0x0 build/cooja/contiki-ng-cooja.a(serial-line.o)
 *fill*         0x000000000003f028       0x18 
 .data.rel.local
                0x000000000003f040       0x20 build/cooja/contiki-ng-cooja.a(serial-line.o)
                0x000000000003f040                serial_line_process
 .data          0x000000000003f060        0x0 build/cooja/contiki-ng-cooja.a(linkaddr.o)
 .data          0x000000000003f060        0x0 build/cooja/contiki-ng-cooja.a(netstack.o)
 .data.rel.local
                0x000000000003f060        0x8 build/cooja/contiki-ng-cooja.a(netstack.o)
 .data          0x000000000003f068        0x0 build/cooja/contiki-ng-cooja.a(packetbuf.o)
 .data.rel.local
                0x000000000003f068        0x8 build/cooja/contiki-ng-cooja.a(packetbuf.o)
 .data          0x000000000003f070        0x0 build/cooja/contiki-ng-cooja.a(queuebuf.o)
 .data.rel.local
                0x000000000003f070       0x38 build/cooja/contiki-ng-cooja.a(queuebuf.o)
 .data          0x000000000003f0a8        0x0 build/cooja/contiki-ng-cooja.a(printf.o)
 *fill*         0x000000000003f0a8        0x8 
 .data.rel.local
                0x000000000003f0b0       0x10 build/cooja/contiki-ng-cooja.a(printf.o)
 .data          0x000000000003f0c0        0x0 build/cooja/contiki-ng-cooja.a(putchar.o)
 .data          0x000000000003f0c0        0x0 build/cooja/contiki-ng-cooja.a(puts.o)
 .data          0x000000000003f0c0        0x0 build/cooja/contiki-ng-cooja.a(snprintf.o)
 .data          0x000000000003f0c0        0x0 build/cooja/contiki-ng-cooja.a(sprintf.o)
 .data          0x000000000003f0c0        0x0 build/cooja/contiki-ng-cooja.a(strformat.o)
 .data          0x000000000003f0c0        0x0 build/cooja/contiki-ng-cooja.a(csma.o)
 .data          0x000000000003f0c0        0x0 build/cooja/contiki-ng-cooja.a(sicslowpan.o)
 .data          0x000000000003f0c0        0x0 build/cooja/contiki-ng-cooja.a(tcp-socket.o)
 .data.rel.local
                0x000000000003f0c0       0x40 build/cooja/contiki-ng-cooja.a(tcp-socket.o)
                0x000000000003f0e0                tcp_socket_process
 .data          0x000000000003f100        0x0 build/cooja/contiki-ng-cooja.a(tcpip.o)
 .data.rel.local
                0x000000000003f100       0x20 build/cooja/contiki-ng-cooja.a(tcpip.o)
                0x000000000003f100                tcpip_process
 .data          0x000000000003f120        0x0 build/cooja/contiki-ng-cooja.a(uip-ds6-nbr.o)
 .data.rel.local
                0x000000000003f120       0x20 build/cooja/contiki-ng-cooja.a(uip-ds6-nbr.o)
 .data          0x000000000003f140        0x0 build/cooja/contiki-ng-cooja.a(uip-ds6-route.o)
 .data.rel.local
                0x000000000003f140       0x28 build/cooja/contiki-ng-cooja.a(uip-ds6-route.o)
 .data          0x000000000003f168        0x0 build/cooja/contiki-ng-cooja.a(uip-ds6.o)
 .data          0x000000000003f168        0x0 build/cooja/contiki-ng-cooja.a(uip-packetqueue.o)
 *fill*         0x000000000003f168        0x8 
 .data.rel.local
                0x000000000003f170       0x18 build/cooja/contiki-ng-cooja.a(uip-packetqueue.o)
 .data          0x000000000003f188        0x0 build/cooja/contiki-ng-cooja.a(uip6.o)
 .data          0x000000000003f188        0x0 build/cooja/contiki-ng-cooja.a(uipbuf.o)
 .data          0x000000000003f188        0x0 build/cooja/contiki-ng-cooja.a(uiplib.o)
 .data          0x000000000003f188        0x0 build/cooja/contiki-ng-cooja.a(rpl.o)
 .data          0x000000000003f188        0x0 build/cooja/contiki-ng-cooja.a(watchdog.o)
 .data          0x000000000003f188        0x0 build/cooja/contiki-ng-cooja.a(int-master.o)
 .data          0x000000000003f188        0x0 build/cooja/contiki-ng-cooja.a(stimer.o)
 .data          0x000000000003f188        0x0 build/cooja/contiki-ng-cooja.a(memb.o)
 .data          0x000000000003f188        0x0 build/cooja/contiki-ng-cooja.a(ringbuf.o)
 .data          0x000000000003f188        0x0 build/cooja/contiki-ng-cooja.a(link-stats.o)
 *fill*         0x000000000003f188        0x8 
 .data.rel.local
                0x000000000003f190       0x20 build/cooja/contiki-ng-cooja.a(link-stats.o)
 .data          0x000000000003f1b0        0x0 build/cooja/contiki-ng-cooja.a(nbr-table.o)
 .data.rel.local
                0x000000000003f1b0       0x20 build/cooja/contiki-ng-cooja.a(nbr-table.o)
 .data          0x000000000003f1d0        0x0 build/cooja/contiki-ng-cooja.a(mac-sequence.o)
 .data          0x000000000003f1d0        0x0 build/cooja/contiki-ng-cooja.a(framer-802154.o)
 .data          0x000000000003f1d0        0x0 build/cooja/contiki-ng-cooja.a(csma-output.o)
 .data.rel.local
                0x000000000003f1d0       0x60 build/cooja/contiki-ng-cooja.a(csma-output.o)
 .data          0x000000000003f230        0x0 build/cooja/contiki-ng-cooja.a(csma-security.o)
 .data          0x000000000003f230        0x0 build/cooja/contiki-ng-cooja.a(uip-icmp6.o)
 .data.rel.local
                0x000000000003f230       0x48 build/cooja/contiki-ng-cooja.a(uip-icmp6.o)
 .data          0x000000000003f278        0x0 build/cooja/contiki-ng-cooja.a(uip-nd6.o)
 *fill*         0x000000000003f278        0x8 
 .data.rel.local
                0x000000000003f280       0x18 build/cooja/contiki-ng-cooja.a(uip-nd6.o)
 .data          0x000000000003f298        0x0 build/cooja/contiki-ng-cooja.a(uip-sr.o)
 *fill*         0x000000000003f298        0x8 
 .data.rel.local
                0x000000000003f2a0       0x28 build/cooja/contiki-ng-cooja.a(uip-sr.o)
 .data          0x000000000003f2c8        0x0 build/cooja/contiki-ng-cooja.a(rpl-dag-root.o)
 .data          0x000000000003f2c8        0x0 build/cooja/contiki-ng-cooja.a(rpl-dag.o)
 .data          0x000000000003f2c8        0x0 build/cooja/contiki-ng-cooja.a(rpl-ext-header.o)
 .data          0x000000000003f2c8        0x0 build/cooja/contiki-ng-cooja.a(rpl-icmp6.o)
 *fill*         0x000000000003f2c8        0x8 
 .data.rel.local
                0x000000000003f2d0       0x78 build/cooja/contiki-ng-cooja.a(rpl-icmp6.o)
 .data          0x000000000003f348        0x0 build/cooja/contiki-ng-cooja.a(rpl-mrhof.o)
 *fill*         0x000000000003f348       0x18 
 .data.rel.local
                0x000000000003f360       0x48 build/cooja/contiki-ng-cooja.a(rpl-mrhof.o)
                0x000000000003f360                rpl_mrhof
 .data          0x000000000003f3a8        0x0 build/cooja/contiki-ng-cooja.a(rpl-nbr-policy.o)
 .data          0x000000000003f3a8        0x0 build/cooja/contiki-ng-cooja.a(rpl-neighbor.o)
 *fill*         0x000000000003f3a8        0x8 
 .data.rel.local
                0x000000000003f3b0       0x20 build/cooja/contiki-ng-cooja.a(rpl-neighbor.o)
                0x000000000003f3c8                rpl_neighbors
 .data          0x000000000003f3d0        0x0 build/cooja/contiki-ng-cooja.a(rpl-timers.o)
 .data          0x000000000003f3d0        0x0 build/cooja/contiki-ng-cooja.a(assert.o)
 .data          0x000000000003f3d0        0x0 build/cooja/contiki-ng-cooja.a(mac.o)
 .data          0x000000000003f3d0        0x2 build/cooja/contiki-ng-cooja.a(frame802154.o)
 .data          0x000000000003f3d2        0x0 /usr/lib/gcc/x86_64-linux-gnu/11/crtendS.o
 .data          0x000000000003f3d2        0x0 /usr/lib/gcc/x86_64-linux-gnu/11/../../../x86_64-linux-gnu/crtn.o

.tm_clone_table
                0x000000000003f3d8        0x0
 .tm_clone_table
                0x000000000003f3d8        0x0 /usr/lib/gcc/x86_64-linux-gnu/11/crtbeginS.o
 .tm_clone_table
                0x000000000003f3d8        0x0 /usr/lib/gcc/x86_64-linux-gnu/11/crtendS.o

.data1
 *(.data1)
                [!provide]                        PROVIDE (_edata = .)
                [!provide]                        PROVIDE (edata = .)
                0x000000000003f3d8                . = .
                [!provide]                        PROVIDE (__bss_start = .)

.bss            0x000000000003f3e0    0x18200
 *(.dynbss)
 .dynbss        0x000000000003f3e0        0x0 /usr/lib/gcc/x86_64-linux-gnu/11/../../../x86_64-linux-gnu/crti.o
 *(.bss .bss.* .gnu.linkonce.b.*)
 .bss           0x000000000003f3e0        0x0 /usr/lib/gcc/x86_64-linux-gnu/11/../../../x86_64-linux-gnu/crti.o
 .bss           0x000000000003f3e0        0x1 /usr/lib/gcc/x86_64-linux-gnu/11/crtbeginS.o
 *fill*         0x000000000003f3e1       0x1f 
 .bss           0x000000000003f400      0xb58 mqttSensorHumi.o
 *fill*         0x000000000003ff58        0x8 
 .bss           0x000000000003ff60     0x4060 build/cooja/mtype742665649.o
                0x000000000003ff60                sensors_flags
                0x000000000003ff68                referenceVar
 .bss           0x0000000000043fc0       0x18 build/cooja/contiki-ng-cooja.a(simEnvChange.o)
                0x0000000000043fc0                simDontFallAsleep
                0x0000000000043fc4                simProcessRunValue
                0x0000000000043fc8                simEtimerPending
                0x0000000000043fd0                simEtimerNextExpirationTime
 .bss           0x0000000000043fd8        0x8 build/cooja/contiki-ng-cooja.a(cooja_mt.o)
 .bss           0x0000000000043fe0        0x8 build/cooja/contiki-ng-cooja.a(cooja_mtarch.o)
 .bss           0x0000000000043fe8       0x18 build/cooja/contiki-ng-cooja.a(rtimer-arch.o)
                0x0000000000043fe8                simRtimerPending
                0x0000000000043ff0                simRtimerNextExpirationTime
                0x0000000000043ff8                simRtimerCurrentTicks
 .bss           0x0000000000044000        0x1 build/cooja/contiki-ng-cooja.a(beep.o)
                0x0000000000044000                simBeeped
 .bss           0x0000000000044001        0x1 build/cooja/contiki-ng-cooja.a(leds-arch.o)
                0x0000000000044001                simLedsValue
 *fill*         0x0000000000044002        0x2 
 .bss           0x0000000000044004        0xc build/cooja/contiki-ng-cooja.a(moteid.o)
                0x0000000000044004                simMoteID
                0x0000000000044008                simMoteIDChanged
                0x000000000004400c                simRandomSeed
 .bss           0x0000000000044010        0x3 build/cooja/contiki-ng-cooja.a(pir-sensor.o)
                0x0000000000044010                simPirChanged
                0x0000000000044011                simPirIsActive
                0x0000000000044012                simPirValue
 *fill*         0x0000000000044013        0xd 
 .bss           0x0000000000044020      0x810 build/cooja/contiki-ng-cooja.a(rs232.o)
                0x0000000000044020                simSerialReceivingData
                0x0000000000044820                simSerialReceivingLength
                0x0000000000044824                simSerialReceivingFlag
 .bss           0x0000000000044830        0x3 build/cooja/contiki-ng-cooja.a(vib-sensor.o)
                0x0000000000044830                simVibChanged
                0x0000000000044831                simVibIsActive
                0x0000000000044832                simVibValue
 *fill*         0x0000000000044833        0x5 
 .bss           0x0000000000044838        0x8 build/cooja/contiki-ng-cooja.a(clock.o)
                0x0000000000044838                simCurrentTime
 .bss           0x0000000000044840     0x200d build/cooja/contiki-ng-cooja.a(cooja-log.o)
                0x0000000000044840                simLoggedData
                0x0000000000046840                simLoggedLength
                0x0000000000046844                simLoggedFlag
 *fill*         0x000000000004684d       0x13 
 .bss           0x0000000000046860      0xfc0 build/cooja/contiki-ng-cooja.a(cfs-cooja.o)
                0x0000000000046860                simCFSData
                0x0000000000047800                simCFSSize
                0x0000000000047804                simCFSChanged
                0x0000000000047808                simCFSRead
                0x000000000004780c                simCFSWritten
 .bss           0x0000000000047820      0x15c build/cooja/contiki-ng-cooja.a(cooja-radio.o)
                0x0000000000047820                simReceiving
                0x0000000000047840                simInDataBuffer
                0x00000000000478c0                simInSize
                0x00000000000478c8                simLastPacketTimestamp
                0x00000000000478e0                simOutDataBuffer
                0x0000000000047960                simOutSize
 *fill*         0x000000000004797c        0x4 
 .bss           0x0000000000047980      0x40c build/cooja/contiki-ng-cooja.a(eeprom.o)
                0x0000000000047980                simEEPROMData
                0x0000000000047d80                simEEPROMChanged
                0x0000000000047d84                simEEPROMRead
                0x0000000000047d88                simEEPROMWritten
 .bss           0x0000000000047d8c        0x0 build/cooja/contiki-ng-cooja.a(random.o)
 .bss           0x0000000000047d8c        0xc build/cooja/contiki-ng-cooja.a(sensors.o)
                0x0000000000047d8c                sensors_event
 .bss           0x0000000000047d98        0x0 build/cooja/contiki-ng-cooja.a(leds.o)
 *fill*         0x0000000000047d98        0x8 
 .bss           0x0000000000047da0       0x40 build/cooja/contiki-ng-cooja.a(gpio-hal-arch.o)
 .bss           0x0000000000047de0        0x2 build/cooja/contiki-ng-cooja.a(buttons.o)
                0x0000000000047de0                simButtonChanged
                0x0000000000047de1                simButtonIsDown
 *fill*         0x0000000000047de2        0x6 
 .bss           0x0000000000047de8       0x21 build/cooja/contiki-ng-cooja.a(mqtt.o)