Archive member included to satisfy reference by file (symbol)

build/cooja/contiki-ng-cooja.a(simEnvChange.o)
                              build/cooja/mtype874130176.o (simDontFallAsleep)
build/cooja/contiki-ng-cooja.a(cooja_mt.o)
                              build/cooja/mtype874130176.o (cooja_mt_start)
build/cooja/contiki-ng-cooja.a(cooja_mtarch.o)
                              build/cooja/contiki-ng-cooja.a(cooja_mt.o) (cooja_mtarch_start)
build/cooja/contiki-ng-cooja.a(rtimer-arch.o)
                              build/cooja/mtype874130176.o (rtimer_arch_check)
build/cooja/contiki-ng-cooja.a(beep.o)
                              build/cooja/mtype874130176.o (beep_interface)
build/cooja/contiki-ng-cooja.a(leds-arch.o)
                              build/cooja/mtype874130176.o (leds_interface)
build/cooja/contiki-ng-cooja.a(moteid.o)
                              build/cooja/mtype874130176.o (moteid_interface)
build/cooja/contiki-ng-cooja.a(pir-sensor.o)
                              build/cooja/mtype874130176.o (pir_interface)
build/cooja/contiki-ng-cooja.a(rs232.o)
                              build/cooja/mtype874130176.o (rs232_interface)
build/cooja/contiki-ng-cooja.a(vib-sensor.o)
                              build/cooja/mtype874130176.o (vib_interface)
build/cooja/contiki-ng-cooja.a(clock.o)
                              build/cooja/mtype874130176.o (clock_interface)
build/cooja/contiki-ng-cooja.a(cooja-log.o)
                              build/cooja/mtype874130176.o (simlog_interface)
build/cooja/contiki-ng-cooja.a(cfs-cooja.o)
                              build/cooja/mtype874130176.o (cfs_interface)
build/cooja/contiki-ng-cooja.a(cooja-radio.o)
                              build/cooja/mtype874130176.o (radio_interface)
build/cooja/contiki-ng-cooja.a(eeprom.o)
                              build/cooja/mtype874130176.o (eeprom_interface)
build/cooja/contiki-ng-cooja.a(random.o)
                              build/cooja/contiki-ng-cooja.a(moteid.o) (random_init)
build/cooja/contiki-ng-cooja.a(sensors.o)
                              build/cooja/contiki-ng-cooja.a(pir-sensor.o) (sensors_changed)
build/cooja/contiki-ng-cooja.a(leds.o)
                              build/cooja/contiki-ng-cooja.a(leds-arch.o) (leds_get)
build/cooja/contiki-ng-cooja.a(gpio-hal-arch.o)
                              build/cooja/contiki-ng-cooja.a(leds-arch.o) (gpio_hal_arch_register_pin_callback)
build/cooja/contiki-ng-cooja.a(buttons.o)
                              build/cooja/mtype874130176.o (button_interface)
build/cooja/contiki-ng-cooja.a(mqtt.o)
                              mqttSensorHumi.o (mqtt_register)
build/cooja/contiki-ng-cooja.a(contiki-main.o)
                              build/cooja/mtype874130176.o (main)
build/cooja/contiki-ng-cooja.a(autostart.o)
                              build/cooja/contiki-ng-cooja.a(contiki-main.o) (autostart_start)
build/cooja/contiki-ng-cooja.a(ctimer.o)
                              build/cooja/contiki-ng-cooja.a(contiki-main.o) (ctimer_init)
build/cooja/contiki-ng-cooja.a(energest.o)
                              build/cooja/contiki-ng-cooja.a(contiki-main.o) (energest_init)
build/cooja/contiki-ng-cooja.a(etimer.o)
                              build/cooja/contiki-ng-cooja.a(contiki-main.o) (etimer_process)
build/cooja/contiki-ng-cooja.a(log.o)
                              build/cooja/contiki-ng-cooja.a(contiki-main.o) (curr_log_level_main)
build/cooja/contiki-ng-cooja.a(node-id.o)
                              mqttSensorHumi.o (node_id)
build/cooja/contiki-ng-cooja.a(process.o)
                              build/cooja/contiki-ng-cooja.a(mqtt.o) (process_current)
build/cooja/contiki-ng-cooja.a(rtimer.o)
                              build/cooja/contiki-ng-cooja.a(contiki-main.o) (rtimer_init)
build/cooja/contiki-ng-cooja.a(timer.o)
                              build/cooja/contiki-ng-cooja.a(mqtt.o) (timer_set)
build/cooja/contiki-ng-cooja.a(list.o)
                              build/cooja/contiki-ng-cooja.a(mqtt.o) (list_init)
build/cooja/contiki-ng-cooja.a(button-hal.o)
                              build/cooja/mtype874130176.o (button_hal_init)
build/cooja/contiki-ng-cooja.a(gpio-hal.o)
                              build/cooja/contiki-ng-cooja.a(button-hal.o) (gpio_hal_register_handler)
build/cooja/contiki-ng-cooja.a(serial-line.o)
                              build/cooja/contiki-ng-cooja.a(rs232.o) (serial_line_input_byte)
build/cooja/contiki-ng-cooja.a(linkaddr.o)
                              mqttSensorHumi.o (linkaddr_node_addr)
build/cooja/contiki-ng-cooja.a(netstack.o)
                              build/cooja/contiki-ng-cooja.a(contiki-main.o) (netstack_init)
build/cooja/contiki-ng-cooja.a(packetbuf.o)
                              build/cooja/contiki-ng-cooja.a(cooja-radio.o) (packetbuf_clear)
build/cooja/contiki-ng-cooja.a(queuebuf.o)
                              build/cooja/contiki-ng-cooja.a(contiki-main.o) (queuebuf_init)
[...]
Memory Configuration

Name             Origin             Length             Attributes
*default*        0x0000000000000000 0xffffffffffffffff

Linker script and memory map

LOAD /usr/lib/gcc/x86_64-linux-gnu/11/../../../x86_64-linux-gnu/crti.o
LOAD /usr/lib/gcc/x86_64-linux-gnu/11/crtbeginS.o
LOAD mqttSensorHumi.o
LOAD build/cooja/mtype874130176.o
LOAD build/cooja/contiki-ng-cooja.a
LOAD /usr/lib/gcc/x86_64-linux-gnu/11/libgcc.a
LOAD /usr/lib/gcc/x86_64-linux-gnu/11/libgcc_s.so
START GROUP
LOAD /usr/lib/gcc/x86_64-linux-gnu/11/../../../x86_64-linux-gnu/libgcc_s.so.1
LOAD /usr/lib/gcc/x86_64-linux-gnu/11/libgcc.a
END GROUP
LOAD /usr/lib/gcc/x86_64-linux-gnu/11/../../../x86_64-linux-gnu/libc.so
START GROUP
LOAD /lib/x86_64-linux-gnu/libc.so.6
LOAD /usr/lib/x86_64-linux-gnu/libc_nonshared.a
LOAD /lib64/ld-linux-x86-64.so.2
END GROUP
LOAD /usr/lib/gcc/x86_64-linux-gnu/11/libgcc.a
LOAD /usr/lib/gcc/x86_64-linux-gnu/11/libgcc_s.so
START GROUP
LOAD /usr/lib/gcc/x86_64-linux-gnu/11/../../../x86_64-linux-gnu/libgcc_s.so.1
LOAD /usr/lib/gcc/x86_64-linux-gnu/11/libgcc.a
END GROUP
LOAD /usr/lib/gcc/x86_64-linux-gnu/11/crtendS.o
LOAD /usr/lib/gcc/x86_64-linux-gnu/11/../../../x86_64-linux-gnu/crtn.o
                0x00000000000002a8                . = (SEGMENT_START ("text-segment", 0x0) + SIZEOF_HEADERS)

.note.gnu.property
                0x00000000000002a8       0x20
 .note.gnu.property
                0x00000000000002a8       0x20 /usr/lib/gcc/x86_64-linux-gnu/11/../../../x86_64-linux-gnu/crti.o

.note.gnu.build-id
                0x00000000000002c8       0x24
 *(.note.gnu.build-id)
 .note.gnu.build-id
                0x00000000000002c8       0x24 /usr/lib/gcc/x86_64-linux-gnu/11/../../../x86_64-linux-gnu/crti.o

.hash
 *(.hash)

.gnu.hash       0x00000000000002f0     0x14bc
 *(.gnu.hash)
 .gnu.hash      0x00000000000002f0     0x14bc /usr/lib/gcc/x86_64-linux-gnu/11/../../../x86_64-linux-gnu/crti.o

.dynsym         0x00000000000017b0     0x4098
 *(.dynsym)
 .dynsym        0x00000000000017b0     0x4098 /usr/lib/gcc/x86_64-linux-gnu/11/../../../x86_64-linux-gnu/crti.o

.dynstr         0x0000000000005848     0x30ce
 *(.dynstr)
 .dynstr        0x0000000000005848     0x30ce /usr/lib/gcc/x86_64-linux-gnu/11/../../../x86_64-linux-gnu/crti.o

.gnu.version    0x0000000000008916      0x562
 *(.gnu.version)
 .gnu.version   0x0000000000008916      0x562 /usr/lib/gcc/x86_64-linux-gnu/11/../../../x86_64-linux-gnu/crti.o

.gnu.version_d  0x0000000000008e78        0x0
 *(.gnu.version_d)
 .gnu.version_d
                0x0000000000008e78        0x0 /usr/lib/gcc/x86_64-linux-gnu/11/../../../x86_64-linux-gnu/crti.o

.gnu.version_r  0x0000000000008e78       0x40
 *(.gnu.version_r)
 .gnu.version_r
                0x0000000000008e78       0x40 /usr/lib/gcc/x86_64-linux-gnu/11/../../../x86_64-linux-gnu/crti.o

.rela.dyn       0x0000000000008eb8     0x1ef0
 *(.rela.init)
 *(.rela.text .rela.text.* .rela.gnu.linkonce.t.*)
 .rela.text     0x0000000000008eb8        0x0 /usr/lib/gcc/x86_64-linux-gnu/11/../../../x86_64-linux-gnu/crti.o
 *(.rela.fini)
 *(.rela.rodata .rela.rodata.* .rela.gnu.linkonce.r.*)
 *(.rela.data .rela.data.* .rela.gnu.linkonce.d.*)
 .rela.data.rel.local
                0x0000000000008eb8      0x720 /usr/lib/gcc/x86_64-linux-gnu/11/../../../x86_64-linux-gnu/crti.o
 .rela.data.rel.ro
                0x00000000000095d8      0x288 /usr/lib/gcc/x86_64-linux-gnu/11/../../../x86_64-linux-gnu/crti.o
 .rela.data.rel
                0x0000000000009860      0x3a8 /usr/lib/gcc/x86_64-linux-gnu/11/../../../x86_64-linux-gnu/crti.o
 .rela.data.rel.ro.local
                0x0000000000009c08      0x5a0 /usr/lib/gcc/x86_64-linux-gnu/11/../../../x86_64-linux-gnu/crti.o
 *(.rela.tdata .rela.tdata.* .rela.gnu.linkonce.td.*)
 *(.rela.tbss .rela.tbss.* .rela.gnu.linkonce.tb.*)
 *(.rela.ctors)
 *(.rela.dtors)
 *(.rela.got)
 .rela.got      0x000000000000a1a8      0xbd0 /usr/lib/gcc/x86_64-linux-gnu/11/../../../x86_64-linux-gnu/crti.o
 *(.rela.bss .rela.bss.* .rela.gnu.linkonce.b.*)
 *(.rela.ldata .rela.ldata.* .rela.gnu.linkonce.l.*)
 *(.rela.lbss .rela.lbss.* .rela.gnu.linkonce.lb.*)
 *(.rela.lrodata .rela.lrodata.* .rela.gnu.linkonce.lr.*)
 *(.rela.ifunc)
 .rela.ifunc    0x000000000000ad78        0x0 /usr/lib/gcc/x86_64-linux-gnu/11/../../../x86_64-linux-gnu/crti.o
 .rela.fini_array
                0x000000000000ad78       0x18 /usr/lib/gcc/x86_64-linux-gnu/11/../../../x86_64-linux-gnu/crti.o
 .rela.init_array
                0x000000000000ad90       0x18 /usr/lib/gcc/x86_64-linux-gnu/11/../../../x86_64-linux-gnu/crti.o

.rela.plt       0x000000000000ada8     0x22e0
 *(.rela.plt)
 .rela.plt      0x000000000000ada8     0x22e0 /usr/lib/gcc/x86_64-linux-gnu/11/../../../x86_64-linux-gnu/crti.o
 *(.rela.iplt)

.relr.dyn
 *(.relr.dyn)
                0x000000000000e000                . = ALIGN (CONSTANT (MAXPAGESIZE))

.init           0x000000000000e000       0x1b
 *(SORT_NONE(.init))
 .init          0x000000000000e000       0x16 /usr/lib/gcc/x86_64-linux-gnu/11/../../../x86_64-linux-gnu/crti.o
                0x000000000000e000                _init
 .init          0x000000000000e016        0x5 /usr/lib/gcc/x86_64-linux-gnu/11/../../../x86_64-linux-gnu/crtn.o

.plt            0x000000000000e020     0x1750
 *(.plt)
 .plt           0x000000000000e020     0x1750 /usr/lib/gcc/x86_64-linux-gnu/11/../../../x86_64-linux-gnu/crti.o
 *(.iplt)

.plt.got        0x000000000000f770       0x30
 *(.plt.got)
 .plt.got       0x000000000000f770       0x30 /usr/lib/gcc/x86_64-linux-gnu/11/../../../x86_64-linux-gnu/crti.o

.plt.sec        0x000000000000f7a0     0x1740
 *(.plt.sec)
 .plt.sec       0x000000000000f7a0     0x1740 /usr/lib/gcc/x86_64-linux-gnu/11/../../../x86_64-linux-gnu/crti.o

.text           0x0000000000010ee0    0x2174f
 *(.text.unlikely .text.*_unlikely .text.unlikely.*)
 *(.text.exit .text.exit.*)
 *(.text.startup .text.startup.*)
 *(.text.hot .text.hot.*)
 *(SORT_BY_NAME(.text.sorted.*))
 *(.text .stub .text.* .gnu.linkonce.t.*)
 .text          0x0000000000010ee0        0x0 /usr/lib/gcc/x86_64-linux-gnu/11/../../../x86_64-linux-gnu/crti.o
 .text          0x0000000000010ee0       0xb9 /usr/lib/gcc/x86_64-linux-gnu/11/crtbeginS.o
 .text          0x0000000000010f99      0x8cc mqttSensorHumi.o
 .text          0x0000000000011865      0x374 build/cooja/mtype874130176.o
                0x000000000001191b                platform_init_stage_one
                0x0000000000011930                platform_init_stage_two
                0x0000000000011945                platform_init_stage_three
                0x000000000001195a                platform_main_loop
                0x00000000000119f4                JNI_OnLoad
                0x0000000000011a0b                Java_org_contikios_cooja_corecomm_Lib18_init
                0x0000000000011a5e                Java_org_contikios_cooja_corecomm_Lib18_getMemory
                0x0000000000011abd                Java_org_contikios_cooja_corecomm_Lib18_setMemory
                0x0000000000011b1c                Java_org_contikios_cooja_corecomm_Lib18_tick
                0x0000000000011baa                Java_org_contikios_cooja_corecomm_Lib18_setReferenceAddress
 .text          0x0000000000011bd9       0x93 build/cooja/contiki-ng-cooja.a(simEnvChange.o)
                0x0000000000011bd9                doActionsBeforeTick
                0x0000000000011c22                doActionsAfterTick
 .text          0x0000000000011c6c       0xab build/cooja/contiki-ng-cooja.a(cooja_mt.o)
                0x0000000000011c6c                cooja_mt_start
                0x0000000000011cac                cooja_mt_exec
                0x0000000000011cef                cooja_mt_yield
 .text          0x0000000000011d17      0x10e build/cooja/contiki-ng-cooja.a(cooja_mtarch.o)
                0x0000000000011d17                cooja_mtarch_start
                0x0000000000011dba                cooja_sw
                0x0000000000011de7                cooja_mtarch_exec
                0x0000000000011e15                cooja_mtarch_yield
 .text          0x0000000000011e25       0xcc build/cooja/contiki-ng-cooja.a(rtimer-arch.o)
                0x0000000000011e25                rtimer_arch_init
                0x0000000000011e4b                rtimer_arch_schedule
                0x0000000000011e75                rtimer_arch_next
                0x0000000000011e89                rtimer_arch_pending
                0x0000000000011e9c                rtimer_arch_check
                0x0000000000011edd                rtimer_arch_now
 .text          0x0000000000011ef1       0xe6 build/cooja/contiki-ng-cooja.a(beep.o)
                0x0000000000011ef1                beep_alarm
                0x0000000000011f0c                beep_beep
                0x0000000000011f24                beep
                0x0000000000011f39                beep_down
                0x0000000000011f51                beep_on
                0x0000000000011f66                beep_off
                0x0000000000011f7b                beep_spinup
                0x0000000000011f90                beep_quick
                0x0000000000011fa8                beep_long
 .text          0x0000000000011fd7       0x80 build/cooja/contiki-ng-cooja.a(leds-arch.o)
                0x0000000000011ff0                leds_arch_init
 .text          0x0000000000012057       0x41 build/cooja/contiki-ng-cooja.a(moteid.o)
 .text          0x0000000000012098       0xfa build/cooja/contiki-ng-cooja.a(pir-sensor.o)
 .text          0x0000000000012192      0x18b build/cooja/contiki-ng-cooja.a(rs232.o)
                0x0000000000012192                rs232_init
                0x000000000001219d                rs232_set_speed
                0x00000000000121ad                rs232_set_input
                0x00000000000121c7                rs232_send
                0x00000000000121e6                rs232_print
                0x0000000000012214                slip_arch_writeb
 .text          0x000000000001231d       0xfa build/cooja/contiki-ng-cooja.a(vib-sensor.o)
 .text          0x0000000000012417       0x6f build/cooja/contiki-ng-cooja.a(clock.o)
                0x0000000000012417                clock_init
                0x0000000000012422                clock_time
                0x0000000000012436                clock_seconds
                0x0000000000012462                clock_delay
 .text          0x0000000000012486      0x214 build/cooja/contiki-ng-cooja.a(cooja-log.o)
                0x0000000000012486                simlog_char
                0x00000000000124e0                simlog
                0x0000000000012565                log_message
                0x00000000000125aa                log_set_putchar_with_slip
                0x00000000000125c1                dbg_putchar
                0x0000000000012642                dbg_send_bytes
 .text          0x000000000001269a      0x39b build/cooja/contiki-ng-cooja.a(cfs-cooja.o)
                0x000000000001269a                cfs_open
                0x0000000000012717                cfs_close
                0x000000000001272c                cfs_read
                0x00000000000127f3                cfs_write
                0x0000000000012903                cfs_seek
                0x00000000000129b2                cfs_remove
                0x00000000000129e2                cfs_opendir
                0x00000000000129f9                cfs_readdir
                0x0000000000012a10                cfs_closedir
 .text          0x0000000000012a35      0x79f build/cooja/contiki-ng-cooja.a(cooja-radio.o)
                0x0000000000012a94                radio_set_channel
                0x0000000000012aae                radio_set_txpower
                0x0000000000012acb                radio_signal_strength_last
                0x0000000000012ade                radio_signal_strength_current
                0x0000000000012af1                radio_LQI
 .text          0x00000000000131d4      0x163 build/cooja/contiki-ng-cooja.a(eeprom.o)
                0x00000000000131d4                eeprom_init
                0x00000000000131e3                eeprom_read
                0x0000000000013282                eeprom_write
 .text          0x0000000000013337       0x2f build/cooja/contiki-ng-cooja.a(random.o)
                0x0000000000013337                random_init
                0x0000000000013357                random_rand
 .text          0x0000000000013366      0x35f build/cooja/contiki-ng-cooja.a(sensors.o)
                0x00000000000133af                sensors_first
                0x00000000000133c3                sensors_next
                0x00000000000133f2                sensors_changed
                0x000000000001343f                sensors_find
 .text          0x00000000000136c5      0x3ad build/cooja/contiki-ng-cooja.a(leds.o)
                0x00000000000136c5                leds_init
                0x0000000000013710                leds_single_on
                0x000000000001377d                leds_single_off
                0x00000000000137ea                leds_single_toggle
                0x0000000000013822                leds_on
                0x00000000000138b3                leds_off
                0x0000000000013944                leds_toggle
                0x00000000000139a0                leds_set
                0x00000000000139c9                leds_get
 .text          0x0000000000013a72      0x41b build/cooja/contiki-ng-cooja.a(gpio-hal-arch.o)
                0x0000000000013a72                gpio_hal_arch_register_pin_callback
                0x0000000000013b19                gpio_hal_arch_init
                0x0000000000013b6f                gpio_hal_arch_no_port_interrupt_enable
                0x0000000000013bbc                gpio_hal_arch_no_port_interrupt_disable
                0x0000000000013c09                gpio_hal_arch_no_port_pin_cfg_set
                0x0000000000013c3f                gpio_hal_arch_no_port_pin_cfg_get
                0x0000000000013c73                gpio_hal_arch_no_port_pin_set_input
                0x0000000000013c86                gpio_hal_arch_no_port_pin_set_output
                0x0000000000013c99                gpio_hal_arch_no_port_set_pin
                0x0000000000013cbd                gpio_hal_arch_no_port_clear_pin
                0x0000000000013ce1                gpio_hal_arch_no_port_read_pin
                0x0000000000013d0e                gpio_hal_arch_no_port_write_pin
                0x0000000000013d38                gpio_hal_arch_no_port_set_pins
                0x0000000000013d87                gpio_hal_arch_no_port_clear_pins
                0x0000000000013dd6                gpio_hal_arch_no_port_read_pins
                0x0000000000013e24                gpio_hal_arch_no_port_write_pins
 .text          0x0000000000013e8d       0xa8 build/cooja/contiki-ng-cooja.a(buttons.o)
 .text          0x0000000000013f35     0x3e29 build/cooja/contiki-ng-cooja.a(mqtt.o)
                0x00000000000143d6                mqtt_decode_var_byte_int
                0x00000000000144db                mqtt_encode_var_byte_int
                0x00000000000175c6                mqtt_init
                0x00000000000176a0                mqtt_register
                0x0000000000017768                mqtt_connect
                0x00000000000178a8                mqtt_disconnect
                0x00000000000178f9                mqtt_subscribe
                0x0000000000017a02                mqtt_unsubscribe
                0x0000000000017afb                mqtt_publish
                0x0000000000017c36                mqtt_set_username_password
                0x0000000000017ce7                mqtt_set_last_will
 .text          0x0000000000017d5e      0x400 build/cooja/contiki-ng-cooja.a(contiki-main.o)
                0x0000000000017d5e                main
 .text          0x000000000001815e       0xbd build/cooja/contiki-ng-cooja.a(autostart.o)
                0x000000000001815e                autostart_start
                0x00000000000181bf                autostart_exit
 .text          0x000000000001821b      0x441 build/cooja/contiki-ng-cooja.a(ctimer.o)
                0x000000000001837d                ctimer_init
                0x00000000000183b2                ctimer_set
                0x00000000000183f6                ctimer_set_with_process
                0x00000000000184b0                ctimer_reset
                0x0000000000018521                ctimer_restart
                0x0000000000018592                ctimer_stop
                0x00000000000185f0                ctimer_expired
 .text          0x000000000001865c       0x25 build/cooja/contiki-ng-cooja.a(energest.o)
                0x000000000001865c                energest_init
                0x0000000000018667                energest_flush
                0x0000000000018672                energest_get_total_time
 .text          0x0000000000018681      0x57c build/cooja/contiki-ng-cooja.a(etimer.o)
                0x0000000000018929                etimer_request_poll
                0x00000000000189db                etimer_set
                0x0000000000018a11                etimer_reset_with_new_interval
                0x0000000000018a4c                etimer_reset
                0x0000000000018a77                etimer_restart
                0x0000000000018aa2                etimer_adjust
                0x0000000000018ad3                etimer_expired
                0x0000000000018af2                etimer_expiration_time
                0x0000000000018b12                etimer_start_time
                0x0000000000018b27                etimer_pending
                0x0000000000018b41                etimer_next_expiration_time
                0x0000000000018b62                etimer_stop
 .text          0x0000000000018bfd      0x539 build/cooja/contiki-ng-cooja.a(log.o)
                0x0000000000018bfd                log_6addr
                0x0000000000018c63                log_6addr_compact_snprint
                0x0000000000018d3e                log_6addr_compact
                0x0000000000018da4                log_lladdr
                0x0000000000018e24                log_lladdr_compact
                0x0000000000018ea6                log_bytes
                0x0000000000018f06                log_set_level
                0x0000000000019014                log_get_level
                0x00000000000190cb                log_level_to_str
 .text          0x0000000000019136       0x36 build/cooja/contiki-ng-cooja.a(node-id.o)
                0x0000000000019136                node_id_init
 .text          0x000000000001916c      0x673 build/cooja/contiki-ng-cooja.a(process.o)
                0x000000000001916c                process_alloc_event
                0x0000000000019186                process_start
                0x00000000000193f6                process_exit
                0x0000000000019422                process_init
                0x0000000000019619                process_run
                0x000000000001964e                process_nevents
                0x000000000001966e                process_post
                0x0000000000019736                process_post_synch
                0x0000000000019784                process_poll
                0x00000000000197c1                process_is_running
 .text          0x00000000000197df      0x101 build/cooja/contiki-ng-cooja.a(rtimer.o)
                0x00000000000197df                rtimer_init
                0x00000000000197ef                rtimer_set
                0x0000000000019870                rtimer_run_next
 .text          0x00000000000198e0       0xfd build/cooja/contiki-ng-cooja.a(timer.o)
                0x00000000000198e0                timer_set
                0x000000000001990f                timer_reset
                0x000000000001994b                timer_restart
                0x000000000001996a                timer_expired
                0x00000000000199a5                timer_remaining
 .text          0x00000000000199dd      0x39b build/cooja/contiki-ng-cooja.a(list.o)
                0x00000000000199dd                list_init
                0x00000000000199f7                list_head
                0x0000000000019a0c                list_copy
                0x0000000000019a2d                list_tail
                0x0000000000019a76                list_add
                0x0000000000019ada                list_push
                0x0000000000019b1d                list_chop
                0x0000000000019baa                list_pop
                0x0000000000019be4                list_remove
                0x0000000000019c70                list_length
                0x0000000000019cab                list_insert
                0x0000000000019d0e                list_item_next
                0x0000000000019d31                list_contains
 .text          0x0000000000019d78      0x574 build/cooja/contiki-ng-cooja.a(button-hal.o)
                0x0000000000019f43                button_hal_get_by_id
                0x0000000000019f91                button_hal_get_by_index
                0x0000000000019fc8                button_hal_get_state
                0x000000000001a02b                button_hal_init
 .text          0x000000000001a2ec      0x181 build/cooja/contiki-ng-cooja.a(gpio-hal.o)
                0x000000000001a2ec                gpio_hal_register_handler
                0x000000000001a315                gpio_hal_event_handler
                0x000000000001a380                gpio_hal_init
                0x000000000001a39f                gpio_hal_arch_port_toggle_pin
                0x000000000001a3d6                gpio_hal_arch_port_toggle_pins
                0x000000000001a407                gpio_hal_arch_no_port_toggle_pin
                0x000000000001a441                gpio_hal_arch_no_port_toggle_pins
 .text          0x000000000001a46d      0x238 build/cooja/contiki-ng-cooja.a(serial-line.o)
                0x000000000001a46d                serial_line_input_byte
                0x000000000001a668                serial_line_init
 .text          0x000000000001a6a5       0x80 build/cooja/contiki-ng-cooja.a(linkaddr.o)
                0x000000000001a6a5                linkaddr_copy
                0x000000000001a6c6                linkaddr_cmp
                0x000000000001a6fc                linkaddr_set_node_addr
 .text          0x000000000001a725      0x12b build/cooja/contiki-ng-cooja.a(netstack.o)
                0x000000000001a725                netstack_process_ip_callback
                0x000000000001a7c6                netstack_ip_packet_processor_add
                0x000000000001a7f6                uip_ds6_ip_packet_processor_rm
                0x000000000001a81f                netstack_init
 .text          0x000000000001a850      0x4a8 build/cooja/contiki-ng-cooja.a(packetbuf.o)
                0x000000000001a850                packetbuf_clear
                0x000000000001a87e                packetbuf_copyfrom
                0x000000000001a8d7                packetbuf_copyto
                0x000000000001a97d                packetbuf_hdralloc
                0x000000000001aa0c                packetbuf_hdrreduce
                0x000000000001aa5c                packetbuf_set_datalen
                0x000000000001aa78                packetbuf_dataptr
                0x000000000001aa9d                packetbuf_hdrptr
                0x000000000001aaae                packetbuf_datalen
                0x000000000001aabf                packetbuf_hdrlen
                0x000000000001aadb                packetbuf_totlen
                0x000000000001aafd                packetbuf_remaininglen
                0x000000000001ab15                packetbuf_attr_clear
                0x000000000001ab7a                packetbuf_attr_copyto
                0x000000000001abc5                packetbuf_attr_copyfrom
                0x000000000001ac10                packetbuf_set_attr
                0x000000000001ac40                packetbuf_attr
                0x000000000001ac61                packetbuf_set_addr
                0x000000000001aca7                packetbuf_addr
                0x000000000001acd1                packetbuf_holds_broadcast
 .text          0x000000000001acf8      0x382 build/cooja/contiki-ng-cooja.a(queuebuf.o)
                0x000000000001ad0d                queuebuf_init
                0x000000000001ad36                queuebuf_numfree
                0x000000000001ad4f                queuebuf_new_from_packetbuf
                0x000000000001ae02                queuebuf_update_attr_from_packetbuf
                0x000000000001ae45                queuebuf_update_from_packetbuf
                0x000000000001aea1                queuebuf_free
                0x000000000001aefd                queuebuf_to_packetbuf
                0x000000000001af76                queuebuf_dataptr
                0x000000000001afbd                queuebuf_datalen
                0x000000000001afed                queuebuf_addr
                0x000000000001b034                queuebuf_attr
                0x000000000001b06f                queuebuf_debug_print
 .text          0x000000000001b07a      0x116 build/cooja/contiki-ng-cooja.a(printf.o)
                0x000000000001b0af                log_printf
 .text          0x000000000001b190       0x1e build/cooja/contiki-ng-cooja.a(putchar.o)
                0x000000000001b190                log_putchar
 .text          0x000000000001b1ae       0x3d build/cooja/contiki-ng-cooja.a(puts.o)
                0x000000000001b1ae                log_puts
 .text          0x000000000001b1eb      0x1f8 build/cooja/contiki-ng-cooja.a(snprintf.o)
                0x000000000001b276                log_snprintf
                0x000000000001b35b                log_vsnprintf
 .text          0x000000000001b3e3      0x152 build/cooja/contiki-ng-cooja.a(sprintf.o)
                0x000000000001b42e                log_sprintf
 .text          0x000000000001b535     0x170b build/cooja/contiki-ng-cooja.a(strformat.o)
                0x000000000001b8a8                format_str
                0x000000000001b989                format_str_v
 .text          0x000000000001cc40      0x292 build/cooja/contiki-ng-cooja.a(csma.o)
 .text          0x000000000001ced2     0x3747 build/cooja/contiki-ng-cooja.a(sicslowpan.o)
                0x000000000001d6a8                netstack_sniffer_add
                0x000000000001d6c2                netstack_sniffer_remove
                0x00000000000205e2                sicslowpan_init
                0x0000000000020609                sicslowpan_get_last_rssi
 .text          0x0000000000020619      0xbaa build/cooja/contiki-ng-cooja.a(tcp-socket.o)
                0x0000000000020d52                tcp_socket_register
                0x0000000000020e1a                tcp_socket_connect
                0x0000000000020ed7                tcp_socket_listen
                0x0000000000020f64                tcp_socket_unlisten
                0x0000000000020ff0                tcp_socket_send
                0x00000000000210ad                tcp_socket_send_str
                0x00000000000210e4                tcp_socket_close
                0x0000000000021119                tcp_socket_unregister
                0x0000000000021182                tcp_socket_max_sendlen
                0x00000000000211aa                tcp_socket_queuelen
 .text          0x00000000000211c3      0xc96 build/cooja/contiki-ng-cooja.a(tcpip.o)
                0x00000000000211f3                tcpip_output
                0x00000000000212f5                tcp_connect
                0x000000000002135c                tcp_unlisten
                0x00000000000213cc                tcp_listen
                0x0000000000021438                tcp_attach
                0x0000000000021466                udp_attach
                0x0000000000021494                udp_new
                0x00000000000214ef                udp_broadcast_new
                0x0000000000021802                tcpip_input
                0x00000000000219da                tcpip_ipv6_output
                0x0000000000021c33                tcpip_poll_udp
                0x0000000000021c61                tcpip_poll_tcp
                0x0000000000021c8f                tcpip_uipcall
 .text          0x0000000000021e59      0x416 build/cooja/contiki-ng-cooja.a(uip-ds6-nbr.o)
                0x0000000000021e59                uip_ds6_neighbors_init
                0x0000000000021e82                uip_ds6_nbr_add
                0x0000000000021f20                uip_ds6_nbr_rm
                0x0000000000021f7d                uip_ds6_nbr_update_ll
                0x0000000000022082                uip_ds6_nbr_get_ipaddr
                0x00000000000220a2                uip_ds6_nbr_get_ll
                0x00000000000220ca                uip_ds6_nbr_num
                0x000000000002211c                uip_ds6_nbr_head
                0x0000000000022135                uip_ds6_nbr_next
                0x000000000002215d                uip_ds6_nbr_lookup
                0x00000000000221c6                uip_ds6_nbr_ll_lookup
                0x00000000000221ee                uip_ds6_nbr_ipaddr_from_lladdr
                0x0000000000022222                uip_ds6_nbr_lladdr_from_ipaddr
                0x000000000002225e                uip_ds6_link_callback
 .text          0x000000000002226f      0x3f9 build/cooja/contiki-ng-cooja.a(uip-ds6-route.o)
                0x00000000000222c6                uip_ds6_route_init
                0x00000000000222ef                uip_ds6_route_count_nexthop_neighbors
                0x00000000000222fe                uip_ds6_route_nexthop
                0x0000000000022311                uip_ds6_route_head
                0x0000000000022320                uip_ds6_route_next
                0x0000000000022333                uip_ds6_route_is_nexthop
                0x0000000000022346                uip_ds6_route_num_routes
                0x0000000000022355                uip_ds6_route_lookup
                0x0000000000022368                uip_ds6_route_add
                0x0000000000022384                uip_ds6_route_rm
                0x0000000000022393                uip_ds6_route_rm_by_nexthop
                0x00000000000223a2                uip_ds6_defrt_head
                0x00000000000223bb                uip_ds6_defrt_add
                0x000000000002247b                uip_ds6_defrt_rm
                0x00000000000224f1                uip_ds6_defrt_lookup
                0x0000000000022568                uip_ds6_defrt_choose
                0x00000000000225eb                uip_ds6_defrt_periodic
 .text          0x0000000000022668      0xebc build/cooja/contiki-ng-cooja.a(uip-ds6.o)
                0x0000000000022668                uip_ds6_default_prefix
                0x0000000000022679                uip_ds6_set_default_prefix
                0x00000000000226a1                uip_ds6_init
                0x0000000000022940                uip_ds6_periodic
                0x00000000000229e2                uip_ds6_list_loop
                0x0000000000022acb                uip_ds6_prefix_add
                0x0000000000022b9c                uip_ds6_prefix_rm
                0x0000000000022bba                uip_ds6_prefix_lookup
                0x0000000000022c11                uip_ds6_is_addr_onlink
                0x0000000000022ca5                uip_ds6_addr_add
                0x0000000000022df0                uip_ds6_addr_rm
                0x0000000000022eab                uip_ds6_addr_lookup
                0x0000000000022f00                uip_ds6_get_link_local
                0x0000000000022fa5                uip_ds6_get_global
                0x000000000002304a                uip_ds6_maddr_add
                0x00000000000230c6                uip_ds6_maddr_rm
                0x00000000000230e4                uip_ds6_maddr_lookup
                0x000000000002313c                uip_ds6_aaddr_add
                0x00000000000231b8                uip_ds6_aaddr_rm
                0x00000000000231d6                uip_ds6_aaddr_lookup
                0x000000000002322e                uip_ds6_select_src
                0x00000000000233b8                uip_ds6_set_addr_iid
                0x00000000000233f1                uip_ds6_set_lladdr_from_iid
                0x0000000000023428                get_match_length
                0x00000000000234d6                uip_ds6_compute_reachable_time
 .text          0x0000000000023524      0x1b9 build/cooja/contiki-ng-cooja.a(uip-packetqueue.o)
                0x0000000000023563                uip_packetqueue_new
                0x000000000002357d                uip_packetqueue_alloc
                0x00000000000235f7                uip_packetqueue_free
                0x000000000002364f                uip_packetqueue_buf
                0x000000000002367b                uip_packetqueue_buflen
                0x00000000000236aa                uip_packetqueue_set_buflen
 .text          0x00000000000236dd     0x3915 build/cooja/contiki-ng-cooja.a(uip6.o)
                0x00000000000236dd                uip_add32
                0x00000000000238e7                uip_chksum
                0x00000000000239cd                uip_icmp6chksum
                0x00000000000239e1                uip_tcpchksum
                0x00000000000239f5                uip_udpchksum
                0x0000000000023a09                uip_init
                0x0000000000023ace                uip_connect
                0x0000000000023c78                uip_remove_ext_hdr
                0x0000000000023d79                uip_udp_new
                0x0000000000023ee5                uip_unlisten
                0x0000000000023f34                uip_listen
                0x0000000000024256                uip_process
                0x0000000000026e78                uip_htons
                0x0000000000026e9b                uip_htonl
                0x0000000000026ee3                uip_send
 .text          0x0000000000026ff2      0x5b1 build/cooja/contiki-ng-cooja.a(uipbuf.o)
                0x0000000000026ff2                uipbuf_clear
                0x0000000000027024                uipbuf_add_ext_hdr
                0x00000000000270bc                uipbuf_set_len
                0x00000000000270ee                uipbuf_set_len_field
                0x0000000000027121                uipbuf_get_len_field
                0x000000000002714c                uipbuf_get_next_header
                0x00000000000272be                uipbuf_get_last_header
                0x0000000000027351                uipbuf_search_header
                0x0000000000027418                uipbuf_get_attr
                0x0000000000027449                uipbuf_set_attr
                0x0000000000027489                uipbuf_set_default_attr
                0x00000000000274c9                uipbuf_clear_attr
                0x00000000000274f0                uipbuf_set_attr_flag
                0x0000000000027513                uipbuf_clr_attr_flag
                0x000000000002753c                uipbuf_is_attr_flag
                0x0000000000027561                uipbuf_init
 .text          0x00000000000275a3      0x57d build/cooja/contiki-ng-cooja.a(uiplib.o)
                0x00000000000275a3                uiplib_ip6addrconv
                0x000000000002777f                uiplib_ip4addrconv
                0x0000000000027851                uiplib_ipaddr_print
                0x00000000000278b7                uiplib_ipaddr_snprint
 .text          0x0000000000027b20      0x66e build/cooja/contiki-ng-cooja.a(rpl.o)
                0x0000000000027b20                rpl_lollipop_greater_than
                0x0000000000027b84                rpl_get_global_address
                0x0000000000027d24                rpl_link_callback
                0x0000000000027d8e                rpl_has_joined
                0x0000000000027dc1                rpl_is_reachable
                0x0000000000027e67                rpl_reset_prefix
                0x0000000000027ede                rpl_set_prefix_from_addr
                0x0000000000027ff9                rpl_set_prefix
                0x0000000000028163                rpl_set_leaf_only
                0x000000000002817d                rpl_get_leaf_only
 .text          0x000000000002818e       0x49 build/cooja/contiki-ng-cooja.a(watchdog.o)
                0x000000000002818e                watchdog_init
                0x0000000000028199                watchdog_start
                0x00000000000281a4                watchdog_periodic
                0x00000000000281c1                watchdog_stop
                0x00000000000281cc                watchdog_reboot
 .text          0x00000000000281d7       0x61 build/cooja/contiki-ng-cooja.a(int-master.o)
                0x00000000000281d7                int_master_enable
                0x00000000000281ec                int_master_read_and_disable
                0x000000000002820c                int_master_status_set
                0x0000000000028223                int_master_is_enabled
 .text          0x0000000000028238      0x125 build/cooja/contiki-ng-cooja.a(stimer.o)
                0x0000000000028238                stimer_set
                0x0000000000028267                stimer_reset
                0x00000000000282a3                stimer_restart
                0x00000000000282c2                stimer_expired
                0x0000000000028304                stimer_remaining
                0x000000000002833c                stimer_elapsed
 .text          0x000000000002835d      0x21a build/cooja/contiki-ng-cooja.a(memb.o)
                0x000000000002835d                memb_init
                0x00000000000283c0                memb_alloc
                0x000000000002843a                memb_free
                0x00000000000284cd                memb_inmemb
                0x0000000000028524                memb_numfree
 .text          0x0000000000028577      0x19d build/cooja/contiki-ng-cooja.a(ringbuf.o)
                0x0000000000028577                ringbuf_init
                0x00000000000285b8                ringbuf_put
                0x0000000000028647                ringbuf_get
                0x00000000000286c5                ringbuf_size
                0x00000000000286e1                ringbuf_elements
 .text          0x0000000000028714      0x481 build/cooja/contiki-ng-cooja.a(link-stats.o)
                0x0000000000028714                link_stats_from_lladdr
                0x000000000002873c                link_stats_get_lladdr
                0x0000000000028764                link_stats_is_fresh
                0x00000000000287ac                guess_etx_from_rssi
                0x0000000000028831                link_stats_packet_sent
                0x0000000000028995                link_stats_input_callback
                0x0000000000028af7                link_stats_reset
                0x0000000000028b53                link_stats_init
 .text          0x0000000000028b95      0xcb3 build/cooja/contiki-ng-cooja.a(nbr-table.o)
                0x0000000000028ff3                nbr_table_count_entries
                0x0000000000029095                nbr_table_gc_get_worst
                0x00000000000290d8                nbr_table_can_accept_new
                0x000000000002928d                nbr_table_entry_is_allowed
                0x000000000002933a                nbr_table_register
                0x00000000000293cc                nbr_table_is_registered
                0x0000000000029423                nbr_table_head
                0x0000000000029491                nbr_table_next
                0x000000000002950e                nbr_table_add_lladdr
                0x000000000002966e                nbr_table_get_from_lladdr
                0x00000000000296cd                nbr_table_remove
                0x0000000000029727                nbr_table_lock
                0x000000000002975c                nbr_table_unlock
                0x0000000000029791                nbr_table_get_lladdr
                0x00000000000297d4                nbr_table_clear
                0x0000000000029811                nbr_table_key_head
                0x000000000002982a                nbr_table_key_next
 .text          0x0000000000029848      0x1e0 build/cooja/contiki-ng-cooja.a(mac-sequence.o)
                0x0000000000029848                mac_sequence_is_duplicate
                0x0000000000029929                mac_sequence_register_seqno
 .text          0x0000000000029a28      0x451 build/cooja/contiki-ng-cooja.a(framer-802154.o)
                0x0000000000029bc3                framer_802154_setup_params
 .text          0x0000000000029e79      0xae3 build/cooja/contiki-ng-cooja.a(csma-output.o)
                0x000000000002a65b                csma_output_packet
                0x000000000002a924                csma_output_init
 .text          0x000000000002a95c       0x3d build/cooja/contiki-ng-cooja.a(csma-security.o)
                0x000000000002a95c                csma_security_create_frame
                0x000000000002a982                csma_security_parse_frame
 .text          0x000000000002a999      0x8b7 build/cooja/contiki-ng-cooja.a(uip-icmp6.o)
                0x000000000002aa16                uip_icmp6_input
                0x000000000002aa74                uip_icmp6_register_input_handler
                0x000000000002ac06                uip_icmp6_error_output
                0x000000000002af6b                uip_icmp6_send
                0x000000000002b1b7                uip_icmp6_echo_reply_callback_add
                0x000000000002b1fe                uip_icmp6_echo_reply_callback_rm
                0x000000000002b227                uip_icmp6_init
 .text          0x000000000002b250      0x87f build/cooja/contiki-ng-cooja.a(uip-nd6.o)
                0x000000000002bab5                uip_nd6_init
 .text          0x000000000002bacf      0x7e7 build/cooja/contiki-ng-cooja.a(uip-sr.o)
                0x000000000002bacf                uip_sr_num_nodes
                0x000000000002bb7a                uip_sr_get_node
                0x000000000002bbe2                uip_sr_is_addr_reachable
                0x000000000002bcaa                uip_sr_expire_parent
                0x000000000002bd19                uip_sr_update_node
                0x000000000002be8d                uip_sr_init
                0x000000000002bec0                uip_sr_node_head
                0x000000000002bed9                uip_sr_node_next
                0x000000000002bef7                uip_sr_periodic
                0x000000000002c033                uip_sr_free_all
                0x000000000002c0b2                uip_sr_link_snprint
 .text          0x000000000002c2b6      0x35a build/cooja/contiki-ng-cooja.a(rpl-dag-root.o)
                0x000000000002c2b6                rpl_dag_root_print_links
                0x000000000002c42b                rpl_dag_root_set_prefix
                0x000000000002c467                rpl_dag_root_start
                0x000000000002c5d0                rpl_dag_root_is_root
 .text          0x000000000002c610     0x1219 build/cooja/contiki-ng-cooja.a(rpl-dag.o)
                0x000000000002c610                rpl_dag_state_to_str
                0x000000000002c66e                rpl_dag_get_root_ipaddr
                0x000000000002c6b8                rpl_dag_leave
                0x000000000002c763                rpl_dag_poison_and_leave
                0x000000000002c781                rpl_dag_periodic
                0x000000000002c845                rpl_is_addr_in_our_dag
                0x000000000002c8a1                rpl_get_default_instance
                0x000000000002c8c8                rpl_get_any_dag
                0x000000000002c935                rpl_refresh_routes
                0x000000000002c997                rpl_global_repair
                0x000000000002ca59                rpl_local_repair
                0x000000000002cabb                rpl_dag_ready_to_advertise
                0x000000000002cb13                rpl_dag_update_state
                0x000000000002d3d6                rpl_process_dio
                0x000000000002d478                rpl_process_dis
                0x000000000002d4cc                rpl_process_dao
                0x000000000002d575                rpl_process_dao_ack
                0x000000000002d625                rpl_process_hbh
                0x000000000002d684                rpl_dag_init_root
                0x000000000002d805                rpl_dag_init
 .text          0x000000000002d829      0xdef build/cooja/contiki-ng-cooja.a(rpl-ext-header.o)
                0x000000000002d829                rpl_ext_header_srh_get_next_hop
                0x000000000002d93a                rpl_ext_header_srh_update
                0x000000000002dfc9                rpl_ext_header_hbh_update
                0x000000000002e369                rpl_ext_header_update
                0x000000000002e413                rpl_ext_header_remove
 .text          0x000000000002e618     0x16eb build/cooja/contiki-ng-cooja.a(rpl-icmp6.o)
                0x000000000002e7ac                rpl_icmp6_update_nbr_table
                0x000000000002e861                rpl_icmp6_dis_output
                0x000000000002ef85                rpl_icmp6_dio_output
                0x000000000002f8b5                rpl_icmp6_dao_output
                0x000000000002fc26                rpl_icmp6_dao_ack_output
                0x000000000002fcbc                rpl_icmp6_init
 .text          0x000000000002fd03      0x36f build/cooja/contiki-ng-cooja.a(rpl-mrhof.o)
 .text          0x0000000000030072       0x8c build/cooja/contiki-ng-cooja.a(rpl-nbr-policy.o)
                0x00000000000300ba                rpl_nbr_gc_get_worst
 .text          0x00000000000300fe      0xadd build/cooja/contiki-ng-cooja.a(rpl-neighbor.o)
                0x0000000000030191                rpl_neighbor_snprint
                0x00000000000304bf                rpl_neighbor_print_list
                0x0000000000030596                rpl_neighbor_count
                0x0000000000030681                rpl_neighbor_get_from_lladdr
                0x00000000000306ac                rpl_neighbor_is_acceptable_parent
                0x00000000000306f8                rpl_neighbor_get_link_metric
                0x0000000000030744                rpl_neighbor_rank_via_nbr
                0x0000000000030790                rpl_neighbor_get_lladdr
                0x00000000000307bb                rpl_neighbor_get_ipaddr
                0x00000000000307e9                rpl_neighbor_get_link_stats
                0x0000000000030817                rpl_neighbor_is_fresh
                0x0000000000030845                rpl_neighbor_is_parent
                0x000000000003087e                rpl_neighbor_set_preferred_parent
                0x0000000000030935                rpl_neighbor_remove_all
                0x000000000003099b                rpl_neighbor_get_from_ipaddr
                0x0000000000030ad4                rpl_neighbor_select_best
                0x0000000000030bb4                rpl_neighbor_init
 .text          0x0000000000030bdb      0xd3d build/cooja/contiki-ng-cooja.a(rpl-timers.o)
                0x0000000000030bdb                rpl_timers_schedule_periodic_dis
                0x0000000000030d91                rpl_timers_dio_reset
                0x0000000000030f15                rpl_timers_schedule_unicast_dio
                0x00000000000310fc                rpl_timers_schedule_dao
                0x0000000000031202                rpl_timers_schedule_dao_ack
                0x00000000000312c7                rpl_timers_notify_dao_ack
                0x000000000003133c                get_probing_delay
                0x0000000000031383                get_probing_target
                0x00000000000315c1                rpl_schedule_probing
                0x0000000000031608                rpl_schedule_probing_now
                0x0000000000031696                rpl_timers_unschedule_leaving
                0x00000000000316e0                rpl_timers_schedule_leaving
                0x000000000003173e                rpl_timers_init
                0x00000000000317f0                rpl_timers_stop_dag_timers
                0x0000000000031892                rpl_timers_unschedule_state_update
                0x00000000000318bf                rpl_timers_schedule_state_update
 .text          0x0000000000031918       0x34 build/cooja/contiki-ng-cooja.a(assert.o)
                0x0000000000031918                _xassert
 .text          0x000000000003194c       0x3a build/cooja/contiki-ng-cooja.a(mac.o)
                0x000000000003194c                mac_call_sent_callback
 .text          0x0000000000031986      0xca9 build/cooja/contiki-ng-cooja.a(frame802154.o)
                0x00000000000319b4                frame802154_get_pan_id
                0x00000000000319c5                frame802154_set_pan_id
                0x00000000000319e1                frame802154_has_panid
                0x0000000000031bc0                frame802154_check_dest_panid
                0x0000000000031c5e                frame802154_is_broadcast_addr
                0x0000000000031cb5                frame802154_extract_linkaddr
                0x0000000000031f4f                frame802154_hdrlen
                0x0000000000031fce                frame802154_create_fcf
                0x00000000000320a0                frame802154_create
                0x000000000003224a                frame802154_parse_fcf
                0x0000000000032341                frame802154_parse
 .text          0x000000000003262f        0x0 /usr/lib/gcc/x86_64-linux-gnu/11/crtendS.o
 .text          0x000000000003262f        0x0 /usr/lib/gcc/x86_64-linux-gnu/11/../../../x86_64-linux-gnu/crtn.o
 *(.gnu.warning)

.fini           0x0000000000032630        0xd
 *(SORT_NONE(.fini))
 .fini          0x0000000000032630        0x8 /usr/lib/gcc/x86_64-linux-gnu/11/../../../x86_64-linux-gnu/crti.o
                0x0000000000032630                _fini
 .fini          0x0000000000032638        0x5 /usr/lib/gcc/x86_64-linux-gnu/11/../../../x86_64-linux-gnu/crtn.o
                [!provide]                        PROVIDE (__etext = .)
                [!provide]                        PROVIDE (_etext = .)
                [!provide]                        PROVIDE (etext = .)
                0x0000000000033000                . = ALIGN (CONSTANT (MAXPAGESIZE))
                0x0000000000033000                . = SEGMENT_START ("rodata-segment", (ALIGN (CONSTANT (MAXPAGESIZE)) + (. & (CONSTANT (MAXPAGESIZE) - 0x1))))

.rodata         0x0000000000033000      0xdc5
 *(.rodata .rodata.* .gnu.linkonce.r.*)
 .rodata        0x0000000000033000      0x2fa mqttSensorHumi.o
 .rodata        0x00000000000332fa        0x6 build/cooja/contiki-ng-cooja.a(leds-arch.o)
                0x00000000000332fa                leds_arch_leds
 .rodata        0x0000000000033300        0x4 build/cooja/contiki-ng-cooja.a(pir-sensor.o)
 .rodata        0x0000000000033304        0x3 build/cooja/contiki-ng-cooja.a(rs232.o)
 .rodata        0x0000000000033307        0xa build/cooja/contiki-ng-cooja.a(vib-sensor.o)
 *fill*         0x0000000000033311        0x7 
 .rodata        0x0000000000033318       0x26 build/cooja/contiki-ng-cooja.a(cfs-cooja.o)
 *fill*         0x000000000003333e        0x2 
 .rodata        0x0000000000033340       0x68 build/cooja/contiki-ng-cooja.a(cooja-radio.o)
 .rodata        0x00000000000333a8        0x8 build/cooja/contiki-ng-cooja.a(sensors.o)
 .rodata        0x00000000000333b0       0x14 build/cooja/contiki-ng-cooja.a(buttons.o)
                0x00000000000333bc                button_hal_button_count
 .rodata        0x00000000000333c4      0x29c build/cooja/contiki-ng-cooja.a(mqtt.o)
 .rodata        0x0000000000033660       0xf4 build/cooja/contiki-ng-cooja.a(contiki-main.o)
 .rodata        0x0000000000033754        0xf build/cooja/contiki-ng-cooja.a(ctimer.o)
 .rodata        0x0000000000033763        0xc build/cooja/contiki-ng-cooja.a(etimer.o)
 *fill*         0x000000000003376f        0x1 
 .rodata        0x0000000000033770       0xc0 build/cooja/contiki-ng-cooja.a(log.o)
 .rodata        0x0000000000033830       0x13 build/cooja/contiki-ng-cooja.a(button-hal.o)
 .rodata        0x0000000000033843        0xe build/cooja/contiki-ng-cooja.a(serial-line.o)
 *fill*         0x0000000000033851        0x7 
 .rodata        0x0000000000033858        0x8 build/cooja/contiki-ng-cooja.a(linkaddr.o)
                0x0000000000033858                linkaddr_null
 .rodata        0x0000000000033860      0x280 build/cooja/contiki-ng-cooja.a(strformat.o)
 .rodata        0x0000000000033ae0        0x5 build/cooja/contiki-ng-cooja.a(csma.o)
 .rodata        0x0000000000033ae5       0x1d build/cooja/contiki-ng-cooja.a(sicslowpan.o)
                0x0000000000033ae5                unc_llconf
                0x0000000000033ae9                unc_ctxconf
                0x0000000000033aed                unc_mxconf
                0x0000000000033af1                llprefix
 .rodata        0x0000000000033b02       0x13 build/cooja/contiki-ng-cooja.a(tcp-socket.o)
 .rodata        0x0000000000033b15        0xd build/cooja/contiki-ng-cooja.a(tcpip.o)
 *fill*         0x0000000000033b22        0x6 
 .rodata        0x0000000000033b28       0x4c build/cooja/contiki-ng-cooja.a(uip-ds6-route.o)
 .rodata        0x0000000000033b74       0x48 build/cooja/contiki-ng-cooja.a(uip6.o)
 .rodata        0x0000000000033bbc       0x2d build/cooja/contiki-ng-cooja.a(uiplib.o)
 .rodata        0x0000000000033be9        0x9 build/cooja/contiki-ng-cooja.a(rpl.o)
 *fill*         0x0000000000033bf2        0x6 
 .rodata        0x0000000000033bf8       0x24 build/cooja/contiki-ng-cooja.a(csma-output.o)
 .rodata        0x0000000000033c1c       0x44 build/cooja/contiki-ng-cooja.a(uip-sr.o)
 .rodata        0x0000000000033c60       0xd7 build/cooja/contiki-ng-cooja.a(rpl-dag.o)
 *fill*         0x0000000000033d37        0x1 
 .rodata        0x0000000000033d38       0x58 build/cooja/contiki-ng-cooja.a(rpl-neighbor.o)
 .rodata        0x0000000000033d90        0xc build/cooja/contiki-ng-cooja.a(rpl-timers.o)
 *fill*         0x0000000000033d9c        0x4 
 .rodata        0x0000000000033da0       0x25 build/cooja/contiki-ng-cooja.a(assert.o)

.rodata1
 *(.rodata1)

.eh_frame_hdr   0x0000000000033dc8     0x18ec
 *(.eh_frame_hdr)
 .eh_frame_hdr  0x0000000000033dc8     0x18ec mqttSensorHumi.o
                0x0000000000033dc8                __GNU_EH_FRAME_HDR
 *(.eh_frame_entry .eh_frame_entry.*)

.eh_frame       0x00000000000356b8     0x6418
 *(.eh_frame)
 .eh_frame      0x00000000000356b8       0x40 /usr/lib/gcc/x86_64-linux-gnu/11/../../../x86_64-linux-gnu/crti.o
 .eh_frame      0x00000000000356f8       0x18 /usr/lib/gcc/x86_64-linux-gnu/11/../../../x86_64-linux-gnu/crti.o
                                         0x30 (size before relaxing)
 .eh_frame      0x0000000000035710       0x18 /usr/lib/gcc/x86_64-linux-gnu/11/../../../x86_64-linux-gnu/crti.o
                                         0x30 (size before relaxing)
 .eh_frame      0x0000000000035728       0x88 mqttSensorHumi.o
                                         0xa0 (size before relaxing)
 .eh_frame      0x00000000000357b0      0x198 build/cooja/mtype874130176.o
                                        0x1b0 (size before relaxing)
 .eh_frame      0x0000000000035948       0x40 build/cooja/contiki-ng-cooja.a(simEnvChange.o)
                                         0x58 (size before relaxing)
 .eh_frame      0x0000000000035988       0x60 build/cooja/contiki-ng-cooja.a(cooja_mt.o)
                                         0x78 (size before relaxing)
 .eh_frame      0x00000000000359e8       0x80 build/cooja/contiki-ng-cooja.a(cooja_mtarch.o)
                                         0x98 (size before relaxing)
 .eh_frame      0x0000000000035a68       0xc0 build/cooja/contiki-ng-cooja.a(rtimer-arch.o)
                                         0xd8 (size before relaxing)
 .eh_frame      0x0000000000035b28      0x160 build/cooja/contiki-ng-cooja.a(beep.o)
                                        0x178 (size before relaxing)
 .eh_frame      0x0000000000035c88       0x80 build/cooja/contiki-ng-cooja.a(leds-arch.o)
                                         0x98 (size before relaxing)
 .eh_frame      0x0000000000035d08       0x40 build/cooja/contiki-ng-cooja.a(moteid.o)
                                         0x58 (size before relaxing)
 .eh_frame      0x0000000000035d48       0xa0 build/cooja/contiki-ng-cooja.a(pir-sensor.o)
                                         0xb8 (size before relaxing)
 .eh_frame      0x0000000000035de8      0x100 build/cooja/contiki-ng-cooja.a(rs232.o)
                                        0x118 (size before relaxing)
 .eh_frame      0x0000000000035ee8       0xa0 build/cooja/contiki-ng-cooja.a(vib-sensor.o)
                                         0xb8 (size before relaxing)
 .eh_frame      0x0000000000035f88       0xc0 build/cooja/contiki-ng-cooja.a(clock.o)
                                         0xd8 (size before relaxing)
 .eh_frame      0x0000000000036048      0x100 build/cooja/contiki-ng-cooja.a(cooja-log.o)
                                        0x118 (size before relaxing)
 .eh_frame      0x0000000000036148      0x160 build/cooja/contiki-ng-cooja.a(cfs-cooja.o)
                                        0x178 (size before relaxing)
 .eh_frame      0x00000000000362a8      0x360 build/cooja/contiki-ng-cooja.a(cooja-radio.o)
                                        0x378 (size before relaxing)
 .eh_frame      0x0000000000036608       0xa0 build/cooja/contiki-ng-cooja.a(eeprom.o)
                                         0xb8 (size before relaxing)
 .eh_frame      0x00000000000366a8       0x40 build/cooja/contiki-ng-cooja.a(random.o)
                                         0x58 (size before relaxing)
 .eh_frame      0x00000000000366e8       0xc0 build/cooja/contiki-ng-cooja.a(sensors.o)
                                         0xd8 (size before relaxing)
 .eh_frame      0x00000000000367a8      0x120 build/cooja/contiki-ng-cooja.a(leds.o)
                                        0x138 (size before relaxing)
 .eh_frame      0x00000000000368c8      0x220 build/cooja/contiki-ng-cooja.a(gpio-hal-arch.o)
                                        0x238 (size before relaxing)
 .eh_frame      0x0000000000036ae8       0xa0 build/cooja/contiki-ng-cooja.a(buttons.o)
                                         0xb8 (size before relaxing)
 .eh_frame      0x0000000000036b88      0x4e0 build/cooja/contiki-ng-cooja.a(mqtt.o)
                                        0x4f8 (size before relaxing)
 .eh_frame      0x0000000000037068       0x20 build/cooja/contiki-ng-cooja.a(contiki-main.o)
                                         0x38 (size before relaxing)
 .eh_frame      0x0000000000037088       0x40 build/cooja/contiki-ng-cooja.a(autostart.o)
                                         0x58 (size before relaxing)
 .eh_frame      0x00000000000370c8      0x100 build/cooja/contiki-ng-cooja.a(ctimer.o)
                                        0x118 (size before relaxing)
 .eh_frame      0x00000000000371c8       0x60 build/cooja/contiki-ng-cooja.a(energest.o)
                                         0x78 (size before relaxing)
 .eh_frame      0x0000000000037228      0x1e0 build/cooja/contiki-ng-cooja.a(etimer.o)
                                        0x1f8 (size before relaxing)
 .eh_frame      0x0000000000037408      0x120 build/cooja/contiki-ng-cooja.a(log.o)
                                        0x138 (size before relaxing)
 .eh_frame      0x0000000000037528       0x20 build/cooja/contiki-ng-cooja.a(node-id.o)
                                         0x38 (size before relaxing)
 .eh_frame      0x0000000000037548      0x1c8 build/cooja/contiki-ng-cooja.a(process.o)
                                        0x1e0 (size before relaxing)
 .eh_frame      0x0000000000037710       0x60 build/cooja/contiki-ng-cooja.a(rtimer.o)
                                         0x78 (size before relaxing)
 .eh_frame      0x0000000000037770       0xa0 build/cooja/contiki-ng-cooja.a(timer.o)
                                         0xb8 (size before relaxing)
 .eh_frame      0x0000000000037810      0x1a0 build/cooja/contiki-ng-cooja.a(list.o)
                                        0x1b8 (size before relaxing)
 .eh_frame      0x00000000000379b0      0x160 build/cooja/contiki-ng-cooja.a(button-hal.o)
                                        0x178 (size before relaxing)
 .eh_frame      0x0000000000037b10       0xe0 build/cooja/contiki-ng-cooja.a(gpio-hal.o)
                                         0xf8 (size before relaxing)
 .eh_frame      0x0000000000037bf0       0x60 build/cooja/contiki-ng-cooja.a(serial-line.o)
                                         0x78 (size before relaxing)
 .eh_frame      0x0000000000037c50       0x60 build/cooja/contiki-ng-cooja.a(linkaddr.o)
                                         0x78 (size before relaxing)
 .eh_frame      0x0000000000037cb0       0x80 build/cooja/contiki-ng-cooja.a(netstack.o)
                                         0x98 (size before relaxing)
 .eh_frame      0x0000000000037d30      0x288 build/cooja/contiki-ng-cooja.a(packetbuf.o)
                                        0x2a0 (size before relaxing)
 .eh_frame      0x0000000000037fb8      0x1a0 build/cooja/contiki-ng-cooja.a(queuebuf.o)
                                        0x1b8 (size before relaxing)
 .eh_frame      0x0000000000038158       0x40 build/cooja/contiki-ng-cooja.a(printf.o)
                                         0x58 (size before relaxing)
 .eh_frame      0x0000000000038198       0x20 build/cooja/contiki-ng-cooja.a(putchar.o)
                                         0x38 (size before relaxing)
 .eh_frame      0x00000000000381b8       0x20 build/cooja/contiki-ng-cooja.a(puts.o)
                                         0x38 (size before relaxing)
 .eh_frame      0x00000000000381d8       0x60 build/cooja/contiki-ng-cooja.a(snprintf.o)
                                         0x78 (size before relaxing)
 .eh_frame      0x0000000000038238       0x40 build/cooja/contiki-ng-cooja.a(sprintf.o)
                                         0x58 (size before relaxing)
 .eh_frame      0x0000000000038278      0x120 build/cooja/contiki-ng-cooja.a(strformat.o)
                                        0x138 (size before relaxing)
 .eh_frame      0x0000000000038398       0xe0 build/cooja/contiki-ng-cooja.a(csma.o)
                                         0xf8 (size before relaxing)
 .eh_frame      0x0000000000038478      0x2e0 build/cooja/contiki-ng-cooja.a(sicslowpan.o)
                                        0x2f8 (size before relaxing)
 .eh_frame      0x0000000000038758      0x248 build/cooja/contiki-ng-cooja.a(tcp-socket.o)
                                        0x260 (size before relaxing)
 .eh_frame      0x00000000000389a0      0x308 build/cooja/contiki-ng-cooja.a(tcpip.o)
                                        0x320 (size before relaxing)
 .eh_frame      0x0000000000038ca8      0x1c0 build/cooja/contiki-ng-cooja.a(uip-ds6-nbr.o)
                                        0x1d8 (size before relaxing)
 .eh_frame      0x0000000000038e68      0x240 build/cooja/contiki-ng-cooja.a(uip-ds6-route.o)
                                        0x258 (size before relaxing)
 .eh_frame      0x00000000000390a8      0x328 build/cooja/contiki-ng-cooja.a(uip-ds6.o)
                                        0x340 (size before relaxing)
 .eh_frame      0x00000000000393d0       0xe0 build/cooja/contiki-ng-cooja.a(uip-packetqueue.o)
                                         0xf8 (size before relaxing)
 .eh_frame      0x00000000000394b0      0x2b0 build/cooja/contiki-ng-cooja.a(uip6.o)
                                        0x2c8 (size before relaxing)
 .eh_frame      0x0000000000039760      0x200 build/cooja/contiki-ng-cooja.a(uipbuf.o)
                                        0x218 (size before relaxing)
 .eh_frame      0x0000000000039960       0x80 build/cooja/contiki-ng-cooja.a(uiplib.o)
                                         0x98 (size before relaxing)
 .eh_frame      0x00000000000399e0      0x1e0 build/cooja/contiki-ng-cooja.a(rpl.o)
                                        0x1f8 (size before relaxing)
 .eh_frame      0x0000000000039bc0       0xa0 build/cooja/contiki-ng-cooja.a(watchdog.o)
                                         0xb8 (size before relaxing)
 .eh_frame      0x0000000000039c60       0x80 build/cooja/contiki-ng-cooja.a(int-master.o)
                                         0x98 (size before relaxing)
 .eh_frame      0x0000000000039ce0       0xc0 build/cooja/contiki-ng-cooja.a(stimer.o)
                                         0xd8 (size before relaxing)
 .eh_frame      0x0000000000039da0       0xa0 build/cooja/contiki-ng-cooja.a(memb.o)
                                         0xb8 (size before relaxing)
 .eh_frame      0x0000000000039e40       0xa0 build/cooja/contiki-ng-cooja.a(ringbuf.o)
                                         0xb8 (size before relaxing)
 .eh_frame      0x0000000000039ee0      0x120 build/cooja/contiki-ng-cooja.a(link-stats.o)
                                        0x138 (size before relaxing)
 .eh_frame      0x000000000003a000      0x3e0 build/cooja/contiki-ng-cooja.a(nbr-table.o)
                                        0x3f8 (size before relaxing)
 .eh_frame      0x000000000003a3e0       0x48 build/cooja/contiki-ng-cooja.a(mac-sequence.o)
                                         0x60 (size before relaxing)
 .eh_frame      0x000000000003a428       0xa8 build/cooja/contiki-ng-cooja.a(framer-802154.o)
                                         0xc0 (size before relaxing)
 .eh_frame      0x000000000003a4d0      0x1c8 build/cooja/contiki-ng-cooja.a(csma-output.o)
                                        0x1e0 (size before relaxing)
 .eh_frame      0x000000000003a698       0x40 build/cooja/contiki-ng-cooja.a(csma-security.o)
                                         0x58 (size before relaxing)
 .eh_frame      0x000000000003a6d8      0x148 build/cooja/contiki-ng-cooja.a(uip-icmp6.o)
                                        0x160 (size before relaxing)
 .eh_frame      0x000000000003a820       0x80 build/cooja/contiki-ng-cooja.a(uip-nd6.o)
                                         0x98 (size before relaxing)
 .eh_frame      0x000000000003a8a0      0x180 build/cooja/contiki-ng-cooja.a(uip-sr.o)
                                        0x198 (size before relaxing)
 .eh_frame      0x000000000003aa20       0xa0 build/cooja/contiki-ng-cooja.a(rpl-dag-root.o)
                                         0xb8 (size before relaxing)
 .eh_frame      0x000000000003aac0      0x360 build/cooja/contiki-ng-cooja.a(rpl-dag.o)
                                        0x378 (size before relaxing)
 .eh_frame      0x000000000003ae20      0x128 build/cooja/contiki-ng-cooja.a(rpl-ext-header.o)
                                        0x140 (size before relaxing)
 .eh_frame      0x000000000003af48      0x1c0 build/cooja/contiki-ng-cooja.a(rpl-icmp6.o)
                                        0x1d8 (size before relaxing)
 .eh_frame      0x000000000003b108      0x148 build/cooja/contiki-ng-cooja.a(rpl-mrhof.o)
                                        0x160 (size before relaxing)
 .eh_frame      0x000000000003b250       0x40 build/cooja/contiki-ng-cooja.a(rpl-nbr-policy.o)
                                         0x58 (size before relaxing)
 .eh_frame      0x000000000003b290      0x2b0 build/cooja/contiki-ng-cooja.a(rpl-neighbor.o)
                                        0x2c8 (size before relaxing)
 .eh_frame      0x000000000003b540      0x3a8 build/cooja/contiki-ng-cooja.a(rpl-timers.o)
                                        0x3c0 (size before relaxing)
 .eh_frame      0x000000000003b8e8       0x20 build/cooja/contiki-ng-cooja.a(assert.o)
                                         0x38 (size before relaxing)
 .eh_frame      0x000000000003b908       0x20 build/cooja/contiki-ng-cooja.a(mac.o)
                                         0x38 (size before relaxing)
 .eh_frame      0x000000000003b928      0x1a4 build/cooja/contiki-ng-cooja.a(frame802154.o)
                                        0x1c0 (size before relaxing)
 .eh_frame      0x000000000003bacc        0x4 /usr/lib/gcc/x86_64-linux-gnu/11/crtendS.o
 *(.eh_frame.*)

.gcc_except_table
 *(.gcc_except_table .gcc_except_table.*)

.gnu_extab
 *(.gnu_extab*)

.exception_ranges
 *(.exception_ranges*)
                0x000000000003d6f0                . = DATA_SEGMENT_ALIGN (CONSTANT (MAXPAGESIZE), CONSTANT (COMMONPAGESIZE))

.eh_frame
 *(.eh_frame)
 *(.eh_frame.*)

.gnu_extab
 *(.gnu_extab)

.gcc_except_table
 *(.gcc_except_table .gcc_except_table.*)

.exception_ranges
 *(.exception_ranges*)

.tdata
 *(.tdata .tdata.* .gnu.linkonce.td.*)

.tbss
 *(.tbss .tbss.* .gnu.linkonce.tb.*)
 *(.tcommon)

.preinit_array
 *(.preinit_array)

.init_array     0x000000000003d6f0        0x8
 *(SORT_BY_INIT_PRIORITY(.init_array.*) SORT_BY_INIT_PRIORITY(.ctors.*))
 *(.init_array EXCLUDE_FILE(*crtend?.o *crtend.o *crtbegin?.o *crtbegin.o) .ctors)
 .init_array    0x000000000003d6f0        0x8 /usr/lib/gcc/x86_64-linux-gnu/11/crtbeginS.o

.fini_array     0x000000000003d6f8        0x8
 *(SORT_BY_INIT_PRIORITY(.fini_array.*) SORT_BY_INIT_PRIORITY(.dtors.*))
 *(.fini_array EXCLUDE_FILE(*crtend?.o *crtend.o *crtbegin?.o *crtbegin.o) .dtors)
 .fini_array    0x000000000003d6f8        0x8 /usr/lib/gcc/x86_64-linux-gnu/11/crtbeginS.o

.ctors
 *crtbegin.o(.ctors)
 *crtbegin?.o(.ctors)
 *(EXCLUDE_FILE(*crtend?.o *crtend.o) .ctors)
 *(SORT_BY_NAME(.ctors.*))
 *(.ctors)

.dtors
 *crtbegin.o(.dtors)
 *crtbegin?.o(.dtors)
 *(EXCLUDE_FILE(*crtend?.o *crtend.o) .dtors)
 *(SORT_BY_NAME(.dtors.*))
 *(.dtors)

.jcr
 *(.jcr)

.data.rel.ro    0x000000000003d700      0x350
 *(.data.rel.ro.local* .gnu.linkonce.d.rel.ro.local.*)
 .data.rel.ro.local
                0x000000000003d700       0x10 build/cooja/contiki-ng-cooja.a(beep.o)
                0x000000000003d700                beep_interface
 .data.rel.ro.local
                0x000000000003d710       0x10 build/cooja/contiki-ng-cooja.a(leds-arch.o)
                0x000000000003d710                leds_interface
 .data.rel.ro.local
                0x000000000003d720       0x10 build/cooja/contiki-ng-cooja.a(moteid.o)
                0x000000000003d720                moteid_interface
 *fill*         0x000000000003d730       0x10 
 .data.rel.ro.local
                0x000000000003d740       0x40 build/cooja/contiki-ng-cooja.a(pir-sensor.o)
                0x000000000003d740                pir_interface
                0x000000000003d760                pir_sensor
 .data.rel.ro.local
                0x000000000003d780       0x10 build/cooja/contiki-ng-cooja.a(rs232.o)
                0x000000000003d780                rs232_interface
 *fill*         0x000000000003d790       0x10 
 .data.rel.ro.local
                0x000000000003d7a0       0x40 build/cooja/contiki-ng-cooja.a(vib-sensor.o)
                0x000000000003d7a0                vib_interface
                0x000000000003d7c0                vib_sensor
 .data.rel.ro.local
                0x000000000003d7e0       0x10 build/cooja/contiki-ng-cooja.a(clock.o)
                0x000000000003d7e0                clock_interface
 .data.rel.ro.local
                0x000000000003d7f0       0x10 build/cooja/contiki-ng-cooja.a(cooja-log.o)
                0x000000000003d7f0                simlog_interface
 .data.rel.ro.local
                0x000000000003d800       0x10 build/cooja/contiki-ng-cooja.a(cfs-cooja.o)
                0x000000000003d800                cfs_interface
 *fill*         0x000000000003d810       0x10 
 .data.rel.ro.local
                0x000000000003d820       0x90 build/cooja/contiki-ng-cooja.a(cooja-radio.o)
                0x000000000003d820                radio_interface
                0x000000000003d840                cooja_radio_driver
 .data.rel.ro.local
                0x000000000003d8b0       0x10 build/cooja/contiki-ng-cooja.a(eeprom.o)
                0x000000000003d8b0                eeprom_interface
 .data.rel.ro.local
                0x000000000003d8c0       0x40 build/cooja/contiki-ng-cooja.a(buttons.o)
                0x000000000003d8c0                button_interface
                0x000000000003d8e0                button_sensor
 .data.rel.ro.local
                0x000000000003d900       0x38 build/cooja/contiki-ng-cooja.a(csma.o)
                0x000000000003d900                csma_driver
 *fill*         0x000000000003d938        0x8 
 .data.rel.ro.local
                0x000000000003d940       0x18 build/cooja/contiki-ng-cooja.a(framer-802154.o)
                0x000000000003d940                framer_802154
 *(.data.rel.ro .data.rel.ro.* .gnu.linkonce.d.rel.ro.*)
 .data.rel.ro   0x000000000003d958        0x0 /usr/lib/gcc/x86_64-linux-gnu/11/../../../x86_64-linux-gnu/crti.o
 *fill*         0x000000000003d958        0x8 
 .data.rel.ro   0x000000000003d960       0x10 mqttSensorHumi.o
                0x000000000003d960                autostart_processes
 *fill*         0x000000000003d970       0x10 
 .data.rel.ro   0x000000000003d980       0x20 build/cooja/contiki-ng-cooja.a(sicslowpan.o)
                0x000000000003d980                sicslowpan_driver
 .data.rel.ro   0x000000000003d9a0       0xa8 build/cooja/contiki-ng-cooja.a(rpl.o)
                0x000000000003d9a0                rpl_lite_driver
 .data.rel.ro   0x000000000003da48        0x8 build/cooja/contiki-ng-cooja.a(rpl-dag.o)

.dynamic        0x000000000003da50      0x1c0
 *(.dynamic)
 .dynamic       0x000000000003da50      0x1c0 /usr/lib/gcc/x86_64-linux-gnu/11/../../../x86_64-linux-gnu/crti.o
                0x000000000003da50                _DYNAMIC

.got            0x000000000003dc10      0x3f0
 *(.got)
 .got           0x000000000003dc10      0x3f0 /usr/lib/gcc/x86_64-linux-gnu/11/../../../x86_64-linux-gnu/crti.o
 *(.igot)
                0x000000000003efe8                . = DATA_SEGMENT_RELRO_END (., (SIZEOF (.got.plt) >= 0x18)?0x18:0x0)

.got.plt        0x000000000003e000      0xbb8
 *(.got.plt)
 .got.plt       0x000000000003e000      0xbb8 /usr/lib/gcc/x86_64-linux-gnu/11/../../../x86_64-linux-gnu/crti.o
                0x000000000003e000                _GLOBAL_OFFSET_TABLE_
 *(.igot.plt)

.data           0x000000000003ebc0      0x812
 *(.data .data.* .gnu.linkonce.d.*)
 .data          0x000000000003ebc0        0x0 /usr/lib/gcc/x86_64-linux-gnu/11/../../../x86_64-linux-gnu/crti.o
 .data          0x000000000003ebc0        0x0 /usr/lib/gcc/x86_64-linux-gnu/11/crtbeginS.o
 .data.rel.local
                0x000000000003ebc0        0x8 /usr/lib/gcc/x86_64-linux-gnu/11/crtbeginS.o
                0x000000000003ebc0                __dso_handle
 .data          0x000000000003ebc8        0x4 mqttSensorHumi.o
 *fill*         0x000000000003ebcc       0x14 
 .data.rel.local
                0x000000000003ebe0       0x40 mqttSensorHumi.o
                0x000000000003ec00                mqtt_sensor_humidity
 .data          0x000000000003ec20        0x0 build/cooja/mtype874130176.o
 .data.rel      0x000000000003ec20       0xa0 build/cooja/mtype874130176.o
                0x000000000003ec20                simInterfaces
                0x000000000003eca0                sensors
 .data          0x000000000003ecc0        0x0 build/cooja/contiki-ng-cooja.a(simEnvChange.o)
 .data          0x000000000003ecc0        0x0 build/cooja/contiki-ng-cooja.a(cooja_mt.o)
 .data          0x000000000003ecc0        0x0 build/cooja/contiki-ng-cooja.a(cooja_mtarch.o)
 .data          0x000000000003ecc0        0x0 build/cooja/contiki-ng-cooja.a(rtimer-arch.o)
 .data          0x000000000003ecc0        0x0 build/cooja/contiki-ng-cooja.a(beep.o)
 .data          0x000000000003ecc0        0x0 build/cooja/contiki-ng-cooja.a(leds-arch.o)
 .data          0x000000000003ecc0        0x0 build/cooja/contiki-ng-cooja.a(moteid.o)
 .data          0x000000000003ecc0        0x0 build/cooja/contiki-ng-cooja.a(pir-sensor.o)
 .data          0x000000000003ecc0        0x0 build/cooja/contiki-ng-cooja.a(rs232.o)
 .data          0x000000000003ecc0        0x0 build/cooja/contiki-ng-cooja.a(vib-sensor.o)
 .data          0x000000000003ecc0        0x0 build/cooja/contiki-ng-cooja.a(clock.o)
 .data          0x000000000003ecc0        0x0 build/cooja/contiki-ng-cooja.a(cooja-log.o)
 .data          0x000000000003ecc0        0x0 build/cooja/contiki-ng-cooja.a(cfs-cooja.o)
 .data          0x000000000003ecc0       0x20 build/cooja/contiki-ng-cooja.a(cooja-radio.o)
                0x000000000003ecc0                simRadioHWOn
                0x000000000003ecc4                simSignalStrength
                0x000000000003ecc8                simLastSignalStrength
                0x000000000003eccc                simPower
                0x000000000003ecd0                simRadioChannel
                0x000000000003ecd4                simLQI
                0x000000000003ecd8                simLastLQI
 .data.rel.local
                0x000000000003ece0       0x20 build/cooja/contiki-ng-cooja.a(cooja-radio.o)
                0x000000000003ece0                cooja_radio_process
 .data          0x000000000003ed00        0x0 build/cooja/contiki-ng-cooja.a(eeprom.o)
 .data          0x000000000003ed00        0x0 build/cooja/contiki-ng-cooja.a(random.o)
 .data          0x000000000003ed00        0x0 build/cooja/contiki-ng-cooja.a(sensors.o)
 .data.rel.local
                0x000000000003ed00       0x20 build/cooja/contiki-ng-cooja.a(sensors.o)
                0x000000000003ed00                sensors_process
 .data          0x000000000003ed20        0x0 build/cooja/contiki-ng-cooja.a(leds.o)
 .data          0x000000000003ed20        0x0 build/cooja/contiki-ng-cooja.a(gpio-hal-arch.o)
 .data          0x000000000003ed20        0x1 build/cooja/contiki-ng-cooja.a(buttons.o)
                0x000000000003ed20                simButtonIsActive
 *fill*         0x000000000003ed21       0x1f 
 .data.rel.local
                0x000000000003ed40       0xb0 build/cooja/contiki-ng-cooja.a(buttons.o)
                0x000000000003ede0                button_hal_buttons
 .data          0x000000000003edf0        0x0 build/cooja/contiki-ng-cooja.a(mqtt.o)
 *fill*         0x000000000003edf0       0x10 
 .data.rel.local
                0x000000000003ee00       0x40 build/cooja/contiki-ng-cooja.a(mqtt.o)
                0x000000000003ee20                mqtt_process
 .data          0x000000000003ee40        0x0 build/cooja/contiki-ng-cooja.a(contiki-main.o)
 .data          0x000000000003ee40        0x0 build/cooja/contiki-ng-cooja.a(autostart.o)
 .data          0x000000000003ee40        0x0 build/cooja/contiki-ng-cooja.a(ctimer.o)
 .data.rel.local
                0x000000000003ee40       0x40 build/cooja/contiki-ng-cooja.a(ctimer.o)
                0x000000000003ee60                ctimer_process
 .data          0x000000000003ee80        0x0 build/cooja/contiki-ng-cooja.a(energest.o)
 .data          0x000000000003ee80        0x0 build/cooja/contiki-ng-cooja.a(etimer.o)
 .data.rel.local
                0x000000000003ee80       0x20 build/cooja/contiki-ng-cooja.a(etimer.o)
                0x000000000003ee80                etimer_process
 .data          0x000000000003eea0        0x4 build/cooja/contiki-ng-cooja.a(log.o)
                0x000000000003eea0                curr_log_level_main
 *fill*         0x000000000003eea4       0x1c 
 .data.rel      0x000000000003eec0      0x138 build/cooja/contiki-ng-cooja.a(log.o)
                0x000000000003eec0                all_modules
 .data          0x000000000003eff8        0x0 build/cooja/contiki-ng-cooja.a(node-id.o)
 .data          0x000000000003eff8        0x0 build/cooja/contiki-ng-cooja.a(process.o)
 .data          0x000000000003eff8        0x0 build/cooja/contiki-ng-cooja.a(rtimer.o)
 .data          0x000000000003eff8        0x0 build/cooja/contiki-ng-cooja.a(timer.o)
 .data          0x000000000003eff8        0x0 build/cooja/contiki-ng-cooja.a(list.o)
 .data          0x000000000003eff8        0x0 build/cooja/contiki-ng-cooja.a(button-hal.o)
 *fill*         0x000000000003eff8        0x8 
 .data.rel.local
                0x000000000003f000       0x20 build/cooja/contiki-ng-cooja.a(button-hal.o)
                0x000000000003f000                button_hal_process
 .data          0x000000000003f020        0x0 build/cooja/contiki-ng-cooja.a(gpio-hal.o)
 .data.rel.local
                0x000000000003f020        0x8 build/cooja/contiki-ng-cooja.a(gpio-hal.o)
 .data          0x000000000003f028        0x0 build/cooja/contiki-ng-cooja.a(serial-line.o)
 *fill*         0x000000000003f028       0x18 
 .data.rel.local
                0x000000000003f040       0x20 build/cooja/contiki-ng-cooja.a(serial-line.o)
                0x000000000003f040                serial_line_process
 .data          0x000000000003f060        0x0 build/cooja/contiki-ng-cooja.a(linkaddr.o)
 .data          0x000000000003f060        0x0 build/cooja/contiki-ng-cooja.a(netstack.o)
 .data.rel.local
                0x000000000003f060        0x8 build/cooja/contiki-ng-cooja.a(netstack.o)
 .data          0x000000000003f068        0x0 build/cooja/contiki-ng-cooja.a(packetbuf.o)
 .data.rel.local
                0x000000000003f068        0x8 build/cooja/contiki-ng-cooja.a(packetbuf.o)
 .data          0x000000000003f070        0x0 build/cooja/contiki-ng-cooja.a(queuebuf.o)
 .data.rel.local
                0x000000000003f070       0x38 build/cooja/contiki-ng-cooja.a(queuebuf.o)
 .data          0x000000000003f0a8        0x0 build/cooja/contiki-ng-cooja.a(printf.o)
 *fill*         0x000000000003f0a8        0x8 
 .data.rel.local
                0x000000000003f0b0       0x10 build/cooja/contiki-ng-cooja.a(printf.o)
 .data          0x000000000003f0c0        0x0 build/cooja/contiki-ng-cooja.a(putchar.o)
 .data          0x000000000003f0c0        0x0 build/cooja/contiki-ng-cooja.a(puts.o)
 .data          0x000000000003f0c0        0x0 build/cooja/contiki-ng-cooja.a(snprintf.o)
 .data          0x000000000003f0c0        0x0 build/cooja/contiki-ng-cooja.a(sprintf.o)
 .data          0x000000000003f0c0        0x0 build/cooja/contiki-ng-cooja.a(strformat.o)
 .data          0x000000000003f0c0        0x0 build/cooja/contiki-ng-cooja.a(csma.o)
 .data          0x000000000003f0c0        0x0 build/cooja/contiki-ng-cooja.a(sicslowpan.o)
 .data          0x000000000003f0c0        0x0 build/cooja/contiki-ng-cooja.a(tcp-socket.o)
 .data.rel.local
                0x000000000003f0c0       0x40 build/cooja/contiki-ng-cooja.a(tcp-socket.o)
                0x000000000003f0e0                tcp_socket_process
 .data          0x000000000003f100        0x0 build/cooja/contiki-ng-cooja.a(tcpip.o)
 .data.rel.local
                0x000000000003f100       0x20 build/cooja/contiki-ng-cooja.a(tcpip.o)
                0x000000000003f100                tcpip_process
 .data          0x000000000003f120        0x0 build/cooja/contiki-ng-cooja.a(uip-ds6-nbr.o)
 .data.rel.local
                0x000000000003f120       0x20 build/cooja/contiki-ng-cooja.a(uip-ds6-nbr.o)
 .data          0x000000000003f140        0x0 build/cooja/contiki-ng-cooja.a(uip-ds6-route.o)
 .data.rel.local
                0x000000000003f140       0x28 build/cooja/contiki-ng-cooja.a(uip-ds6-route.o)
 .data          0x000000000003f168        0x0 build/cooja/contiki-ng-cooja.a(uip-ds6.o)
 .data          0x000000000003f168        0x0 build/cooja/contiki-ng-cooja.a(uip-packetqueue.o)
 *fill*         0x000000000003f168        0x8 
 .data.rel.local
                0x000000000003f170       0x18 build/cooja/contiki-ng-cooja.a(uip-packetqueue.o)
 .data          0x000000000003f188        0x0 build/cooja/contiki-ng-cooja.a(uip6.o)
 .data          0x000000000003f188        0x0 build/cooja/contiki-ng-cooja.a(uipbuf.o)
 .data          0x000000000003f188        0x0 build/cooja/contiki-ng-cooja.a(uiplib.o)
 .data          0x000000000003f188        0x0 build/cooja/contiki-ng-cooja.a(rpl.o)
 .data          0x000000000003f188        0x0 build/cooja/contiki-ng-cooja.a(watchdog.o)
 .data          0x000000000003f188        0x0 build/cooja/contiki-ng-cooja.a(int-master.o)
 .data          0x000000000003f188        0x0 build/cooja/contiki-ng-cooja.a(stimer.o)
 .data          0x000000000003f188        0x0 build/cooja/contiki-ng-cooja.a(memb.o)
 .data          0x000000000003f188        0x0 build/cooja/contiki-ng-cooja.a(ringbuf.o)
 .data          0x000000000003f188        0x0 build/cooja/contiki-ng-cooja.a(link-stats.o)
 *fill*         0x000000000003f188        0x8 
 .data.rel.local
                0x000000000003f190       0x20 build/cooja/contiki-ng-cooja.a(link-stats.o)
 .data          0x000000000003f1b0        0x0 build/cooja/contiki-ng-cooja.a(nbr-table.o)
 .data.rel.local
                0x000000000003f1b0       0x20 build/cooja/contiki-ng-cooja.a(nbr-table.o)
 .data          0x000000000003f1d0        0x0 build/cooja/contiki-ng-cooja.a(mac-sequence.o)
 .data          0x000000000003f1d0        0x0 build/cooja/contiki-ng-cooja.a(framer-802154.o)
 .data          0x000000000003f1d0        0x0 build/cooja/contiki-ng-cooja.a(csma-output.o)
 .data.rel.local
                0x000000000003f1d0       0x60 build/cooja/contiki-ng-cooja.a(csma-output.o)
 .data          0x000000000003f230        0x0 build/cooja/contiki-ng-cooja.a(csma-security.o)
 .data          0x000000000003f230        0x0 build/cooja/contiki-ng-cooja.a(uip-icmp6.o)
 .data.rel.local
                0x000000000003f230       0x48 build/cooja/contiki-ng-cooja.a(uip-icmp6.o)
 .data          0x000000000003f278        0x0 build/cooja/contiki-ng-cooja.a(uip-nd6.o)
 *fill*         0x000000000003f278        0x8 
 .data.rel.local
                0x000000000003f280       0x18 build/cooja/contiki-ng-cooja.a(uip-nd6.o)
 .data          0x000000000003f298        0x0 build/cooja/contiki-ng-cooja.a(uip-sr.o)
 *fill*         0x000000000003f298        0x8 
 .data.rel.local
                0x000000000003f2a0       0x28 build/cooja/contiki-ng-cooja.a(uip-sr.o)
 .data          0x000000000003f2c8        0x0 build/cooja/contiki-ng-cooja.a(rpl-dag-root.o)
 .data          0x000000000003f2c8        0x0 build/cooja/contiki-ng-cooja.a(rpl-dag.o)
 .data          0x000000000003f2c8        0x0 build/cooja/contiki-ng-cooja.a(rpl-ext-header.o)
 .data          0x000000000003f2c8        0x0 build/cooja/contiki-ng-cooja.a(rpl-icmp6.o)
 *fill*         0x000000000003f2c8        0x8 
 .data.rel.local
                0x000000000003f2d0       0x78 build/cooja/contiki-ng-cooja.a(rpl-icmp6.o)
 .data          0x000000000003f348        0x0 build/cooja/contiki-ng-cooja.a(rpl-mrhof.o)
 *fill*         0x000000000003f348       0x18 
 .data.rel.local
                0x000000000003f360       0x48 build/cooja/contiki-ng-cooja.a(rpl-mrhof.o)
                0x000000000003f360                rpl_mrhof
 .data          0x000000000003f3a8        0x0 build/cooja/contiki-ng-cooja.a(rpl-nbr-policy.o)
 .data          0x000000000003f3a8        0x0 build/cooja/contiki-ng-cooja.a(rpl-neighbor.o)
 *fill*         0x000000000003f3a8        0x8 
 .data.rel.local
                0x000000000003f3b0       0x20 build/cooja/contiki-ng-cooja.a(rpl-neighbor.o)
                0x000000000003f3c8                rpl_neighbors
 .data          0x000000000003f3d0        0x0 build/cooja/contiki-ng-cooja.a(rpl-timers.o)
 .data          0x000000000003f3d0        0x0 build/cooja/contiki-ng-cooja.a(assert.o)
 .data          0x000000000003f3d0        0x0 build/cooja/contiki-ng-cooja.a(mac.o)
 .data          0x000000000003f3d0        0x2 build/cooja/contiki-ng-cooja.a(frame802154.o)
 .data          0x000000000003f3d2        0x0 /usr/lib/gcc/x86_64-linux-gnu/11/crtendS.o
 .data          0x000000000003f3d2        0x0 /usr/lib/gcc/x86_64-linux-gnu/11/../../../x86_64-linux-gnu/crtn.o

.tm_clone_table
                0x000000000003f3d8        0x0
 .tm_clone_table
                0x000000000003f3d8        0x0 /usr/lib/gcc/x86_64-linux-gnu/11/crtbeginS.o
 .tm_clone_table
                0x000000000003f3d8        0x0 /usr/lib/gcc/x86_64-linux-gnu/11/crtendS.o

.data1
 *(.data1)
                [!provide]                        PROVIDE (_edata = .)
                [!provide]                        PROVIDE (edata = .)
                0x000000000003f3d8                . = .
                [!provide]                        PROVIDE (__bss_start = .)

.bss            0x000000000003f3e0    0x18200
 *(.dynbss)
 .dynbss        0x000000000003f3e0        0x0 /usr/lib/gcc/x86_64-linux-gnu/11/../../../x86_64-linux-gnu/crti.o
 *(.bss .bss.* .gnu.linkonce.b.*)
 .bss           0x000000000003f3e0        0x0 /usr/lib/gcc/x86_64-linux-gnu/11/../../../x86_64-linux-gnu/crti.o
 .bss           0x000000000003f3e0        0x1 /usr/lib/gcc/x86_64-linux-gnu/11/crtbeginS.o
 *fill*         0x000000000003f3e1       0x1f 
 .bss           0x000000000003f400      0xb58 mqttSensorHumi.o
 *fill*         0x000000000003ff58        0x8 
 .bss           0x000000000003ff60     0x4060 build/cooja/mtype874130176.o
                0x000000000003ff60                sensors_flags
                0x000000000003ff68                referenceVar
 .bss           0x0000000000043fc0       0x18 build/cooja/contiki-ng-cooja.a(simEnvChange.o)
                0x0000000000043fc0                simDontFallAsleep
                0x0000000000043fc4                simProcessRunValue
                0x0000000000043fc8                simEtimerPending
                0x0000000000043fd0                simEtimerNextExpirationTime
 .bss           0x0000000000043fd8        0x8 build/cooja/contiki-ng-cooja.a(cooja_mt.o)
 .bss           0x0000000000043fe0        0x8 build/cooja/contiki-ng-cooja.a(cooja_mtarch.o)
 .bss           0x0000000000043fe8       0x18 build/cooja/contiki-ng-cooja.a(rtimer-arch.o)
                0x0000000000043fe8                simRtimerPending
                0x0000000000043ff0                simRtimerNextExpirationTime
                0x0000000000043ff8                simRtimerCurrentTicks
 .bss           0x0000000000044000        0x1 build/cooja/contiki-ng-cooja.a(beep.o)
                0x0000000000044000                simBeeped
 .bss           0x0000000000044001        0x1 build/cooja/contiki-ng-cooja.a(leds-arch.o)
                0x0000000000044001                simLedsValue
 *fill*         0x0000000000044002        0x2 
 .bss           0x0000000000044004        0xc build/cooja/contiki-ng-cooja.a(moteid.o)
                0x0000000000044004                simMoteID
                0x0000000000044008                simMoteIDChanged
                0x000000000004400c                simRandomSeed
 .bss           0x0000000000044010        0x3 build/cooja/contiki-ng-cooja.a(pir-sensor.o)
                0x0000000000044010                simPirChanged
                0x0000000000044011                simPirIsActive
                0x0000000000044012                simPirValue
 *fill*         0x0000000000044013        0xd 
 .bss           0x0000000000044020      0x810 build/cooja/contiki-ng-cooja.a(rs232.o)
                0x0000000000044020                simSerialReceivingData
                0x0000000000044820                simSerialReceivingLength
                0x0000000000044824                simSerialReceivingFlag
 .bss           0x0000000000044830        0x3 build/cooja/contiki-ng-cooja.a(vib-sensor.o)
                0x0000000000044830                simVibChanged
                0x0000000000044831                simVibIsActive
                0x0000000000044832                simVibValue
 *fill*         0x0000000000044833        0x5 
 .bss           0x0000000000044838        0x8 build/cooja/contiki-ng-cooja.a(clock.o)
                0x0000000000044838                simCurrentTime
 .bss           0x0000000000044840     0x200d build/cooja/contiki-ng-cooja.a(cooja-log.o)
                0x0000000000044840                simLoggedData
                0x0000000000046840                simLoggedLength
                0x0000000000046844                simLoggedFlag
 *fill*         0x000000000004684d       0x13 
 .bss           0x0000000000046860      0xfc0 build/cooja/contiki-ng-cooja.a(cfs-cooja.o)
                0x0000000000046860                simCFSData
                0x0000000000047800                simCFSSize
                0x0000000000047804                simCFSChanged
                0x0000000000047808                simCFSRead
                0x000000000004780c                simCFSWritten
 .bss           0x0000000000047820      0x15c build/cooja/contiki-ng-cooja.a(cooja-radio.o)
                0x0000000000047820                simReceiving
                0x0000000000047840                simInDataBuffer
                0x00000000000478c0                simInSize
                0x00000000000478c8                simLastPacketTimestamp
                0x00000000000478e0                simOutDataBuffer
                0x0000000000047960                simOutSize
 *fill*         0x000000000004797c        0x4 
 .bss           0x0000000000047980      0x40c build/cooja/contiki-ng-cooja.a(eeprom.o)
                0x0000000000047980                simEEPROMData
                0x0000000000047d80                simEEPROMChanged
                0x0000000000047d84                simEEPROMRead
                0x0000000000047d88                simEEPROMWritten
 .bss           0x0000000000047d8c        0x0 build/cooja/contiki-ng-cooja.a(random.o)
 .bss           0x0000000000047d8c        0xc build/cooja/contiki-ng-cooja.a(sensors.o)
                0x0000000000047d8c                sensors_event
 .bss           0x0000000000047d98        0x0 build/cooja/contiki-ng-cooja.a(leds.o)
 *fill*         0x0000000000047d98        0x8 
 .bss           0x0000000000047da0       0x40 build/cooja/contiki-ng-cooja.a(gpio-hal-arch.o)
 .bss           0x0000000000047de0        0x2 build/cooja/contiki-ng-cooja.a(buttons.o)
                0x0000000000047de0                simButtonChanged
                0x0000000000047de1                simButtonIsDown
 *fill*         0x0000000000047de2        0x6 
 .bss           0x0000000000047de8       0x21 build/cooja/contiki-ng-cooja.a(mqtt.o)
                0x0000000000047de8                mqtt_update_event