Archive member included to satisfy reference by file (symbol)

build/cooja/contiki-ng-cooja.a(simEnvChange.o)
                              build/cooja/mtype923740799.o (simDontFallAsleep)
build/cooja/contiki-ng-cooja.a(cooja_mt.o)
                              build/cooja/mtype923740799.o (cooja_mt_start)
build/cooja/contiki-ng-cooja.a(cooja_mtarch.o)
                              build/cooja/contiki-ng-cooja.a(cooja_mt.o) (cooja_mtarch_start)
build/cooja/contiki-ng-cooja.a(rtimer-arch.o)
                              build/cooja/mtype923740799.o (rtimer_arch_check)
build/cooja/contiki-ng-cooja.a(beep.o)
                              build/cooja/mtype923740799.o (beep_interface)
build/cooja/contiki-ng-cooja.a(leds-arch.o)
                              build/cooja/mtype923740799.o (leds_interface)
build/cooja/contiki-ng-cooja.a(moteid.o)
                              build/cooja/mtype923740799.o (moteid_interface)
build/cooja/contiki-ng-cooja.a(pir-sensor.o)
                              build/cooja/mtype923740799.o (pir_interface)
build/cooja/contiki-ng-cooja.a(rs232.o)
                              build/cooja/mtype923740799.o (rs232_interface)
build/cooja/contiki-ng-cooja.a(vib-sensor.o)
                              build/cooja/mtype923740799.o (vib_interface)
build/cooja/contiki-ng-cooja.a(clock.o)
                              build/cooja/mtype923740799.o (clock_interface)
build/cooja/contiki-ng-cooja.a(cooja-log.o)
                              build/cooja/mtype923740799.o (simlog_interface)
build/cooja/contiki-ng-cooja.a(cfs-cooja.o)
                              build/cooja/mtype923740799.o (cfs_interface)
build/cooja/contiki-ng-cooja.a(cooja-radio.o)
                              build/cooja/mtype923740799.o (radio_interface)
build/cooja/contiki-ng-cooja.a(eeprom.o)
                              build/cooja/mtype923740799.o (eeprom_interface)
build/cooja/contiki-ng-cooja.a(random.o)
                              build/cooja/contiki-ng-cooja.a(moteid.o) (random_init)
build/cooja/contiki-ng-cooja.a(sensors.o)
                              build/cooja/contiki-ng-cooja.a(pir-sensor.o) (sensors_changed)
build/cooja/contiki-ng-cooja.a(leds.o)
                              build/cooja/contiki-ng-cooja.a(leds-arch.o) (leds_get)
build/cooja/contiki-ng-cooja.a(gpio-hal-arch.o)
                              build/cooja/contiki-ng-cooja.a(leds-arch.o) (gpio_hal_arch_register_pin_callback)
build/cooja/contiki-ng-cooja.a(buttons.o)
                              build/cooja/mtype923740799.o (button_interface)
build/cooja/contiki-ng-cooja.a(actuator.o)
                              actuatorNode.o (res_light_switch)
build/cooja/contiki-ng-cooja.a(coap-blocking-api.o)
                              actuatorNode.o (coap_blocking_request)
build/cooja/contiki-ng-cooja.a(coap-engine.o)
                              actuatorNode.o (coap_activate_resource)
build/cooja/contiki-ng-cooja.a(coap-observe.o)
                              build/cooja/contiki-ng-cooja.a(coap-engine.o) (coap_remove_observer_by_mid)
build/cooja/contiki-ng-cooja.a(coap-res-well-known-core.o)
                              build/cooja/contiki-ng-cooja.a(coap-engine.o) (res_well_known_core)
build/cooja/contiki-ng-cooja.a(coap-timer.o)
                              build/cooja/contiki-ng-cooja.a(coap-engine.o) (coap_timer_set)
build/cooja/contiki-ng-cooja.a(coap-transactions.o)
                              build/cooja/contiki-ng-cooja.a(coap-blocking-api.o) (coap_send_transaction)
build/cooja/contiki-ng-cooja.a(coap-uip.o)
                              build/cooja/contiki-ng-cooja.a(coap-observe.o) (coap_endpoint_copy)
build/cooja/contiki-ng-cooja.a(coap.o)
                              build/cooja/contiki-ng-cooja.a(coap-engine.o) (coap_status_code)
build/cooja/contiki-ng-cooja.a(contiki-main.o)
                              build/cooja/mtype923740799.o (main)
build/cooja/contiki-ng-cooja.a(autostart.o)
                              build/cooja/contiki-ng-cooja.a(contiki-main.o) (autostart_start)
build/cooja/contiki-ng-cooja.a(ctimer.o)
                              build/cooja/contiki-ng-cooja.a(contiki-main.o) (ctimer_init)
build/cooja/contiki-ng-cooja.a(energest.o)
                              build/cooja/contiki-ng-cooja.a(contiki-main.o) (energest_init)
build/cooja/contiki-ng-cooja.a(etimer.o)
                              build/cooja/contiki-ng-cooja.a(contiki-main.o) (etimer_process)
build/cooja/contiki-ng-cooja.a(log.o)
                              build/cooja/contiki-ng-cooja.a(contiki-main.o) (curr_log_level_main)
build/cooja/contiki-ng-cooja.a(node-id.o)
                              build/cooja/contiki-ng-cooja.a(contiki-main.o) (node_id)
build/cooja/contiki-ng-cooja.a(process.o)
                              actuatorNode.o (process_current)
build/cooja/contiki-ng-cooja.a(rtimer.o)
                              build/cooja/contiki-ng-cooja.a(contiki-main.o) (rtimer_init)
build/cooja/contiki-ng-cooja.a(timer.o)
[...]
Memory Configuration

Name             Origin             Length             Attributes
*default*        0x0000000000000000 0xffffffffffffffff

Linker script and memory map

LOAD /usr/lib/gcc/x86_64-linux-gnu/11/../../../x86_64-linux-gnu/crti.o
LOAD /usr/lib/gcc/x86_64-linux-gnu/11/crtbeginS.o
LOAD actuatorNode.o
LOAD build/cooja/mtype923740799.o
LOAD build/cooja/contiki-ng-cooja.a
LOAD /usr/lib/gcc/x86_64-linux-gnu/11/libgcc.a
LOAD /usr/lib/gcc/x86_64-linux-gnu/11/libgcc_s.so
START GROUP
LOAD /usr/lib/gcc/x86_64-linux-gnu/11/../../../x86_64-linux-gnu/libgcc_s.so.1
LOAD /usr/lib/gcc/x86_64-linux-gnu/11/libgcc.a
END GROUP
LOAD /usr/lib/gcc/x86_64-linux-gnu/11/../../../x86_64-linux-gnu/libc.so
START GROUP
LOAD /lib/x86_64-linux-gnu/libc.so.6
LOAD /usr/lib/x86_64-linux-gnu/libc_nonshared.a
LOAD /lib64/ld-linux-x86-64.so.2
END GROUP
LOAD /usr/lib/gcc/x86_64-linux-gnu/11/libgcc.a
LOAD /usr/lib/gcc/x86_64-linux-gnu/11/libgcc_s.so
START GROUP
LOAD /usr/lib/gcc/x86_64-linux-gnu/11/../../../x86_64-linux-gnu/libgcc_s.so.1
LOAD /usr/lib/gcc/x86_64-linux-gnu/11/libgcc.a
END GROUP
LOAD /usr/lib/gcc/x86_64-linux-gnu/11/crtendS.o
LOAD /usr/lib/gcc/x86_64-linux-gnu/11/../../../x86_64-linux-gnu/crtn.o
                0x00000000000002a8                . = (SEGMENT_START ("text-segment", 0x0) + SIZEOF_HEADERS)

.note.gnu.property
                0x00000000000002a8       0x20
 .note.gnu.property
                0x00000000000002a8       0x20 /usr/lib/gcc/x86_64-linux-gnu/11/../../../x86_64-linux-gnu/crti.o

.note.gnu.build-id
                0x00000000000002c8       0x24
 *(.note.gnu.build-id)
 .note.gnu.build-id
                0x00000000000002c8       0x24 /usr/lib/gcc/x86_64-linux-gnu/11/../../../x86_64-linux-gnu/crti.o

.hash
 *(.hash)

.gnu.hash       0x00000000000002f0     0x15bc
 *(.gnu.hash)
 .gnu.hash      0x00000000000002f0     0x15bc /usr/lib/gcc/x86_64-linux-gnu/11/../../../x86_64-linux-gnu/crti.o

.dynsym         0x00000000000018b0     0x46f8
 *(.dynsym)
 .dynsym        0x00000000000018b0     0x46f8 /usr/lib/gcc/x86_64-linux-gnu/11/../../../x86_64-linux-gnu/crti.o

.dynstr         0x0000000000005fa8     0x3740
 *(.dynstr)
 .dynstr        0x0000000000005fa8     0x3740 /usr/lib/gcc/x86_64-linux-gnu/11/../../../x86_64-linux-gnu/crti.o

.gnu.version    0x00000000000096e8      0x5ea
 *(.gnu.version)
 .gnu.version   0x00000000000096e8      0x5ea /usr/lib/gcc/x86_64-linux-gnu/11/../../../x86_64-linux-gnu/crti.o

.gnu.version_d  0x0000000000009cd8        0x0
 *(.gnu.version_d)
 .gnu.version_d
                0x0000000000009cd8        0x0 /usr/lib/gcc/x86_64-linux-gnu/11/../../../x86_64-linux-gnu/crti.o

.gnu.version_r  0x0000000000009cd8       0x40
 *(.gnu.version_r)
 .gnu.version_r
                0x0000000000009cd8       0x40 /usr/lib/gcc/x86_64-linux-gnu/11/../../../x86_64-linux-gnu/crti.o

.rela.dyn       0x0000000000009d18     0x21a8
 *(.rela.init)
 *(.rela.text .rela.text.* .rela.gnu.linkonce.t.*)
 .rela.text     0x0000000000009d18        0x0 /usr/lib/gcc/x86_64-linux-gnu/11/../../../x86_64-linux-gnu/crti.o
 *(.rela.fini)
 *(.rela.rodata .rela.rodata.* .rela.gnu.linkonce.r.*)
 *(.rela.data .rela.data.* .rela.gnu.linkonce.d.*)
 .rela.data.rel.local
                0x0000000000009d18      0x900 /usr/lib/gcc/x86_64-linux-gnu/11/../../../x86_64-linux-gnu/crti.o
 .rela.data.rel.ro
                0x000000000000a618      0x288 /usr/lib/gcc/x86_64-linux-gnu/11/../../../x86_64-linux-gnu/crti.o
 .rela.data.rel
                0x000000000000a8a0      0x3a8 /usr/lib/gcc/x86_64-linux-gnu/11/../../../x86_64-linux-gnu/crti.o
 .rela.data.rel.ro.local
                0x000000000000ac48      0x5e8 /usr/lib/gcc/x86_64-linux-gnu/11/../../../x86_64-linux-gnu/crti.o
 *(.rela.tdata .rela.tdata.* .rela.gnu.linkonce.td.*)
 *(.rela.tbss .rela.tbss.* .rela.gnu.linkonce.tb.*)
 *(.rela.ctors)
 *(.rela.dtors)
 *(.rela.got)
 .rela.got      0x000000000000b230      0xc60 /usr/lib/gcc/x86_64-linux-gnu/11/../../../x86_64-linux-gnu/crti.o
 *(.rela.bss .rela.bss.* .rela.gnu.linkonce.b.*)
 *(.rela.ldata .rela.ldata.* .rela.gnu.linkonce.l.*)
 *(.rela.lbss .rela.lbss.* .rela.gnu.linkonce.lb.*)
 *(.rela.lrodata .rela.lrodata.* .rela.gnu.linkonce.lr.*)
 *(.rela.ifunc)
 .rela.ifunc    0x000000000000be90        0x0 /usr/lib/gcc/x86_64-linux-gnu/11/../../../x86_64-linux-gnu/crti.o
 .rela.fini_array
                0x000000000000be90       0x18 /usr/lib/gcc/x86_64-linux-gnu/11/../../../x86_64-linux-gnu/crti.o
 .rela.init_array
                0x000000000000bea8       0x18 /usr/lib/gcc/x86_64-linux-gnu/11/../../../x86_64-linux-gnu/crti.o

.rela.plt       0x000000000000bec0     0x2568
 *(.rela.plt)
 .rela.plt      0x000000000000bec0     0x2568 /usr/lib/gcc/x86_64-linux-gnu/11/../../../x86_64-linux-gnu/crti.o
 *(.rela.iplt)

.relr.dyn
 *(.relr.dyn)
                0x000000000000f000                . = ALIGN (CONSTANT (MAXPAGESIZE))

.init           0x000000000000f000       0x1b
 *(SORT_NONE(.init))
 .init          0x000000000000f000       0x16 /usr/lib/gcc/x86_64-linux-gnu/11/../../../x86_64-linux-gnu/crti.o
                0x000000000000f000                _init
 .init          0x000000000000f016        0x5 /usr/lib/gcc/x86_64-linux-gnu/11/../../../x86_64-linux-gnu/crtn.o

.plt            0x000000000000f020     0x1900
 *(.plt)
 .plt           0x000000000000f020     0x1900 /usr/lib/gcc/x86_64-linux-gnu/11/../../../x86_64-linux-gnu/crti.o
 *(.iplt)

.plt.got        0x0000000000010920       0x30
 *(.plt.got)
 .plt.got       0x0000000000010920       0x30 /usr/lib/gcc/x86_64-linux-gnu/11/../../../x86_64-linux-gnu/crti.o

.plt.sec        0x0000000000010950     0x18f0
 *(.plt.sec)
 .plt.sec       0x0000000000010950     0x18f0 /usr/lib/gcc/x86_64-linux-gnu/11/../../../x86_64-linux-gnu/crti.o

.text           0x0000000000012240    0x200cd
 *(.text.unlikely .text.*_unlikely .text.unlikely.*)
 *(.text.exit .text.exit.*)
 *(.text.startup .text.startup.*)
 *(.text.hot .text.hot.*)
 *(SORT_BY_NAME(.text.sorted.*))
 *(.text .stub .text.* .gnu.linkonce.t.*)
 .text          0x0000000000012240        0x0 /usr/lib/gcc/x86_64-linux-gnu/11/../../../x86_64-linux-gnu/crti.o
 .text          0x0000000000012240       0xb9 /usr/lib/gcc/x86_64-linux-gnu/11/crtbeginS.o
 .text          0x00000000000122f9      0x43d actuatorNode.o
                0x000000000001238e                client_chunk_handler
 .text          0x0000000000012736      0x374 build/cooja/mtype923740799.o
                0x00000000000127ec                platform_init_stage_one
                0x0000000000012801                platform_init_stage_two
                0x0000000000012816                platform_init_stage_three
                0x000000000001282b                platform_main_loop
                0x00000000000128c5                JNI_OnLoad
                0x00000000000128dc                Java_org_contikios_cooja_corecomm_Lib6_init
                0x000000000001292f                Java_org_contikios_cooja_corecomm_Lib6_getMemory
                0x000000000001298e                Java_org_contikios_cooja_corecomm_Lib6_setMemory
                0x00000000000129ed                Java_org_contikios_cooja_corecomm_Lib6_tick
                0x0000000000012a7b                Java_org_contikios_cooja_corecomm_Lib6_setReferenceAddress
 .text          0x0000000000012aaa       0x93 build/cooja/contiki-ng-cooja.a(simEnvChange.o)
                0x0000000000012aaa                doActionsBeforeTick
                0x0000000000012af3                doActionsAfterTick
 .text          0x0000000000012b3d       0xab build/cooja/contiki-ng-cooja.a(cooja_mt.o)
                0x0000000000012b3d                cooja_mt_start
                0x0000000000012b7d                cooja_mt_exec
                0x0000000000012bc0                cooja_mt_yield
 .text          0x0000000000012be8      0x10e build/cooja/contiki-ng-cooja.a(cooja_mtarch.o)
                0x0000000000012be8                cooja_mtarch_start
                0x0000000000012c8b                cooja_sw
                0x0000000000012cb8                cooja_mtarch_exec
                0x0000000000012ce6                cooja_mtarch_yield
 .text          0x0000000000012cf6       0xcc build/cooja/contiki-ng-cooja.a(rtimer-arch.o)
                0x0000000000012cf6                rtimer_arch_init
                0x0000000000012d1c                rtimer_arch_schedule
                0x0000000000012d46                rtimer_arch_next
                0x0000000000012d5a                rtimer_arch_pending
                0x0000000000012d6d                rtimer_arch_check
                0x0000000000012dae                rtimer_arch_now
 .text          0x0000000000012dc2       0xe6 build/cooja/contiki-ng-cooja.a(beep.o)
                0x0000000000012dc2                beep_alarm
                0x0000000000012ddd                beep_beep
                0x0000000000012df5                beep
                0x0000000000012e0a                beep_down
                0x0000000000012e22                beep_on
                0x0000000000012e37                beep_off
                0x0000000000012e4c                beep_spinup
                0x0000000000012e61                beep_quick
                0x0000000000012e79                beep_long
 .text          0x0000000000012ea8       0x80 build/cooja/contiki-ng-cooja.a(leds-arch.o)
                0x0000000000012ec1                leds_arch_init
 .text          0x0000000000012f28       0x41 build/cooja/contiki-ng-cooja.a(moteid.o)
 .text          0x0000000000012f69       0xfa build/cooja/contiki-ng-cooja.a(pir-sensor.o)
 .text          0x0000000000013063      0x18b build/cooja/contiki-ng-cooja.a(rs232.o)
                0x0000000000013063                rs232_init
                0x000000000001306e                rs232_set_speed
                0x000000000001307e                rs232_set_input
                0x0000000000013098                rs232_send
                0x00000000000130b7                rs232_print
                0x00000000000130e5                slip_arch_writeb
 .text          0x00000000000131ee       0xfa build/cooja/contiki-ng-cooja.a(vib-sensor.o)
 .text          0x00000000000132e8       0x6f build/cooja/contiki-ng-cooja.a(clock.o)
                0x00000000000132e8                clock_init
                0x00000000000132f3                clock_time
                0x0000000000013307                clock_seconds
                0x0000000000013333                clock_delay
 .text          0x0000000000013357      0x214 build/cooja/contiki-ng-cooja.a(cooja-log.o)
                0x0000000000013357                simlog_char
                0x00000000000133b1                simlog
                0x0000000000013436                log_message
                0x000000000001347b                log_set_putchar_with_slip
                0x0000000000013492                dbg_putchar
                0x0000000000013513                dbg_send_bytes
 .text          0x000000000001356b      0x39b build/cooja/contiki-ng-cooja.a(cfs-cooja.o)
                0x000000000001356b                cfs_open
                0x00000000000135e8                cfs_close
                0x00000000000135fd                cfs_read
                0x00000000000136c4                cfs_write
                0x00000000000137d4                cfs_seek
                0x0000000000013883                cfs_remove
                0x00000000000138b3                cfs_opendir
                0x00000000000138ca                cfs_readdir
                0x00000000000138e1                cfs_closedir
 .text          0x0000000000013906      0x79f build/cooja/contiki-ng-cooja.a(cooja-radio.o)
                0x0000000000013965                radio_set_channel
                0x000000000001397f                radio_set_txpower
                0x000000000001399c                radio_signal_strength_last
                0x00000000000139af                radio_signal_strength_current
                0x00000000000139c2                radio_LQI
 .text          0x00000000000140a5      0x163 build/cooja/contiki-ng-cooja.a(eeprom.o)
                0x00000000000140a5                eeprom_init
                0x00000000000140b4                eeprom_read
                0x0000000000014153                eeprom_write
 .text          0x0000000000014208       0x2f build/cooja/contiki-ng-cooja.a(random.o)
                0x0000000000014208                random_init
                0x0000000000014228                random_rand
 .text          0x0000000000014237      0x35f build/cooja/contiki-ng-cooja.a(sensors.o)
                0x0000000000014280                sensors_first
                0x0000000000014294                sensors_next
                0x00000000000142c3                sensors_changed
                0x0000000000014310                sensors_find
 .text          0x0000000000014596      0x3ad build/cooja/contiki-ng-cooja.a(leds.o)
                0x0000000000014596                leds_init
                0x00000000000145e1                leds_single_on
                0x000000000001464e                leds_single_off
                0x00000000000146bb                leds_single_toggle
                0x00000000000146f3                leds_on
                0x0000000000014784                leds_off
                0x0000000000014815                leds_toggle
                0x0000000000014871                leds_set
                0x000000000001489a                leds_get
 .text          0x0000000000014943      0x41b build/cooja/contiki-ng-cooja.a(gpio-hal-arch.o)
                0x0000000000014943                gpio_hal_arch_register_pin_callback
                0x00000000000149ea                gpio_hal_arch_init
                0x0000000000014a40                gpio_hal_arch_no_port_interrupt_enable
                0x0000000000014a8d                gpio_hal_arch_no_port_interrupt_disable
                0x0000000000014ada                gpio_hal_arch_no_port_pin_cfg_set
                0x0000000000014b10                gpio_hal_arch_no_port_pin_cfg_get
                0x0000000000014b44                gpio_hal_arch_no_port_pin_set_input
                0x0000000000014b57                gpio_hal_arch_no_port_pin_set_output
                0x0000000000014b6a                gpio_hal_arch_no_port_set_pin
                0x0000000000014b8e                gpio_hal_arch_no_port_clear_pin
                0x0000000000014bb2                gpio_hal_arch_no_port_read_pin
                0x0000000000014bdf                gpio_hal_arch_no_port_write_pin
                0x0000000000014c09                gpio_hal_arch_no_port_set_pins
                0x0000000000014c58                gpio_hal_arch_no_port_clear_pins
                0x0000000000014ca7                gpio_hal_arch_no_port_read_pins
                0x0000000000014cf5                gpio_hal_arch_no_port_write_pins
 .text          0x0000000000014d5e       0xa8 build/cooja/contiki-ng-cooja.a(buttons.o)
 .text          0x0000000000014e06      0x1d7 build/cooja/contiki-ng-cooja.a(actuator.o)
 .text          0x0000000000014fdd      0x2e0 build/cooja/contiki-ng-cooja.a(coap-blocking-api.o)
                0x0000000000014fdd                coap_blocking_request_callback
                0x0000000000015018                coap_blocking_request
 .text          0x00000000000152bd      0xdaa build/cooja/contiki-ng-cooja.a(coap-engine.o)
                0x000000000001538c                coap_add_handler
                0x00000000000153b5                coap_remove_handler
                0x00000000000153de                coap_call_handlers
                0x000000000001551f                coap_receive
                0x0000000000015bd5                coap_engine_init
                0x0000000000015c35                coap_activate_resource
                0x0000000000015d06                coap_get_first_resource
                0x0000000000015d1f                coap_get_next_resource
 .text          0x0000000000016067      0xa9c build/cooja/contiki-ng-cooja.a(coap-observe.o)
                0x00000000000161b8                coap_remove_observer
                0x00000000000161f7                coap_remove_observer_by_client
                0x000000000001626d                coap_remove_observer_by_token
                0x000000000001631b                coap_remove_observer_by_uri
                0x00000000000163d8                coap_remove_observer_by_mid
                0x0000000000016462                coap_notify_observers
                0x0000000000016486                coap_notify_observers_sub
                0x0000000000016938                coap_observe_handler
                0x0000000000016a8c                coap_has_observers
 .text          0x0000000000016b03      0x376 build/cooja/contiki-ng-cooja.a(coap-res-well-known-core.o)
 .text          0x0000000000016e79      0x322 build/cooja/contiki-ng-cooja.a(coap-timer.o)
                0x0000000000016f8b                coap_timer_stop
                0x0000000000016fc1                coap_timer_set
                0x0000000000016ff8                coap_timer_reset
                0x0000000000017032                coap_timer_time_to_next_expiration
                0x000000000001708b                coap_timer_run
                0x0000000000017152                coap_timer_init
 .text          0x000000000001719b      0x33a build/cooja/contiki-ng-cooja.a(coap-transactions.o)
                0x000000000001722d                coap_new_transaction
                0x00000000000172a4                coap_send_transaction
                0x0000000000017423                coap_clear_transaction
                0x0000000000017479                coap_get_transaction_by_mid
 .text          0x00000000000174d5      0x8b4 build/cooja/contiki-ng-cooja.a(coap-uip.o)
                0x00000000000174d5                coap_endpoint_log
                0x0000000000017571                coap_endpoint_print
                0x000000000001760d                coap_endpoint_snprint
                0x0000000000017793                coap_endpoint_copy
                0x00000000000177db                coap_endpoint_cmp
                0x0000000000017930                coap_endpoint_parse
                0x0000000000017b5f                coap_endpoint_is_secure
                0x0000000000017b78                coap_endpoint_is_connected
                0x0000000000017bbe                coap_endpoint_connect
                0x0000000000017be4                coap_endpoint_disconnect
                0x0000000000017bf3                coap_databuf
                0x0000000000017c07                coap_transport_init
                0x0000000000017c67                coap_sendto
 .text          0x0000000000017d89     0x24a7 build/cooja/contiki-ng-cooja.a(coap.o)
                0x0000000000018461                coap_init_connection
                0x0000000000018478                coap_get_mid
                0x000000000001849a                coap_init_message
                0x00000000000184f0                coap_serialize_message
                0x0000000000018c79                coap_parse_message
                0x00000000000194ad                coap_get_query_variable
                0x0000000000019509                coap_get_post_variable
                0x0000000000019563                coap_set_status_code
                0x0000000000019595                coap_set_token
                0x00000000000195f5                coap_get_header_content_format
                0x000000000001963d                coap_set_header_content_format
                0x0000000000019675                coap_get_header_accept
                0x00000000000196c0                coap_set_header_accept
                0x00000000000196fb                coap_get_header_max_age
                0x0000000000019744                coap_set_header_max_age
                0x0000000000019779                coap_get_header_etag
                0x00000000000197c5                coap_set_header_etag
                0x0000000000019836                coap_get_header_if_match
                0x0000000000019888                coap_set_header_if_match
                0x0000000000019905                coap_get_header_if_none_match
                0x0000000000019930                coap_set_header_if_none_match
                0x0000000000019958                coap_get_header_proxy_uri
                0x00000000000199a1                coap_set_header_proxy_uri
                0x00000000000199f0                coap_get_header_uri_host
                0x0000000000019a39                coap_set_header_uri_host
                0x0000000000019a88                coap_get_header_uri_path
                0x0000000000019ad7                coap_set_header_uri_path
                0x0000000000019b41                coap_get_header_uri_query
                0x0000000000019b90                coap_set_header_uri_query
                0x0000000000019bfa                coap_get_header_location_path
                0x0000000000019c43                coap_set_header_location_path
                0x0000000000019cf9                coap_get_header_location_query
                0x0000000000019d48                coap_set_header_location_query
                0x0000000000019db2                coap_get_header_observe
                0x0000000000019dfb                coap_set_header_observe
                0x0000000000019e33                coap_get_header_block2
                0x0000000000019ed5                coap_set_header_block2
                0x0000000000019f65                coap_get_header_block1
                0x000000000001a007                coap_set_header_block1
                0x000000000001a092                coap_get_header_size2
                0x000000000001a0d9                coap_set_header_size2
                0x000000000001a111                coap_get_header_size1
                0x000000000001a158                coap_set_header_size1
                0x000000000001a190                coap_get_payload
                0x000000000001a1e0                coap_set_payload
 .text          0x000000000001a230      0x405 build/cooja/contiki-ng-cooja.a(contiki-main.o)
                0x000000000001a230                main
 .text          0x000000000001a635       0xbd build/cooja/contiki-ng-cooja.a(autostart.o)
                0x000000000001a635                autostart_start
                0x000000000001a696                autostart_exit
 .text          0x000000000001a6f2      0x441 build/cooja/contiki-ng-cooja.a(ctimer.o)
                0x000000000001a854                ctimer_init
                0x000000000001a889                ctimer_set
                0x000000000001a8cd                ctimer_set_with_process
                0x000000000001a987                ctimer_reset
                0x000000000001a9f8                ctimer_restart
                0x000000000001aa69                ctimer_stop
                0x000000000001aac7                ctimer_expired
 .text          0x000000000001ab33       0x25 build/cooja/contiki-ng-cooja.a(energest.o)
                0x000000000001ab33                energest_init
                0x000000000001ab3e                energest_flush
                0x000000000001ab49                energest_get_total_time
 .text          0x000000000001ab58      0x57c build/cooja/contiki-ng-cooja.a(etimer.o)
                0x000000000001ae00                etimer_request_poll
                0x000000000001aeb2                etimer_set
                0x000000000001aee8                etimer_reset_with_new_interval
                0x000000000001af23                etimer_reset
                0x000000000001af4e                etimer_restart
                0x000000000001af79                etimer_adjust
                0x000000000001afaa                etimer_expired
                0x000000000001afc9                etimer_expiration_time
                0x000000000001afe9                etimer_start_time
                0x000000000001affe                etimer_pending
                0x000000000001b018                etimer_next_expiration_time
                0x000000000001b039                etimer_stop
 .text          0x000000000001b0d4      0x539 build/cooja/contiki-ng-cooja.a(log.o)
                0x000000000001b0d4                log_6addr
                0x000000000001b13a                log_6addr_compact_snprint
                0x000000000001b215                log_6addr_compact
                0x000000000001b27b                log_lladdr
                0x000000000001b2fb                log_lladdr_compact
                0x000000000001b37d                log_bytes
                0x000000000001b3dd                log_set_level
                0x000000000001b4eb                log_get_level
                0x000000000001b5a2                log_level_to_str
 .text          0x000000000001b60d       0x36 build/cooja/contiki-ng-cooja.a(node-id.o)
                0x000000000001b60d                node_id_init
 .text          0x000000000001b643      0x673 build/cooja/contiki-ng-cooja.a(process.o)
                0x000000000001b643                process_alloc_event
                0x000000000001b65d                process_start
                0x000000000001b8cd                process_exit
                0x000000000001b8f9                process_init
                0x000000000001baf0                process_run
                0x000000000001bb25                process_nevents
                0x000000000001bb45                process_post
                0x000000000001bc0d                process_post_synch
                0x000000000001bc5b                process_poll
                0x000000000001bc98                process_is_running
 .text          0x000000000001bcb6      0x101 build/cooja/contiki-ng-cooja.a(rtimer.o)
                0x000000000001bcb6                rtimer_init
                0x000000000001bcc6                rtimer_set
                0x000000000001bd47                rtimer_run_next
 .text          0x000000000001bdb7       0xfd build/cooja/contiki-ng-cooja.a(timer.o)
                0x000000000001bdb7                timer_set
                0x000000000001bde6                timer_reset
                0x000000000001be22                timer_restart
                0x000000000001be41                timer_expired
                0x000000000001be7c                timer_remaining
 .text          0x000000000001beb4      0x39b build/cooja/contiki-ng-cooja.a(list.o)
                0x000000000001beb4                list_init
                0x000000000001bece                list_head
                0x000000000001bee3                list_copy
                0x000000000001bf04                list_tail
                0x000000000001bf4d                list_add
                0x000000000001bfb1                list_push
                0x000000000001bff4                list_chop
                0x000000000001c081                list_pop
                0x000000000001c0bb                list_remove
                0x000000000001c147                list_length
                0x000000000001c182                list_insert
                0x000000000001c1e5                list_item_next
                0x000000000001c208                list_contains
 .text          0x000000000001c24f      0x21a build/cooja/contiki-ng-cooja.a(memb.o)
                0x000000000001c24f                memb_init
                0x000000000001c2b2                memb_alloc
                0x000000000001c32c                memb_free
                0x000000000001c3bf                memb_inmemb
                0x000000000001c416                memb_numfree
 .text          0x000000000001c469      0x574 build/cooja/contiki-ng-cooja.a(button-hal.o)
                0x000000000001c634                button_hal_get_by_id
                0x000000000001c682                button_hal_get_by_index
                0x000000000001c6b9                button_hal_get_state
                0x000000000001c71c                button_hal_init
 .text          0x000000000001c9dd      0x181 build/cooja/contiki-ng-cooja.a(gpio-hal.o)
                0x000000000001c9dd                gpio_hal_register_handler
                0x000000000001ca06                gpio_hal_event_handler
                0x000000000001ca71                gpio_hal_init
                0x000000000001ca90                gpio_hal_arch_port_toggle_pin
                0x000000000001cac7                gpio_hal_arch_port_toggle_pins
                0x000000000001caf8                gpio_hal_arch_no_port_toggle_pin
                0x000000000001cb32                gpio_hal_arch_no_port_toggle_pins
 .text          0x000000000001cb5e      0x238 build/cooja/contiki-ng-cooja.a(serial-line.o)
                0x000000000001cb5e                serial_line_input_byte
                0x000000000001cd59                serial_line_init
 .text          0x000000000001cd96       0x80 build/cooja/contiki-ng-cooja.a(linkaddr.o)
                0x000000000001cd96                linkaddr_copy
                0x000000000001cdb7                linkaddr_cmp
                0x000000000001cded                linkaddr_set_node_addr
 .text          0x000000000001ce16      0x12b build/cooja/contiki-ng-cooja.a(netstack.o)
                0x000000000001ce16                netstack_process_ip_callback
                0x000000000001ceb7                netstack_ip_packet_processor_add
                0x000000000001cee7                uip_ds6_ip_packet_processor_rm
                0x000000000001cf10                netstack_init
 .text          0x000000000001cf41      0x4a8 build/cooja/contiki-ng-cooja.a(packetbuf.o)
                0x000000000001cf41                packetbuf_clear
                0x000000000001cf6f                packetbuf_copyfrom
                0x000000000001cfc8                packetbuf_copyto
                0x000000000001d06e                packetbuf_hdralloc
                0x000000000001d0fd                packetbuf_hdrreduce
                0x000000000001d14d                packetbuf_set_datalen
                0x000000000001d169                packetbuf_dataptr
                0x000000000001d18e                packetbuf_hdrptr
                0x000000000001d19f                packetbuf_datalen
                0x000000000001d1b0                packetbuf_hdrlen
                0x000000000001d1cc                packetbuf_totlen
                0x000000000001d1ee                packetbuf_remaininglen
                0x000000000001d206                packetbuf_attr_clear
                0x000000000001d26b                packetbuf_attr_copyto
                0x000000000001d2b6                packetbuf_attr_copyfrom
                0x000000000001d301                packetbuf_set_attr
                0x000000000001d331                packetbuf_attr
                0x000000000001d352                packetbuf_set_addr
                0x000000000001d398                packetbuf_addr
                0x000000000001d3c2                packetbuf_holds_broadcast
 .text          0x000000000001d3e9      0x382 build/cooja/contiki-ng-cooja.a(queuebuf.o)
                0x000000000001d3fe                queuebuf_init
                0x000000000001d427                queuebuf_numfree
                0x000000000001d440                queuebuf_new_from_packetbuf
                0x000000000001d4f3                queuebuf_update_attr_from_packetbuf
                0x000000000001d536                queuebuf_update_from_packetbuf
                0x000000000001d592                queuebuf_free
                0x000000000001d5ee                queuebuf_to_packetbuf
                0x000000000001d667                queuebuf_dataptr
                0x000000000001d6ae                queuebuf_datalen
                0x000000000001d6de                queuebuf_addr
                0x000000000001d725                queuebuf_attr
                0x000000000001d760                queuebuf_debug_print
 .text          0x000000000001d76b      0x116 build/cooja/contiki-ng-cooja.a(printf.o)
                0x000000000001d7a0                log_printf
 .text          0x000000000001d881       0x1e build/cooja/contiki-ng-cooja.a(putchar.o)
                0x000000000001d881                log_putchar
 .text          0x000000000001d89f       0x3d build/cooja/contiki-ng-cooja.a(puts.o)
                0x000000000001d89f                log_puts
 .text          0x000000000001d8dc      0x1f8 build/cooja/contiki-ng-cooja.a(snprintf.o)
                0x000000000001d967                log_snprintf
                0x000000000001da4c                log_vsnprintf
 .text          0x000000000001dad4     0x170b build/cooja/contiki-ng-cooja.a(strformat.o)
                0x000000000001de47                format_str
                0x000000000001df28                format_str_v
 .text          0x000000000001f1df      0x292 build/cooja/contiki-ng-cooja.a(csma.o)
 .text          0x000000000001f471     0x3747 build/cooja/contiki-ng-cooja.a(sicslowpan.o)
                0x000000000001fc47                netstack_sniffer_add
                0x000000000001fc61                netstack_sniffer_remove
                0x0000000000022b81                sicslowpan_init
                0x0000000000022ba8                sicslowpan_get_last_rssi
 .text          0x0000000000022bb8      0x884 build/cooja/contiki-ng-cooja.a(tcpip.o)
                0x0000000000022be8                tcpip_output
                0x0000000000022c80                udp_attach
                0x0000000000022cae                udp_new
                0x0000000000022d09                udp_broadcast_new
                0x0000000000022ebd                tcpip_input
                0x0000000000023095                tcpip_ipv6_output
                0x00000000000232ee                tcpip_poll_udp
                0x000000000002331c                tcpip_uipcall
 .text          0x000000000002343c      0x416 build/cooja/contiki-ng-cooja.a(uip-ds6-nbr.o)
                0x000000000002343c                uip_ds6_neighbors_init
                0x0000000000023465                uip_ds6_nbr_add
                0x0000000000023503                uip_ds6_nbr_rm
                0x0000000000023560                uip_ds6_nbr_update_ll
                0x0000000000023665                uip_ds6_nbr_get_ipaddr
                0x0000000000023685                uip_ds6_nbr_get_ll
                0x00000000000236ad                uip_ds6_nbr_num
                0x00000000000236ff                uip_ds6_nbr_head
                0x0000000000023718                uip_ds6_nbr_next
                0x0000000000023740                uip_ds6_nbr_lookup
                0x00000000000237a9                uip_ds6_nbr_ll_lookup
                0x00000000000237d1                uip_ds6_nbr_ipaddr_from_lladdr
                0x0000000000023805                uip_ds6_nbr_lladdr_from_ipaddr
                0x0000000000023841                uip_ds6_link_callback
 .text          0x0000000000023852      0xbf9 build/cooja/contiki-ng-cooja.a(uip-ds6-route.o)
                0x0000000000023963                uip_ds6_notification_add
                0x00000000000239aa                uip_ds6_notification_rm
                0x00000000000239d3                uip_ds6_route_init
                0x0000000000023a45                uip_ds6_route_count_nexthop_neighbors
                0x0000000000023ada                uip_ds6_route_nexthop
                0x0000000000023b0e                uip_ds6_route_head
                0x0000000000023b27                uip_ds6_route_next
                0x0000000000023b5b                uip_ds6_route_is_nexthop
                0x0000000000023bad                uip_ds6_route_num_routes
                0x0000000000023bbd                uip_ds6_route_lookup
                0x0000000000023cac                uip_ds6_route_add
                0x0000000000023f2e                uip_ds6_route_rm
                0x0000000000024107                uip_ds6_route_rm_by_nexthop
                0x0000000000024153                uip_ds6_defrt_head
                0x000000000002416c                uip_ds6_defrt_add
                0x0000000000024241                uip_ds6_defrt_rm
                0x00000000000242d4                uip_ds6_defrt_lookup
                0x000000000002434b                uip_ds6_defrt_choose
                0x00000000000243ce                uip_ds6_defrt_periodic
 .text          0x000000000002444b      0xebc build/cooja/contiki-ng-cooja.a(uip-ds6.o)
                0x000000000002444b                uip_ds6_default_prefix
                0x000000000002445c                uip_ds6_set_default_prefix
                0x0000000000024484                uip_ds6_init
                0x0000000000024723                uip_ds6_periodic
                0x00000000000247c5                uip_ds6_list_loop
                0x00000000000248ae                uip_ds6_prefix_add
                0x000000000002497f                uip_ds6_prefix_rm
                0x000000000002499d                uip_ds6_prefix_lookup
                0x00000000000249f4                uip_ds6_is_addr_onlink
                0x0000000000024a88                uip_ds6_addr_add
                0x0000000000024bd3                uip_ds6_addr_rm
                0x0000000000024c8e                uip_ds6_addr_lookup
                0x0000000000024ce3                uip_ds6_get_link_local
                0x0000000000024d88                uip_ds6_get_global
                0x0000000000024e2d                uip_ds6_maddr_add
                0x0000000000024ea9                uip_ds6_maddr_rm
                0x0000000000024ec7                uip_ds6_maddr_lookup
                0x0000000000024f1f                uip_ds6_aaddr_add
                0x0000000000024f9b                uip_ds6_aaddr_rm
                0x0000000000024fb9                uip_ds6_aaddr_lookup
                0x0000000000025011                uip_ds6_select_src
                0x000000000002519b                uip_ds6_set_addr_iid
                0x00000000000251d4                uip_ds6_set_lladdr_from_iid
                0x000000000002520b                get_match_length
                0x00000000000252b9                uip_ds6_compute_reachable_time
 .text          0x0000000000025307      0x1b9 build/cooja/contiki-ng-cooja.a(uip-packetqueue.o)
                0x0000000000025346                uip_packetqueue_new
                0x0000000000025360                uip_packetqueue_alloc
                0x00000000000253da                uip_packetqueue_free
                0x0000000000025432                uip_packetqueue_buf
                0x000000000002545e                uip_packetqueue_buflen
                0x000000000002548d                uip_packetqueue_set_buflen
 .text          0x00000000000254c0      0x147 build/cooja/contiki-ng-cooja.a(uip-udp-packet.o)
                0x00000000000254c0                uip_udp_packet_send
                0x0000000000025542                uip_udp_packet_sendto
 .text          0x0000000000025607     0x1701 build/cooja/contiki-ng-cooja.a(uip6.o)
                0x00000000000256cb                uip_chksum
                0x00000000000257b1                uip_icmp6chksum
                0x00000000000257c5                uip_udpchksum
                0x00000000000257d9                uip_init
                0x0000000000025840                uip_remove_ext_hdr
                0x0000000000025941                uip_udp_new
                0x0000000000025cef                uip_process
                0x0000000000026b8e                uip_htons
                0x0000000000026bb1                uip_htonl
                0x0000000000026bf9                uip_send
 .text          0x0000000000026d08      0x5b1 build/cooja/contiki-ng-cooja.a(uipbuf.o)
                0x0000000000026d08                uipbuf_clear
                0x0000000000026d3a                uipbuf_add_ext_hdr
                0x0000000000026dd2                uipbuf_set_len
                0x0000000000026e04                uipbuf_set_len_field
                0x0000000000026e37                uipbuf_get_len_field
                0x0000000000026e62                uipbuf_get_next_header
                0x0000000000026fd4                uipbuf_get_last_header
                0x0000000000027067                uipbuf_search_header
                0x000000000002712e                uipbuf_get_attr
                0x000000000002715f                uipbuf_set_attr
                0x000000000002719f                uipbuf_set_default_attr
                0x00000000000271df                uipbuf_clear_attr
                0x0000000000027206                uipbuf_set_attr_flag
                0x0000000000027229                uipbuf_clr_attr_flag
                0x0000000000027252                uipbuf_is_attr_flag
                0x0000000000027277                uipbuf_init
 .text          0x00000000000272b9      0x57d build/cooja/contiki-ng-cooja.a(uiplib.o)
                0x00000000000272b9                uiplib_ip6addrconv
                0x0000000000027495                uiplib_ip4addrconv
                0x0000000000027567                uiplib_ipaddr_print
                0x00000000000275cd                uiplib_ipaddr_snprint
 .text          0x0000000000027836      0x66e build/cooja/contiki-ng-cooja.a(rpl.o)
                0x0000000000027836                rpl_lollipop_greater_than
                0x000000000002789a                rpl_get_global_address
                0x0000000000027a3a                rpl_link_callback
                0x0000000000027aa4                rpl_has_joined
                0x0000000000027ad7                rpl_is_reachable
                0x0000000000027b7d                rpl_reset_prefix
                0x0000000000027bf4                rpl_set_prefix_from_addr
                0x0000000000027d0f                rpl_set_prefix
                0x0000000000027e79                rpl_set_leaf_only
                0x0000000000027e93                rpl_get_leaf_only
 .text          0x0000000000027ea4       0x49 build/cooja/contiki-ng-cooja.a(watchdog.o)
                0x0000000000027ea4                watchdog_init
                0x0000000000027eaf                watchdog_start
                0x0000000000027eba                watchdog_periodic
                0x0000000000027ed7                watchdog_stop
                0x0000000000027ee2                watchdog_reboot
 .text          0x0000000000027eed       0x61 build/cooja/contiki-ng-cooja.a(int-master.o)
                0x0000000000027eed                int_master_enable
                0x0000000000027f02                int_master_read_and_disable
                0x0000000000027f22                int_master_status_set
                0x0000000000027f39                int_master_is_enabled
 .text          0x0000000000027f4e      0x1e5 build/cooja/contiki-ng-cooja.a(coap-timer-default.o)
 .text          0x0000000000028133      0x125 build/cooja/contiki-ng-cooja.a(stimer.o)
                0x0000000000028133                stimer_set
                0x0000000000028162                stimer_reset
                0x000000000002819e                stimer_restart
                0x00000000000281bd                stimer_expired
                0x00000000000281ff                stimer_remaining
                0x0000000000028237                stimer_elapsed
 .text          0x0000000000028258      0x19d build/cooja/contiki-ng-cooja.a(ringbuf.o)
                0x0000000000028258                ringbuf_init
                0x0000000000028299                ringbuf_put
                0x0000000000028328                ringbuf_get
                0x00000000000283a6                ringbuf_size
                0x00000000000283c2                ringbuf_elements
 .text          0x00000000000283f5      0x481 build/cooja/contiki-ng-cooja.a(link-stats.o)
                0x00000000000283f5                link_stats_from_lladdr
                0x000000000002841d                link_stats_get_lladdr
                0x0000000000028445                link_stats_is_fresh
                0x000000000002848d                guess_etx_from_rssi
                0x0000000000028512                link_stats_packet_sent
                0x0000000000028676                link_stats_input_callback
                0x00000000000287d8                link_stats_reset
                0x0000000000028834                link_stats_init
 .text          0x0000000000028876      0xcb0 build/cooja/contiki-ng-cooja.a(nbr-table.o)
                0x0000000000028cd4                nbr_table_count_entries
                0x0000000000028d73                nbr_table_gc_get_worst
                0x0000000000028db6                nbr_table_can_accept_new
                0x0000000000028f6b                nbr_table_entry_is_allowed
                0x0000000000029018                nbr_table_register
                0x00000000000290aa                nbr_table_is_registered
                0x0000000000029101                nbr_table_head
                0x000000000002916f                nbr_table_next
                0x00000000000291ec                nbr_table_add_lladdr
                0x000000000002934c                nbr_table_get_from_lladdr
                0x00000000000293ab                nbr_table_remove
                0x0000000000029405                nbr_table_lock
                0x000000000002943a                nbr_table_unlock
                0x000000000002946f                nbr_table_get_lladdr
                0x00000000000294b2                nbr_table_clear
                0x00000000000294ef                nbr_table_key_head
                0x0000000000029508                nbr_table_key_next
 .text          0x0000000000029526      0x1e0 build/cooja/contiki-ng-cooja.a(mac-sequence.o)
                0x0000000000029526                mac_sequence_is_duplicate
                0x0000000000029607                mac_sequence_register_seqno
 .text          0x0000000000029706      0x451 build/cooja/contiki-ng-cooja.a(framer-802154.o)
                0x00000000000298a1                framer_802154_setup_params
 .text          0x0000000000029b57      0xae3 build/cooja/contiki-ng-cooja.a(csma-output.o)
                0x000000000002a339                csma_output_packet
                0x000000000002a602                csma_output_init
 .text          0x000000000002a63a       0x3d build/cooja/contiki-ng-cooja.a(csma-security.o)
                0x000000000002a63a                csma_security_create_frame
                0x000000000002a660                csma_security_parse_frame
 .text          0x000000000002a677      0x8b7 build/cooja/contiki-ng-cooja.a(uip-icmp6.o)
                0x000000000002a6f4                uip_icmp6_input
                0x000000000002a752                uip_icmp6_register_input_handler
                0x000000000002a8e4                uip_icmp6_error_output
                0x000000000002ac49                uip_icmp6_send
                0x000000000002ae95                uip_icmp6_echo_reply_callback_add
                0x000000000002aedc                uip_icmp6_echo_reply_callback_rm
                0x000000000002af05                uip_icmp6_init
 .text          0x000000000002af2e      0x87f build/cooja/contiki-ng-cooja.a(uip-nd6.o)
                0x000000000002b793                uip_nd6_init
 .text          0x000000000002b7ad      0x7e7 build/cooja/contiki-ng-cooja.a(uip-sr.o)
                0x000000000002b7ad                uip_sr_num_nodes
                0x000000000002b858                uip_sr_get_node
                0x000000000002b8c0                uip_sr_is_addr_reachable
                0x000000000002b988                uip_sr_expire_parent
                0x000000000002b9f7                uip_sr_update_node
                0x000000000002bb6b                uip_sr_init
                0x000000000002bb9e                uip_sr_node_head
                0x000000000002bbb7                uip_sr_node_next
                0x000000000002bbd5                uip_sr_periodic
                0x000000000002bd11                uip_sr_free_all
                0x000000000002bd90                uip_sr_link_snprint
 .text          0x000000000002bf94      0x35a build/cooja/contiki-ng-cooja.a(rpl-dag-root.o)
                0x000000000002bf94                rpl_dag_root_print_links
                0x000000000002c109                rpl_dag_root_set_prefix
                0x000000000002c145                rpl_dag_root_start
                0x000000000002c2ae                rpl_dag_root_is_root
 .text          0x000000000002c2ee     0x1219 build/cooja/contiki-ng-cooja.a(rpl-dag.o)
                0x000000000002c2ee                rpl_dag_state_to_str
                0x000000000002c34c                rpl_dag_get_root_ipaddr
                0x000000000002c396                rpl_dag_leave
                0x000000000002c441                rpl_dag_poison_and_leave
                0x000000000002c45f                rpl_dag_periodic
                0x000000000002c523                rpl_is_addr_in_our_dag
                0x000000000002c57f                rpl_get_default_instance
                0x000000000002c5a6                rpl_get_any_dag
                0x000000000002c613                rpl_refresh_routes
                0x000000000002c675                rpl_global_repair
                0x000000000002c737                rpl_local_repair
                0x000000000002c799                rpl_dag_ready_to_advertise
                0x000000000002c7f1                rpl_dag_update_state
                0x000000000002d0b4                rpl_process_dio
                0x000000000002d156                rpl_process_dis
                0x000000000002d1aa                rpl_process_dao
                0x000000000002d253                rpl_process_dao_ack
                0x000000000002d303                rpl_process_hbh
                0x000000000002d362                rpl_dag_init_root
                0x000000000002d4e3                rpl_dag_init
 .text          0x000000000002d507      0xdef build/cooja/contiki-ng-cooja.a(rpl-ext-header.o)
                0x000000000002d507                rpl_ext_header_srh_get_next_hop
                0x000000000002d618                rpl_ext_header_srh_update
                0x000000000002dca7                rpl_ext_header_hbh_update
                0x000000000002e047                rpl_ext_header_update
                0x000000000002e0f1                rpl_ext_header_remove
 .text          0x000000000002e2f6     0x16eb build/cooja/contiki-ng-cooja.a(rpl-icmp6.o)
                0x000000000002e48a                rpl_icmp6_update_nbr_table
                0x000000000002e53f                rpl_icmp6_dis_output
                0x000000000002ec63                rpl_icmp6_dio_output
                0x000000000002f593                rpl_icmp6_dao_output
                0x000000000002f904                rpl_icmp6_dao_ack_output
                0x000000000002f99a                rpl_icmp6_init
 .text          0x000000000002f9e1      0x36f build/cooja/contiki-ng-cooja.a(rpl-mrhof.o)
 .text          0x000000000002fd50       0x8c build/cooja/contiki-ng-cooja.a(rpl-nbr-policy.o)
                0x000000000002fd98                rpl_nbr_gc_get_worst
 .text          0x000000000002fddc      0xadd build/cooja/contiki-ng-cooja.a(rpl-neighbor.o)
                0x000000000002fe6f                rpl_neighbor_snprint
                0x000000000003019d                rpl_neighbor_print_list
                0x0000000000030274                rpl_neighbor_count
                0x000000000003035f                rpl_neighbor_get_from_lladdr
                0x000000000003038a                rpl_neighbor_is_acceptable_parent
                0x00000000000303d6                rpl_neighbor_get_link_metric
                0x0000000000030422                rpl_neighbor_rank_via_nbr
                0x000000000003046e                rpl_neighbor_get_lladdr
                0x0000000000030499                rpl_neighbor_get_ipaddr
                0x00000000000304c7                rpl_neighbor_get_link_stats
                0x00000000000304f5                rpl_neighbor_is_fresh
                0x0000000000030523                rpl_neighbor_is_parent
                0x000000000003055c                rpl_neighbor_set_preferred_parent
                0x0000000000030613                rpl_neighbor_remove_all
                0x0000000000030679                rpl_neighbor_get_from_ipaddr
                0x00000000000307b2                rpl_neighbor_select_best
                0x0000000000030892                rpl_neighbor_init
 .text          0x00000000000308b9      0xd3d build/cooja/contiki-ng-cooja.a(rpl-timers.o)
                0x00000000000308b9                rpl_timers_schedule_periodic_dis
                0x0000000000030a6f                rpl_timers_dio_reset
                0x0000000000030bf3                rpl_timers_schedule_unicast_dio
                0x0000000000030dda                rpl_timers_schedule_dao
                0x0000000000030ee0                rpl_timers_schedule_dao_ack
                0x0000000000030fa5                rpl_timers_notify_dao_ack
                0x000000000003101a                get_probing_delay
                0x0000000000031061                get_probing_target
                0x000000000003129f                rpl_schedule_probing
                0x00000000000312e6                rpl_schedule_probing_now
                0x0000000000031374                rpl_timers_unschedule_leaving
                0x00000000000313be                rpl_timers_schedule_leaving
                0x000000000003141c                rpl_timers_init
                0x00000000000314ce                rpl_timers_stop_dag_timers
                0x0000000000031570                rpl_timers_unschedule_state_update
                0x000000000003159d                rpl_timers_schedule_state_update
 .text          0x00000000000315f6       0x34 build/cooja/contiki-ng-cooja.a(assert.o)
                0x00000000000315f6                _xassert
 .text          0x000000000003162a       0x3a build/cooja/contiki-ng-cooja.a(mac.o)
                0x000000000003162a                mac_call_sent_callback
 .text          0x0000000000031664      0xca9 build/cooja/contiki-ng-cooja.a(frame802154.o)
                0x0000000000031692                frame802154_get_pan_id
                0x00000000000316a3                frame802154_set_pan_id
                0x00000000000316bf                frame802154_has_panid
                0x000000000003189e                frame802154_check_dest_panid
                0x000000000003193c                frame802154_is_broadcast_addr
                0x0000000000031993                frame802154_extract_linkaddr
                0x0000000000031c2d                frame802154_hdrlen
                0x0000000000031cac                frame802154_create_fcf
                0x0000000000031d7e                frame802154_create
                0x0000000000031f28                frame802154_parse_fcf
                0x000000000003201f                frame802154_parse
 .text          0x000000000003230d        0x0 /usr/lib/gcc/x86_64-linux-gnu/11/crtendS.o
 .text          0x000000000003230d        0x0 /usr/lib/gcc/x86_64-linux-gnu/11/../../../x86_64-linux-gnu/crtn.o
 *(.gnu.warning)

.fini           0x0000000000032310        0xd
 *(SORT_NONE(.fini))
 .fini          0x0000000000032310        0x8 /usr/lib/gcc/x86_64-linux-gnu/11/../../../x86_64-linux-gnu/crti.o
                0x0000000000032310                _fini
 .fini          0x0000000000032318        0x5 /usr/lib/gcc/x86_64-linux-gnu/11/../../../x86_64-linux-gnu/crtn.o
                [!provide]                        PROVIDE (__etext = .)
                [!provide]                        PROVIDE (_etext = .)
                [!provide]                        PROVIDE (etext = .)
                0x0000000000033000                . = ALIGN (CONSTANT (MAXPAGESIZE))
                0x0000000000033000                . = SEGMENT_START ("rodata-segment", (ALIGN (CONSTANT (MAXPAGESIZE)) + (. & (CONSTANT (MAXPAGESIZE) - 0x1))))

.rodata         0x0000000000033000      0xc65
 *(.rodata .rodata.* .gnu.linkonce.r.*)
 .rodata        0x0000000000033000      0x15c actuatorNode.o
 .rodata        0x000000000003315c        0x6 build/cooja/contiki-ng-cooja.a(leds-arch.o)
                0x000000000003315c                leds_arch_leds
 .rodata        0x0000000000033162        0x4 build/cooja/contiki-ng-cooja.a(pir-sensor.o)
 .rodata        0x0000000000033166        0x3 build/cooja/contiki-ng-cooja.a(rs232.o)
 .rodata        0x0000000000033169        0xa build/cooja/contiki-ng-cooja.a(vib-sensor.o)
 *fill*         0x0000000000033173        0x5 
 .rodata        0x0000000000033178       0x26 build/cooja/contiki-ng-cooja.a(cfs-cooja.o)
 *fill*         0x000000000003319e        0x2 
 .rodata        0x00000000000331a0       0x68 build/cooja/contiki-ng-cooja.a(cooja-radio.o)
 .rodata        0x0000000000033208        0x8 build/cooja/contiki-ng-cooja.a(sensors.o)
 .rodata        0x0000000000033210       0x14 build/cooja/contiki-ng-cooja.a(buttons.o)
                0x000000000003321c                button_hal_button_count
 *fill*         0x0000000000033224        0x4 
 .rodata        0x0000000000033228       0x62 build/cooja/contiki-ng-cooja.a(actuator.o)
 .rodata        0x000000000003328a       0x41 build/cooja/contiki-ng-cooja.a(coap-engine.o)
 .rodata        0x00000000000332cb       0x11 build/cooja/contiki-ng-cooja.a(coap-observe.o)
 .rodata        0x00000000000332dc       0x19 build/cooja/contiki-ng-cooja.a(coap-res-well-known-core.o)
 .rodata        0x00000000000332f5       0x35 build/cooja/contiki-ng-cooja.a(coap-uip.o)
 *fill*         0x000000000003332a        0x6 
 .rodata        0x0000000000033330      0x1b0 build/cooja/contiki-ng-cooja.a(coap.o)
 .rodata        0x00000000000334e0       0xf4 build/cooja/contiki-ng-cooja.a(contiki-main.o)
 .rodata        0x00000000000335d4        0xf build/cooja/contiki-ng-cooja.a(ctimer.o)
 .rodata        0x00000000000335e3        0xc build/cooja/contiki-ng-cooja.a(etimer.o)
 *fill*         0x00000000000335ef        0x1 
 .rodata        0x00000000000335f0       0xc0 build/cooja/contiki-ng-cooja.a(log.o)
 .rodata        0x00000000000336b0       0x13 build/cooja/contiki-ng-cooja.a(button-hal.o)
 .rodata        0x00000000000336c3        0xe build/cooja/contiki-ng-cooja.a(serial-line.o)
 *fill*         0x00000000000336d1        0x7 
 .rodata        0x00000000000336d8        0x8 build/cooja/contiki-ng-cooja.a(linkaddr.o)
                0x00000000000336d8                linkaddr_null
 .rodata        0x00000000000336e0      0x280 build/cooja/contiki-ng-cooja.a(strformat.o)
 .rodata        0x0000000000033960        0x5 build/cooja/contiki-ng-cooja.a(csma.o)
 .rodata        0x0000000000033965       0x1d build/cooja/contiki-ng-cooja.a(sicslowpan.o)
                0x0000000000033965                unc_llconf
                0x0000000000033969                unc_ctxconf
                0x000000000003396d                unc_mxconf
                0x0000000000033971                llprefix
 .rodata        0x0000000000033982        0xd build/cooja/contiki-ng-cooja.a(tcpip.o)
 *fill*         0x000000000003398f        0x1 
 .rodata        0x0000000000033990       0xb9 build/cooja/contiki-ng-cooja.a(uip-ds6-route.o)
 .rodata        0x0000000000033a49       0x2d build/cooja/contiki-ng-cooja.a(uiplib.o)
 .rodata        0x0000000000033a76        0x9 build/cooja/contiki-ng-cooja.a(rpl.o)
 .rodata        0x0000000000033a7f       0x13 build/cooja/contiki-ng-cooja.a(coap-timer-default.o)
 *fill*         0x0000000000033a92        0x6 
 .rodata        0x0000000000033a98       0x24 build/cooja/contiki-ng-cooja.a(csma-output.o)
 .rodata        0x0000000000033abc       0x44 build/cooja/contiki-ng-cooja.a(uip-sr.o)
 .rodata        0x0000000000033b00       0xd7 build/cooja/contiki-ng-cooja.a(rpl-dag.o)
 *fill*         0x0000000000033bd7        0x1 
 .rodata        0x0000000000033bd8       0x58 build/cooja/contiki-ng-cooja.a(rpl-neighbor.o)
 .rodata        0x0000000000033c30        0xc build/cooja/contiki-ng-cooja.a(rpl-timers.o)
 *fill*         0x0000000000033c3c        0x4 
 .rodata        0x0000000000033c40       0x25 build/cooja/contiki-ng-cooja.a(assert.o)

.rodata1
 *(.rodata1)

.eh_frame_hdr   0x0000000000033c68     0x1ae4
 *(.eh_frame_hdr)
 .eh_frame_hdr  0x0000000000033c68     0x1ae4 actuatorNode.o
                0x0000000000033c68                __GNU_EH_FRAME_HDR
 *(.eh_frame_entry .eh_frame_entry.*)

.eh_frame       0x0000000000035750     0x6c00
 *(.eh_frame)
 .eh_frame      0x0000000000035750       0x40 /usr/lib/gcc/x86_64-linux-gnu/11/../../../x86_64-linux-gnu/crti.o
 .eh_frame      0x0000000000035790       0x18 /usr/lib/gcc/x86_64-linux-gnu/11/../../../x86_64-linux-gnu/crti.o
                                         0x30 (size before relaxing)
 .eh_frame      0x00000000000357a8       0x18 /usr/lib/gcc/x86_64-linux-gnu/11/../../../x86_64-linux-gnu/crti.o
                                         0x30 (size before relaxing)
 .eh_frame      0x00000000000357c0       0x60 actuatorNode.o
                                         0x78 (size before relaxing)
 .eh_frame      0x0000000000035820      0x198 build/cooja/mtype923740799.o
                                        0x1b0 (size before relaxing)
 .eh_frame      0x00000000000359b8       0x40 build/cooja/contiki-ng-cooja.a(simEnvChange.o)
                                         0x58 (size before relaxing)
 .eh_frame      0x00000000000359f8       0x60 build/cooja/contiki-ng-cooja.a(cooja_mt.o)
                                         0x78 (size before relaxing)
 .eh_frame      0x0000000000035a58       0x80 build/cooja/contiki-ng-cooja.a(cooja_mtarch.o)
                                         0x98 (size before relaxing)
 .eh_frame      0x0000000000035ad8       0xc0 build/cooja/contiki-ng-cooja.a(rtimer-arch.o)
                                         0xd8 (size before relaxing)
 .eh_frame      0x0000000000035b98      0x160 build/cooja/contiki-ng-cooja.a(beep.o)
                                        0x178 (size before relaxing)
 .eh_frame      0x0000000000035cf8       0x80 build/cooja/contiki-ng-cooja.a(leds-arch.o)
                                         0x98 (size before relaxing)
 .eh_frame      0x0000000000035d78       0x40 build/cooja/contiki-ng-cooja.a(moteid.o)
                                         0x58 (size before relaxing)
 .eh_frame      0x0000000000035db8       0xa0 build/cooja/contiki-ng-cooja.a(pir-sensor.o)
                                         0xb8 (size before relaxing)
 .eh_frame      0x0000000000035e58      0x100 build/cooja/contiki-ng-cooja.a(rs232.o)
                                        0x118 (size before relaxing)
 .eh_frame      0x0000000000035f58       0xa0 build/cooja/contiki-ng-cooja.a(vib-sensor.o)
                                         0xb8 (size before relaxing)
 .eh_frame      0x0000000000035ff8       0xc0 build/cooja/contiki-ng-cooja.a(clock.o)
                                         0xd8 (size before relaxing)
 .eh_frame      0x00000000000360b8      0x100 build/cooja/contiki-ng-cooja.a(cooja-log.o)
                                        0x118 (size before relaxing)
 .eh_frame      0x00000000000361b8      0x160 build/cooja/contiki-ng-cooja.a(cfs-cooja.o)
                                        0x178 (size before relaxing)
 .eh_frame      0x0000000000036318      0x360 build/cooja/contiki-ng-cooja.a(cooja-radio.o)
                                        0x378 (size before relaxing)
 .eh_frame      0x0000000000036678       0xa0 build/cooja/contiki-ng-cooja.a(eeprom.o)
                                         0xb8 (size before relaxing)
 .eh_frame      0x0000000000036718       0x40 build/cooja/contiki-ng-cooja.a(random.o)
                                         0x58 (size before relaxing)
 .eh_frame      0x0000000000036758       0xc0 build/cooja/contiki-ng-cooja.a(sensors.o)
                                         0xd8 (size before relaxing)
 .eh_frame      0x0000000000036818      0x120 build/cooja/contiki-ng-cooja.a(leds.o)
                                        0x138 (size before relaxing)
 .eh_frame      0x0000000000036938      0x220 build/cooja/contiki-ng-cooja.a(gpio-hal-arch.o)
                                        0x238 (size before relaxing)
 .eh_frame      0x0000000000036b58       0xa0 build/cooja/contiki-ng-cooja.a(buttons.o)
                                         0xb8 (size before relaxing)
 .eh_frame      0x0000000000036bf8       0x20 build/cooja/contiki-ng-cooja.a(actuator.o)
                                         0x38 (size before relaxing)
 .eh_frame      0x0000000000036c18       0x40 build/cooja/contiki-ng-cooja.a(coap-blocking-api.o)
                                         0x58 (size before relaxing)
 .eh_frame      0x0000000000036c58      0x220 build/cooja/contiki-ng-cooja.a(coap-engine.o)
                                        0x238 (size before relaxing)
 .eh_frame      0x0000000000036e78      0x188 build/cooja/contiki-ng-cooja.a(coap-observe.o)
                                        0x1a0 (size before relaxing)
 .eh_frame      0x0000000000037000       0x20 build/cooja/contiki-ng-cooja.a(coap-res-well-known-core.o)
                                         0x38 (size before relaxing)
 .eh_frame      0x0000000000037020      0x108 build/cooja/contiki-ng-cooja.a(coap-timer.o)
                                        0x120 (size before relaxing)
 .eh_frame      0x0000000000037128      0x100 build/cooja/contiki-ng-cooja.a(coap-transactions.o)
                                        0x118 (size before relaxing)
 .eh_frame      0x0000000000037228      0x248 build/cooja/contiki-ng-cooja.a(coap-uip.o)
                                        0x260 (size before relaxing)
 .eh_frame      0x0000000000037470      0x6e8 build/cooja/contiki-ng-cooja.a(coap.o)
                                        0x700 (size before relaxing)
 .eh_frame      0x0000000000037b58       0x20 build/cooja/contiki-ng-cooja.a(contiki-main.o)
                                         0x38 (size before relaxing)
 .eh_frame      0x0000000000037b78       0x40 build/cooja/contiki-ng-cooja.a(autostart.o)
                                         0x58 (size before relaxing)
 .eh_frame      0x0000000000037bb8      0x100 build/cooja/contiki-ng-cooja.a(ctimer.o)
                                        0x118 (size before relaxing)
 .eh_frame      0x0000000000037cb8       0x60 build/cooja/contiki-ng-cooja.a(energest.o)
                                         0x78 (size before relaxing)
 .eh_frame      0x0000000000037d18      0x1e0 build/cooja/contiki-ng-cooja.a(etimer.o)
                                        0x1f8 (size before relaxing)
 .eh_frame      0x0000000000037ef8      0x120 build/cooja/contiki-ng-cooja.a(log.o)
                                        0x138 (size before relaxing)
 .eh_frame      0x0000000000038018       0x20 build/cooja/contiki-ng-cooja.a(node-id.o)
                                         0x38 (size before relaxing)
 .eh_frame      0x0000000000038038      0x1c8 build/cooja/contiki-ng-cooja.a(process.o)
                                        0x1e0 (size before relaxing)
 .eh_frame      0x0000000000038200       0x60 build/cooja/contiki-ng-cooja.a(rtimer.o)
                                         0x78 (size before relaxing)
 .eh_frame      0x0000000000038260       0xa0 build/cooja/contiki-ng-cooja.a(timer.o)
                                         0xb8 (size before relaxing)
 .eh_frame      0x0000000000038300      0x1a0 build/cooja/contiki-ng-cooja.a(list.o)
                                        0x1b8 (size before relaxing)
 .eh_frame      0x00000000000384a0       0xa0 build/cooja/contiki-ng-cooja.a(memb.o)
                                         0xb8 (size before relaxing)
 .eh_frame      0x0000000000038540      0x160 build/cooja/contiki-ng-cooja.a(button-hal.o)
                                        0x178 (size before relaxing)
 .eh_frame      0x00000000000386a0       0xe0 build/cooja/contiki-ng-cooja.a(gpio-hal.o)
                                         0xf8 (size before relaxing)
 .eh_frame      0x0000000000038780       0x60 build/cooja/contiki-ng-cooja.a(serial-line.o)
                                         0x78 (size before relaxing)
 .eh_frame      0x00000000000387e0       0x60 build/cooja/contiki-ng-cooja.a(linkaddr.o)
                                         0x78 (size before relaxing)
 .eh_frame      0x0000000000038840       0x80 build/cooja/contiki-ng-cooja.a(netstack.o)
                                         0x98 (size before relaxing)
 .eh_frame      0x00000000000388c0      0x288 build/cooja/contiki-ng-cooja.a(packetbuf.o)
                                        0x2a0 (size before relaxing)
 .eh_frame      0x0000000000038b48      0x1a0 build/cooja/contiki-ng-cooja.a(queuebuf.o)
                                        0x1b8 (size before relaxing)
 .eh_frame      0x0000000000038ce8       0x40 build/cooja/contiki-ng-cooja.a(printf.o)
                                         0x58 (size before relaxing)
 .eh_frame      0x0000000000038d28       0x20 build/cooja/contiki-ng-cooja.a(putchar.o)
                                         0x38 (size before relaxing)
 .eh_frame      0x0000000000038d48       0x20 build/cooja/contiki-ng-cooja.a(puts.o)
                                         0x38 (size before relaxing)
 .eh_frame      0x0000000000038d68       0x60 build/cooja/contiki-ng-cooja.a(snprintf.o)
                                         0x78 (size before relaxing)
 .eh_frame      0x0000000000038dc8      0x120 build/cooja/contiki-ng-cooja.a(strformat.o)
                                        0x138 (size before relaxing)
 .eh_frame      0x0000000000038ee8       0xe0 build/cooja/contiki-ng-cooja.a(csma.o)
                                         0xf8 (size before relaxing)
 .eh_frame      0x0000000000038fc8      0x2e0 build/cooja/contiki-ng-cooja.a(sicslowpan.o)
                                        0x2f8 (size before relaxing)
 .eh_frame      0x00000000000392a8      0x248 build/cooja/contiki-ng-cooja.a(tcpip.o)
                                        0x260 (size before relaxing)
 .eh_frame      0x00000000000394f0      0x1c0 build/cooja/contiki-ng-cooja.a(uip-ds6-nbr.o)
                                        0x1d8 (size before relaxing)
 .eh_frame      0x00000000000396b0      0x300 build/cooja/contiki-ng-cooja.a(uip-ds6-route.o)
                                        0x318 (size before relaxing)
 .eh_frame      0x00000000000399b0      0x328 build/cooja/contiki-ng-cooja.a(uip-ds6.o)
                                        0x340 (size before relaxing)
 .eh_frame      0x0000000000039cd8       0xe0 build/cooja/contiki-ng-cooja.a(uip-packetqueue.o)
                                         0xf8 (size before relaxing)
 .eh_frame      0x0000000000039db8       0x40 build/cooja/contiki-ng-cooja.a(uip-udp-packet.o)
                                         0x58 (size before relaxing)
 .eh_frame      0x0000000000039df8      0x1e8 build/cooja/contiki-ng-cooja.a(uip6.o)
                                        0x200 (size before relaxing)
 .eh_frame      0x0000000000039fe0      0x200 build/cooja/contiki-ng-cooja.a(uipbuf.o)
                                        0x218 (size before relaxing)
 .eh_frame      0x000000000003a1e0       0x80 build/cooja/contiki-ng-cooja.a(uiplib.o)
                                         0x98 (size before relaxing)
 .eh_frame      0x000000000003a260      0x1e0 build/cooja/contiki-ng-cooja.a(rpl.o)
                                        0x1f8 (size before relaxing)
 .eh_frame      0x000000000003a440       0xa0 build/cooja/contiki-ng-cooja.a(watchdog.o)
                                         0xb8 (size before relaxing)
 .eh_frame      0x000000000003a4e0       0x80 build/cooja/contiki-ng-cooja.a(int-master.o)
                                         0x98 (size before relaxing)
 .eh_frame      0x000000000003a560       0xa0 build/cooja/contiki-ng-cooja.a(coap-timer-default.o)
                                         0xb8 (size before relaxing)
 .eh_frame      0x000000000003a600       0xc0 build/cooja/contiki-ng-cooja.a(stimer.o)
                                         0xd8 (size before relaxing)
 .eh_frame      0x000000000003a6c0       0xa0 build/cooja/contiki-ng-cooja.a(ringbuf.o)
                                         0xb8 (size before relaxing)
 .eh_frame      0x000000000003a760      0x120 build/cooja/contiki-ng-cooja.a(link-stats.o)
                                        0x138 (size before relaxing)
 .eh_frame      0x000000000003a880      0x3e0 build/cooja/contiki-ng-cooja.a(nbr-table.o)
                                        0x3f8 (size before relaxing)
 .eh_frame      0x000000000003ac60       0x48 build/cooja/contiki-ng-cooja.a(mac-sequence.o)
                                         0x60 (size before relaxing)
 .eh_frame      0x000000000003aca8       0xa8 build/cooja/contiki-ng-cooja.a(framer-802154.o)
                                         0xc0 (size before relaxing)
 .eh_frame      0x000000000003ad50      0x1c8 build/cooja/contiki-ng-cooja.a(csma-output.o)
                                        0x1e0 (size before relaxing)
 .eh_frame      0x000000000003af18       0x40 build/cooja/contiki-ng-cooja.a(csma-security.o)
                                         0x58 (size before relaxing)
 .eh_frame      0x000000000003af58      0x148 build/cooja/contiki-ng-cooja.a(uip-icmp6.o)
                                        0x160 (size before relaxing)
 .eh_frame      0x000000000003b0a0       0x80 build/cooja/contiki-ng-cooja.a(uip-nd6.o)
                                         0x98 (size before relaxing)
 .eh_frame      0x000000000003b120      0x180 build/cooja/contiki-ng-cooja.a(uip-sr.o)
                                        0x198 (size before relaxing)
 .eh_frame      0x000000000003b2a0       0xa0 build/cooja/contiki-ng-cooja.a(rpl-dag-root.o)
                                         0xb8 (size before relaxing)
 .eh_frame      0x000000000003b340      0x360 build/cooja/contiki-ng-cooja.a(rpl-dag.o)
                                        0x378 (size before relaxing)
 .eh_frame      0x000000000003b6a0      0x128 build/cooja/contiki-ng-cooja.a(rpl-ext-header.o)
                                        0x140 (size before relaxing)
 .eh_frame      0x000000000003b7c8      0x1c0 build/cooja/contiki-ng-cooja.a(rpl-icmp6.o)
                                        0x1d8 (size before relaxing)
 .eh_frame      0x000000000003b988      0x148 build/cooja/contiki-ng-cooja.a(rpl-mrhof.o)
                                        0x160 (size before relaxing)
 .eh_frame      0x000000000003bad0       0x40 build/cooja/contiki-ng-cooja.a(rpl-nbr-policy.o)
                                         0x58 (size before relaxing)
 .eh_frame      0x000000000003bb10      0x2b0 build/cooja/contiki-ng-cooja.a(rpl-neighbor.o)
                                        0x2c8 (size before relaxing)
 .eh_frame      0x000000000003bdc0      0x3a8 build/cooja/contiki-ng-cooja.a(rpl-timers.o)
                                        0x3c0 (size before relaxing)
 .eh_frame      0x000000000003c168       0x20 build/cooja/contiki-ng-cooja.a(assert.o)
                                         0x38 (size before relaxing)
 .eh_frame      0x000000000003c188       0x20 build/cooja/contiki-ng-cooja.a(mac.o)
                                         0x38 (size before relaxing)
 .eh_frame      0x000000000003c1a8      0x1a4 build/cooja/contiki-ng-cooja.a(frame802154.o)
                                        0x1c0 (size before relaxing)
 .eh_frame      0x000000000003c34c        0x4 /usr/lib/gcc/x86_64-linux-gnu/11/crtendS.o
 *(.eh_frame.*)

.gcc_except_table
 *(.gcc_except_table .gcc_except_table.*)

.gnu_extab
 *(.gnu_extab*)

.exception_ranges
 *(.exception_ranges*)
                0x000000000003d690                . = DATA_SEGMENT_ALIGN (CONSTANT (MAXPAGESIZE), CONSTANT (COMMONPAGESIZE))

.eh_frame
 *(.eh_frame)
 *(.eh_frame.*)

.gnu_extab
 *(.gnu_extab)

.gcc_except_table
 *(.gcc_except_table .gcc_except_table.*)

.exception_ranges
 *(.exception_ranges*)

.tdata
 *(.tdata .tdata.* .gnu.linkonce.td.*)

.tbss
 *(.tbss .tbss.* .gnu.linkonce.tb.*)
 *(.tcommon)

.preinit_array
 *(.preinit_array)

.init_array     0x000000000003d690        0x8
 *(SORT_BY_INIT_PRIORITY(.init_array.*) SORT_BY_INIT_PRIORITY(.ctors.*))
 *(.init_array EXCLUDE_FILE(*crtend?.o *crtend.o *crtbegin?.o *crtbegin.o) .ctors)
 .init_array    0x000000000003d690        0x8 /usr/lib/gcc/x86_64-linux-gnu/11/crtbeginS.o

.fini_array     0x000000000003d698        0x8
 *(SORT_BY_INIT_PRIORITY(.fini_array.*) SORT_BY_INIT_PRIORITY(.dtors.*))
 *(.fini_array EXCLUDE_FILE(*crtend?.o *crtend.o *crtbegin?.o *crtbegin.o) .dtors)
 .fini_array    0x000000000003d698        0x8 /usr/lib/gcc/x86_64-linux-gnu/11/crtbeginS.o

.ctors
 *crtbegin.o(.ctors)
 *crtbegin?.o(.ctors)
 *(EXCLUDE_FILE(*crtend?.o *crtend.o) .ctors)
 *(SORT_BY_NAME(.ctors.*))
 *(.ctors)

.dtors
 *crtbegin.o(.dtors)
 *crtbegin?.o(.dtors)
 *(EXCLUDE_FILE(*crtend?.o *crtend.o) .dtors)
 *(SORT_BY_NAME(.dtors.*))
 *(.dtors)

.jcr
 *(.jcr)

.data.rel.ro    0x000000000003d6a0      0x370
 *(.data.rel.ro.local* .gnu.linkonce.d.rel.ro.local.*)
 .data.rel.ro.local
                0x000000000003d6a0       0x10 build/cooja/contiki-ng-cooja.a(beep.o)
                0x000000000003d6a0                beep_interface
 .data.rel.ro.local
                0x000000000003d6b0       0x10 build/cooja/contiki-ng-cooja.a(leds-arch.o)
                0x000000000003d6b0                leds_interface
 .data.rel.ro.local
                0x000000000003d6c0       0x10 build/cooja/contiki-ng-cooja.a(moteid.o)
                0x000000000003d6c0                moteid_interface
 *fill*         0x000000000003d6d0       0x10 
 .data.rel.ro.local
                0x000000000003d6e0       0x40 build/cooja/contiki-ng-cooja.a(pir-sensor.o)
                0x000000000003d6e0                pir_interface
                0x000000000003d700                pir_sensor
 .data.rel.ro.local
                0x000000000003d720       0x10 build/cooja/contiki-ng-cooja.a(rs232.o)
                0x000000000003d720                rs232_interface
 *fill*         0x000000000003d730       0x10 
 .data.rel.ro.local
                0x000000000003d740       0x40 build/cooja/contiki-ng-cooja.a(vib-sensor.o)
                0x000000000003d740                vib_interface
                0x000000000003d760                vib_sensor
 .data.rel.ro.local
                0x000000000003d780       0x10 build/cooja/contiki-ng-cooja.a(clock.o)
                0x000000000003d780                clock_interface
 .data.rel.ro.local
                0x000000000003d790       0x10 build/cooja/contiki-ng-cooja.a(cooja-log.o)
                0x000000000003d790                simlog_interface
 .data.rel.ro.local
                0x000000000003d7a0       0x10 build/cooja/contiki-ng-cooja.a(cfs-cooja.o)
                0x000000000003d7a0                cfs_interface
 *fill*         0x000000000003d7b0       0x10 
 .data.rel.ro.local
                0x000000000003d7c0       0x90 build/cooja/contiki-ng-cooja.a(cooja-radio.o)
                0x000000000003d7c0                radio_interface
                0x000000000003d7e0                cooja_radio_driver
 .data.rel.ro.local
                0x000000000003d850       0x10 build/cooja/contiki-ng-cooja.a(eeprom.o)
                0x000000000003d850                eeprom_interface
 .data.rel.ro.local
                0x000000000003d860       0x40 build/cooja/contiki-ng-cooja.a(buttons.o)
                0x000000000003d860                button_interface
                0x000000000003d880                button_sensor
 .data.rel.ro.local
                0x000000000003d8a0       0x38 build/cooja/contiki-ng-cooja.a(csma.o)
                0x000000000003d8a0                csma_driver
 *fill*         0x000000000003d8d8        0x8 
 .data.rel.ro.local
                0x000000000003d8e0       0x18 build/cooja/contiki-ng-cooja.a(coap-timer-default.o)
                0x000000000003d8e0                coap_timer_default_driver
 *fill*         0x000000000003d8f8        0x8 
 .data.rel.ro.local
                0x000000000003d900       0x18 build/cooja/contiki-ng-cooja.a(framer-802154.o)
                0x000000000003d900                framer_802154
 *(.data.rel.ro .data.rel.ro.* .gnu.linkonce.d.rel.ro.*)
 .data.rel.ro   0x000000000003d918        0x0 /usr/lib/gcc/x86_64-linux-gnu/11/../../../x86_64-linux-gnu/crti.o
 *fill*         0x000000000003d918        0x8 
 .data.rel.ro   0x000000000003d920       0x10 actuatorNode.o
                0x000000000003d920                autostart_processes
 *fill*         0x000000000003d930       0x10 
 .data.rel.ro   0x000000000003d940       0x20 build/cooja/contiki-ng-cooja.a(sicslowpan.o)
                0x000000000003d940                sicslowpan_driver
 .data.rel.ro   0x000000000003d960       0xa8 build/cooja/contiki-ng-cooja.a(rpl.o)
                0x000000000003d960                rpl_lite_driver
 .data.rel.ro   0x000000000003da08        0x8 build/cooja/contiki-ng-cooja.a(rpl-dag.o)

.dynamic        0x000000000003da10      0x1c0
 *(.dynamic)
 .dynamic       0x000000000003da10      0x1c0 /usr/lib/gcc/x86_64-linux-gnu/11/../../../x86_64-linux-gnu/crti.o
                0x000000000003da10                _DYNAMIC

.got            0x000000000003dbd0      0x420
 *(.got)
 .got           0x000000000003dbd0      0x420 /usr/lib/gcc/x86_64-linux-gnu/11/../../../x86_64-linux-gnu/crti.o
 *(.igot)
                0x000000000003efe8                . = DATA_SEGMENT_RELRO_END (., (SIZEOF (.got.plt) >= 0x18)?0x18:0x0)

.got.plt        0x000000000003e000      0xc90
 *(.got.plt)
 .got.plt       0x000000000003e000      0xc90 /usr/lib/gcc/x86_64-linux-gnu/11/../../../x86_64-linux-gnu/crti.o
                0x000000000003e000                _GLOBAL_OFFSET_TABLE_
 *(.igot.plt)

.data           0x000000000003eca0      0x932
 *(.data .data.* .gnu.linkonce.d.*)
 .data          0x000000000003eca0        0x0 /usr/lib/gcc/x86_64-linux-gnu/11/../../../x86_64-linux-gnu/crti.o
 .data          0x000000000003eca0        0x0 /usr/lib/gcc/x86_64-linux-gnu/11/crtbeginS.o
 .data.rel.local
                0x000000000003eca0        0x8 /usr/lib/gcc/x86_64-linux-gnu/11/crtbeginS.o
                0x000000000003eca0                __dso_handle
 .data          0x000000000003eca8        0x0 actuatorNode.o
 *fill*         0x000000000003eca8       0x18 
 .data.rel.local
                0x000000000003ecc0       0x40 actuatorNode.o
                0x000000000003ecc0                service_url
                0x000000000003ece0                light_server
 .data          0x000000000003ed00        0x0 build/cooja/mtype923740799.o
 .data.rel      0x000000000003ed00       0xa0 build/cooja/mtype923740799.o
                0x000000000003ed00                simInterfaces
                0x000000000003ed80                sensors
 .data          0x000000000003eda0        0x0 build/cooja/contiki-ng-cooja.a(simEnvChange.o)
 .data          0x000000000003eda0        0x0 build/cooja/contiki-ng-cooja.a(cooja_mt.o)
 .data          0x000000000003eda0        0x0 build/cooja/contiki-ng-cooja.a(cooja_mtarch.o)
 .data          0x000000000003eda0        0x0 build/cooja/contiki-ng-cooja.a(rtimer-arch.o)
 .data          0x000000000003eda0        0x0 build/cooja/contiki-ng-cooja.a(beep.o)
 .data          0x000000000003eda0        0x0 build/cooja/contiki-ng-cooja.a(leds-arch.o)
 .data          0x000000000003eda0        0x0 build/cooja/contiki-ng-cooja.a(moteid.o)
 .data          0x000000000003eda0        0x0 build/cooja/contiki-ng-cooja.a(pir-sensor.o)
 .data          0x000000000003eda0        0x0 build/cooja/contiki-ng-cooja.a(rs232.o)
 .data          0x000000000003eda0        0x0 build/cooja/contiki-ng-cooja.a(vib-sensor.o)
 .data          0x000000000003eda0        0x0 build/cooja/contiki-ng-cooja.a(clock.o)
 .data          0x000000000003eda0        0x0 build/cooja/contiki-ng-cooja.a(cooja-log.o)
 .data          0x000000000003eda0        0x0 build/cooja/contiki-ng-cooja.a(cfs-cooja.o)
 .data          0x000000000003eda0       0x20 build/cooja/contiki-ng-cooja.a(cooja-radio.o)
                0x000000000003eda0                simRadioHWOn
                0x000000000003eda4                simSignalStrength
                0x000000000003eda8                simLastSignalStrength
                0x000000000003edac                simPower
                0x000000000003edb0                simRadioChannel
                0x000000000003edb4                simLQI
                0x000000000003edb8                simLastLQI
 .data.rel.local
                0x000000000003edc0       0x20 build/cooja/contiki-ng-cooja.a(cooja-radio.o)
                0x000000000003edc0                cooja_radio_process
 .data          0x000000000003ede0        0x0 build/cooja/contiki-ng-cooja.a(eeprom.o)
 .data          0x000000000003ede0        0x0 build/cooja/contiki-ng-cooja.a(random.o)
 .data          0x000000000003ede0        0x0 build/cooja/contiki-ng-cooja.a(sensors.o)
 .data.rel.local
                0x000000000003ede0       0x20 build/cooja/contiki-ng-cooja.a(sensors.o)
                0x000000000003ede0                sensors_process
 .data          0x000000000003ee00        0x0 build/cooja/contiki-ng-cooja.a(leds.o)
 .data          0x000000000003ee00        0x0 build/cooja/contiki-ng-cooja.a(gpio-hal-arch.o)
 .data          0x000000000003ee00        0x1 build/cooja/contiki-ng-cooja.a(buttons.o)
                0x000000000003ee00                simButtonIsActive
 *fill*         0x000000000003ee01       0x1f 
 .data.rel.local
                0x000000000003ee20       0xb0 build/cooja/contiki-ng-cooja.a(buttons.o)
                0x000000000003eec0                button_hal_buttons
 .data          0x000000000003eed0        0x0 build/cooja/contiki-ng-cooja.a(actuator.o)
 *fill*         0x000000000003eed0       0x10 
 .data.rel.local
                0x000000000003eee0       0x48 build/cooja/contiki-ng-cooja.a(actuator.o)
                0x000000000003eee0                res_light_switch
 .data          0x000000000003ef28        0x0 build/cooja/contiki-ng-cooja.a(coap-blocking-api.o)
 .data          0x000000000003ef28        0x0 build/cooja/contiki-ng-cooja.a(coap-engine.o)
 .data.rel.local
                0x000000000003ef28       0x10 build/cooja/contiki-ng-cooja.a(coap-engine.o)
 .data          0x000000000003ef38        0x0 build/cooja/contiki-ng-cooja.a(coap-observe.o)
 *fill*         0x000000000003ef38        0x8 
 .data.rel.local
                0x000000000003ef40       0x20 build/cooja/contiki-ng-cooja.a(coap-observe.o)
 .data          0x000000000003ef60        0x0 build/cooja/contiki-ng-cooja.a(coap-res-well-known-core.o)
 .data.rel.local
                0x000000000003ef60       0x48 build/cooja/contiki-ng-cooja.a(coap-res-well-known-core.o)
                0x000000000003ef60                res_well_known_core
 .data          0x000000000003efa8        0x0 build/cooja/contiki-ng-cooja.a(coap-timer.o)
 .data.rel.local
                0x000000000003efa8        0x8 build/cooja/contiki-ng-cooja.a(coap-timer.o)
 .data          0x000000000003efb0        0x0 build/cooja/contiki-ng-cooja.a(coap-transactions.o)
 .data.rel.local
                0x000000000003efb0       0x20 build/cooja/contiki-ng-cooja.a(coap-transactions.o)
 .data          0x000000000003efd0        0x0 build/cooja/contiki-ng-cooja.a(coap-uip.o)
 *fill*         0x000000000003efd0       0x10 
 .data.rel.local
                0x000000000003efe0       0x20 build/cooja/contiki-ng-cooja.a(coap-uip.o)
                0x000000000003efe0                coap_engine
 .data          0x000000000003f000        0x0 build/cooja/contiki-ng-cooja.a(coap.o)
 .data.rel.local
                0x000000000003f000        0x8 build/cooja/contiki-ng-cooja.a(coap.o)
                0x000000000003f000                coap_error_message
 .data          0x000000000003f008        0x0 build/cooja/contiki-ng-cooja.a(contiki-main.o)
 .data          0x000000000003f008        0x0 build/cooja/contiki-ng-cooja.a(autostart.o)
 .data          0x000000000003f008        0x0 build/cooja/contiki-ng-cooja.a(ctimer.o)
 *fill*         0x000000000003f008       0x18 
 .data.rel.local
                0x000000000003f020       0x40 build/cooja/contiki-ng-cooja.a(ctimer.o)
                0x000000000003f040                ctimer_process
 .data          0x000000000003f060        0x0 build/cooja/contiki-ng-cooja.a(energest.o)
 .data          0x000000000003f060        0x0 build/cooja/contiki-ng-cooja.a(etimer.o)
 .data.rel.local
                0x000000000003f060       0x20 build/cooja/contiki-ng-cooja.a(etimer.o)
                0x000000000003f060                etimer_process
 .data          0x000000000003f080        0x4 build/cooja/contiki-ng-cooja.a(log.o)
                0x000000000003f080                curr_log_level_main
 *fill*         0x000000000003f084       0x1c 
 .data.rel      0x000000000003f0a0      0x138 build/cooja/contiki-ng-cooja.a(log.o)
                0x000000000003f0a0                all_modules
 .data          0x000000000003f1d8        0x0 build/cooja/contiki-ng-cooja.a(node-id.o)
 .data          0x000000000003f1d8        0x0 build/cooja/contiki-ng-cooja.a(process.o)
 .data          0x000000000003f1d8        0x0 build/cooja/contiki-ng-cooja.a(rtimer.o)
 .data          0x000000000003f1d8        0x0 build/cooja/contiki-ng-cooja.a(timer.o)
 .data          0x000000000003f1d8        0x0 build/cooja/contiki-ng-cooja.a(list.o)
 .data          0x000000000003f1d8        0x0 build/cooja/contiki-ng-cooja.a(memb.o)
 .data          0x000000000003f1d8        0x0 build/cooja/contiki-ng-cooja.a(button-hal.o)
 *fill*         0x000000000003f1d8        0x8 
 .data.rel.local
                0x000000000003f1e0       0x20 build/cooja/contiki-ng-cooja.a(button-hal.o)
                0x000000000003f1e0                button_hal_process
 .data          0x000000000003f200        0x0 build/cooja/contiki-ng-cooja.a(gpio-hal.o)
 .data.rel.local
                0x000000000003f200        0x8 build/cooja/contiki-ng-cooja.a(gpio-hal.o)
 .data          0x000000000003f208        0x0 build/cooja/contiki-ng-cooja.a(serial-line.o)
 *fill*         0x000000000003f208       0x18 
 .data.rel.local
                0x000000000003f220       0x20 build/cooja/contiki-ng-cooja.a(serial-line.o)
                0x000000000003f220                serial_line_process
 .data          0x000000000003f240        0x0 build/cooja/contiki-ng-cooja.a(linkaddr.o)
 .data          0x000000000003f240        0x0 build/cooja/contiki-ng-cooja.a(netstack.o)
 .data.rel.local
                0x000000000003f240        0x8 build/cooja/contiki-ng-cooja.a(netstack.o)
 .data          0x000000000003f248        0x0 build/cooja/contiki-ng-cooja.a(packetbuf.o)
 .data.rel.local
                0x000000000003f248        0x8 build/cooja/contiki-ng-cooja.a(packetbuf.o)
 .data          0x000000000003f250        0x0 build/cooja/contiki-ng-cooja.a(queuebuf.o)
 .data.rel.local
                0x000000000003f250       0x38 build/cooja/contiki-ng-cooja.a(queuebuf.o)
 .data          0x000000000003f288        0x0 build/cooja/contiki-ng-cooja.a(printf.o)
 *fill*         0x000000000003f288        0x8 
 .data.rel.local
                0x000000000003f290       0x10 build/cooja/contiki-ng-cooja.a(printf.o)
 .data          0x000000000003f2a0        0x0 build/cooja/contiki-ng-cooja.a(putchar.o)
 .data          0x000000000003f2a0        0x0 build/cooja/contiki-ng-cooja.a(puts.o)
 .data          0x000000000003f2a0        0x0 build/cooja/contiki-ng-cooja.a(snprintf.o)
 .data          0x000000000003f2a0        0x0 build/cooja/contiki-ng-cooja.a(strformat.o)
 .data          0x000000000003f2a0        0x0 build/cooja/contiki-ng-cooja.a(csma.o)
 .data          0x000000000003f2a0        0x0 build/cooja/contiki-ng-cooja.a(sicslowpan.o)
 .data          0x000000000003f2a0        0x0 build/cooja/contiki-ng-cooja.a(tcpip.o)
 .data.rel.local
                0x000000000003f2a0       0x20 build/cooja/contiki-ng-cooja.a(tcpip.o)
                0x000000000003f2a0                tcpip_process
 .data          0x000000000003f2c0        0x0 build/cooja/contiki-ng-cooja.a(uip-ds6-nbr.o)
 .data.rel.local
                0x000000000003f2c0       0x20 build/cooja/contiki-ng-cooja.a(uip-ds6-nbr.o)
 .data          0x000000000003f2e0        0x0 build/cooja/contiki-ng-cooja.a(uip-ds6-route.o)
 .data.rel.local
                0x000000000003f2e0       0x80 build/cooja/contiki-ng-cooja.a(uip-ds6-route.o)
                0x000000000003f2f8                nbr_routes
 .data          0x000000000003f360        0x0 build/cooja/contiki-ng-cooja.a(uip-ds6.o)
 .data          0x000000000003f360        0x0 build/cooja/contiki-ng-cooja.a(uip-packetqueue.o)
 .data.rel.local
                0x000000000003f360       0x18 build/cooja/contiki-ng-cooja.a(uip-packetqueue.o)
 .data          0x000000000003f378        0x0 build/cooja/contiki-ng-cooja.a(uip-udp-packet.o)
 .data          0x000000000003f378        0x0 build/cooja/contiki-ng-cooja.a(uip6.o)
 .data          0x000000000003f378        0x0 build/cooja/contiki-ng-cooja.a(uipbuf.o)
 .data          0x000000000003f378        0x0 build/cooja/contiki-ng-cooja.a(uiplib.o)
 .data          0x000000000003f378        0x0 build/cooja/contiki-ng-cooja.a(rpl.o)
 .data          0x000000000003f378        0x0 build/cooja/contiki-ng-cooja.a(watchdog.o)
 .data          0x000000000003f378        0x0 build/cooja/contiki-ng-cooja.a(int-master.o)
 .data          0x000000000003f378        0x0 build/cooja/contiki-ng-cooja.a(coap-timer-default.o)
 *fill*         0x000000000003f378        0x8 
 .data.rel.local
                0x000000000003f380       0x20 build/cooja/contiki-ng-cooja.a(coap-timer-default.o)
                0x000000000003f380                coap_timer_process
 .data          0x000000000003f3a0        0x0 build/cooja/contiki-ng-cooja.a(stimer.o)
 .data          0x000000000003f3a0        0x0 build/cooja/contiki-ng-cooja.a(ringbuf.o)
 .data          0x000000000003f3a0        0x0 build/cooja/contiki-ng-cooja.a(link-stats.o)
 .data.rel.local
                0x000000000003f3a0       0x20 build/cooja/contiki-ng-cooja.a(link-stats.o)
 .data          0x000000000003f3c0        0x0 build/cooja/contiki-ng-cooja.a(nbr-table.o)
 .data.rel.local
                0x000000000003f3c0       0x20 build/cooja/contiki-ng-cooja.a(nbr-table.o)